Component: ARM Compiler 5.06 update 6 (build 750) Tool: armlink [4d35ed]

==============================================================================

Section Cross References

    startup_stm32f407xx.o(RESET) refers to startup_stm32f407xx.o(STACK) for __initial_sp
    startup_stm32f407xx.o(RESET) refers to startup_stm32f407xx.o(.text) for Reset_Handler
    startup_stm32f407xx.o(RESET) refers to stm32f4xx_it.o(i.NMI_Handler) for NMI_Handler
    startup_stm32f407xx.o(RESET) refers to stm32f4xx_it.o(i.HardFault_Handler) for HardFault_Handler
    startup_stm32f407xx.o(RESET) refers to stm32f4xx_it.o(i.MemManage_Handler) for MemManage_Handler
    startup_stm32f407xx.o(RESET) refers to stm32f4xx_it.o(i.BusFault_Handler) for BusFault_Handler
    startup_stm32f407xx.o(RESET) refers to stm32f4xx_it.o(i.UsageFault_Handler) for UsageFault_Handler
    startup_stm32f407xx.o(RESET) refers to port.o(.emb_text) for SVC_Handler
    startup_stm32f407xx.o(RESET) refers to stm32f4xx_it.o(i.DebugMon_Handler) for DebugMon_Handler
    startup_stm32f407xx.o(RESET) refers to port.o(i.SysTick_Handler) for SysTick_Handler
    startup_stm32f407xx.o(RESET) refers to stm32f4xx_it.o(i.EXTI0_IRQHandler) for EXTI0_IRQHandler
    startup_stm32f407xx.o(RESET) refers to stm32f4xx_it.o(i.EXTI3_IRQHandler) for EXTI3_IRQHandler
    startup_stm32f407xx.o(RESET) refers to stm32f4xx_it.o(i.EXTI4_IRQHandler) for EXTI4_IRQHandler
    startup_stm32f407xx.o(RESET) refers to stm32f4xx_it.o(i.DMA1_Stream1_IRQHandler) for DMA1_Stream1_IRQHandler
    startup_stm32f407xx.o(RESET) refers to stm32f4xx_it.o(i.CAN1_TX_IRQHandler) for CAN1_TX_IRQHandler
    startup_stm32f407xx.o(RESET) refers to stm32f4xx_it.o(i.CAN1_RX0_IRQHandler) for CAN1_RX0_IRQHandler
    startup_stm32f407xx.o(RESET) refers to stm32f4xx_it.o(i.EXTI9_5_IRQHandler) for EXTI9_5_IRQHandler
    startup_stm32f407xx.o(RESET) refers to stm32f4xx_it.o(i.TIM1_UP_TIM10_IRQHandler) for TIM1_UP_TIM10_IRQHandler
    startup_stm32f407xx.o(RESET) refers to stm32f4xx_it.o(i.TIM8_TRG_COM_TIM14_IRQHandler) for TIM8_TRG_COM_TIM14_IRQHandler
    startup_stm32f407xx.o(RESET) refers to stm32f4xx_it.o(i.DMA2_Stream1_IRQHandler) for DMA2_Stream1_IRQHandler
    startup_stm32f407xx.o(RESET) refers to sensor_task.o(i.DMA2_Stream2_IRQHandler) for DMA2_Stream2_IRQHandler
    startup_stm32f407xx.o(RESET) refers to stm32f4xx_it.o(i.DMA2_Stream3_IRQHandler) for DMA2_Stream3_IRQHandler
    startup_stm32f407xx.o(RESET) refers to stm32f4xx_it.o(i.CAN2_TX_IRQHandler) for CAN2_TX_IRQHandler
    startup_stm32f407xx.o(RESET) refers to stm32f4xx_it.o(i.CAN2_RX1_IRQHandler) for CAN2_RX1_IRQHandler
    startup_stm32f407xx.o(RESET) refers to stm32f4xx_it.o(i.OTG_FS_IRQHandler) for OTG_FS_IRQHandler
    startup_stm32f407xx.o(RESET) refers to stm32f4xx_it.o(i.DMA2_Stream5_IRQHandler) for DMA2_Stream5_IRQHandler
    startup_stm32f407xx.o(RESET) refers to stm32f4xx_it.o(i.DMA2_Stream6_IRQHandler) for DMA2_Stream6_IRQHandler
    startup_stm32f407xx.o(RESET) refers to stm32f4xx_it.o(i.DMA2_Stream7_IRQHandler) for DMA2_Stream7_IRQHandler
    startup_stm32f407xx.o(RESET) refers to referee_usart_task.o(i.USART6_IRQHandler) for USART6_IRQHandler
    startup_stm32f407xx.o(.text) refers to system_stm32f4xx.o(i.SystemInit) for SystemInit
    startup_stm32f407xx.o(.text) refers to entry.o(.ARM.Collect$$$$00000000) for __main
    main.o(i.HAL_TIM_PeriodElapsedCallback) refers to stm32f4xx_hal.o(i.HAL_IncTick) for HAL_IncTick
    main.o(i.SystemClock_Config) refers to memseta.o(.text) for __aeabi_memclr4
    main.o(i.SystemClock_Config) refers to stm32f4xx_hal_rcc.o(i.HAL_RCC_OscConfig) for HAL_RCC_OscConfig
    main.o(i.SystemClock_Config) refers to stm32f4xx_hal_rcc.o(i.HAL_RCC_ClockConfig) for HAL_RCC_ClockConfig
    main.o(i.main) refers to stm32f4xx_hal.o(i.HAL_Init) for HAL_Init
    main.o(i.main) refers to main.o(i.SystemClock_Config) for SystemClock_Config
    main.o(i.main) refers to gpio.o(i.MX_GPIO_Init) for MX_GPIO_Init
    main.o(i.main) refers to dma.o(i.MX_DMA_Init) for MX_DMA_Init
    main.o(i.main) refers to can.o(i.MX_CAN1_Init) for MX_CAN1_Init
    main.o(i.main) refers to can.o(i.MX_CAN2_Init) for MX_CAN2_Init
    main.o(i.main) refers to spi.o(i.MX_SPI1_Init) for MX_SPI1_Init
    main.o(i.main) refers to tim.o(i.MX_TIM3_Init) for MX_TIM3_Init
    main.o(i.main) refers to tim.o(i.MX_TIM5_Init) for MX_TIM5_Init
    main.o(i.main) refers to usart.o(i.MX_USART1_UART_Init) for MX_USART1_UART_Init
    main.o(i.main) refers to usart.o(i.MX_USART3_UART_Init) for MX_USART3_UART_Init
    main.o(i.main) refers to i2c.o(i.MX_I2C3_Init) for MX_I2C3_Init
    main.o(i.main) refers to usart.o(i.MX_USART6_UART_Init) for MX_USART6_UART_Init
    main.o(i.main) refers to tim.o(i.MX_TIM10_Init) for MX_TIM10_Init
    main.o(i.main) refers to adc.o(i.MX_ADC1_Init) for MX_ADC1_Init
    main.o(i.main) refers to tim.o(i.MX_TIM1_Init) for MX_TIM1_Init
    main.o(i.main) refers to can_receive.o(i.CAN1_Init) for CAN1_Init
[...]
    __microlib_freelist_initialised          0x20000420   Data           4  mvars.o(.data)
    hadc1                                    0x20000ad0   Data          72  adc.o(.bss)
    hcan1                                    0x20000b18   Data          40  can.o(.bss)
    hcan2                                    0x20000b40   Data          40  can.o(.bss)
    hi2c3                                    0x20000b68   Data          84  i2c.o(.bss)
    hspi1                                    0x20000bbc   Data          88  spi.o(.bss)
    hdma_spi1_rx                             0x20000c14   Data          96  spi.o(.bss)
    hdma_spi1_tx                             0x20000c74   Data          96  spi.o(.bss)
    htim1                                    0x20000cd4   Data          72  tim.o(.bss)
    htim3                                    0x20000d1c   Data          72  tim.o(.bss)
    htim5                                    0x20000d64   Data          72  tim.o(.bss)
    htim10                                   0x20000dac   Data          72  tim.o(.bss)
    huart1                                   0x20000df4   Data          68  usart.o(.bss)
    huart3                                   0x20000e38   Data          68  usart.o(.bss)
    huart6                                   0x20000e7c   Data          68  usart.o(.bss)
    hdma_usart1_rx                           0x20000ec0   Data          96  usart.o(.bss)
    hdma_usart1_tx                           0x20000f20   Data          96  usart.o(.bss)
    hdma_usart3_rx                           0x20000f80   Data          96  usart.o(.bss)
    hdma_usart6_rx                           0x20000fe0   Data          96  usart.o(.bss)
    hdma_usart6_tx                           0x20001040   Data          96  usart.o(.bss)
    htim14                                   0x200010a0   Data          72  stm32f4xx_hal_timebase_tim.o(.bss)
    hUsbDeviceFS                             0x200010e8   Data         732  usb_device_1.o(.bss)
    USBD_StrDesc                             0x200013c4   Data         512  usbd_desc_1.o(.bss)
    UserRxBufferFS                           0x200015c4   Data        2048  usbd_cdc_if_1.o(.bss)
    UserTxBufferFS                           0x20001dc4   Data        2048  usbd_cdc_if_1.o(.bss)
    hpcd_USB_OTG_FS                          0x200027e4   Data        1292  usbd_conf_1.o(.bss)
    Tx1Message                               0x20002d68   Data          24  can_receive.o(.bss)
    Rx1Message                               0x20002d80   Data          28  can_receive.o(.bss)
    rc_ctrl                                  0x20002d9c   Data          22  remote.o(.bss)
    teledata_rx                              0x20002db2   Data          18  remote.o(.bss)
    aim                                      0x20002fe0   Data         112  auto_aim_task.o(.bss)
    TX_data                                  0x20003050   Data          16  auto_aim_task.o(.bss)
    Auto_Buffer                              0x20003060   Data          16  auto_aim_task.o(.bss)
    target_mode                              0x20003070   Data          36  auto_aim_task.o(.bss)
    gimbal_control                           0x200033c8   Data         380  gimbal_task.o(.bss)
    gimbal_pitch_out_filter                  0x20003548   Data          96  gimbal_task.o(.bss)
    gimbal_yaw_out_filter                    0x200035a8   Data          96  gimbal_task.o(.bss)
    corrector_yaw_speed                      0x20003608   Data          96  gimbal_task.o(.bss)
    Filter_mouse_x                           0x20003668   Data          96  gimbal_task.o(.bss)
    Filter_mouse_y                           0x200036c8   Data          96  gimbal_task.o(.bss)
    uart6_buf                                0x20003728   Data        1024  referee_usart_task.o(.bss)
    referee_fifo                             0x20003b28   Data          28  referee_usart_task.o(.bss)
    referee_unpack_obj                       0x20003b44   Data         137  referee_usart_task.o(.bss)
    referee_fifo_buf                         0x20003bcd   Data        1024  referee_usart_task.o(.bss)
    INS_angle                                0x20004028   Data          12  sensor_task.o(.bss)
    accOFFSet                                0x20004034   Data          12  sensor_task.o(.bss)
    gyroOFFSet                               0x20004040   Data          12  sensor_task.o(.bss)
    magOFFSet                                0x2000404c   Data          12  sensor_task.o(.bss)
    accel_dma_rx_buf                         0x20004058   Data           9  sensor_task.o(.bss)
    bmi088_real_data                         0x20004064   Data          36  sensor_task.o(.bss)
    bmi088_off_data                          0x20004088   Data          36  sensor_task.o(.bss)
    gyro_offset                              0x200040ac   Data          12  sensor_task.o(.bss)
    gyro_cali_offset                         0x200040b8   Data          12  sensor_task.o(.bss)
    ist8310_real_data                        0x200040c4   Data          16  sensor_task.o(.bss)
    local_cali_t                             0x2000411c   Data          24  sensor_task.o(.bss)
    shoot_control                            0x20004138   Data         368  shoot_task.o(.bss)
    ShootRoll_filter                         0x200042a8   Data          96  shoot_task.o(.bss)
    supercap_control                         0x20004308   Data         104  supercaptask.o(.bss)
    game_state                               0x20004370   Data          11  referee.o(.bss)
    game_robot_HP                            0x2000437b   Data          32  referee.o(.bss)
    ICRA_buff_debuff_zone_status             0x2000439b   Data          11  referee.o(.bss)
    game_robot_status                        0x200043a6   Data          27  referee.o(.bss)
    power_heat_data                          0x200043c1   Data          16  referee.o(.bss)
    game_robot_pos                           0x200043d1   Data          16  referee.o(.bss)
    dart_client_cmd                          0x200043e1   Data          12  referee.o(.bss)
    robot_interactive_data                   0x200043ed   Data          30  referee.o(.bss)
    xQueueRegistry                           0x2000440c   Data          64  queue.o(.bss)
    __heap_base                              0x20008250   Data           0  startup_stm32f407xx.o(HEAP)
    __heap_limit                             0x20009250   Data           0  startup_stm32f407xx.o(HEAP)
    __initial_sp                             0x2000c250   Data           0  startup_stm32f407xx.o(STACK)



==============================================================================

Memory Map of the image

  Image Entry point : 0x08000189

  Load Region LR_IROM1 (Base: 0x08000000, Size: 0x00011a44, Max: 0x00100000, ABSOLUTE, COMPRESSED[0x000117e8])

    Execution Region ER_IROM1 (Exec base: 0x08000000, Load base: 0x08000000, Size: 0x0001161c, Max: 0x00100000, ABSOLUTE)

    Exec Addr    Load Addr    Size         Type   Attr      Idx    E Section Name        Object

    0x08000000   0x08000000   0x00000188   Data   RO            3    RESET               startup_stm32f407xx.o
    0x08000188   0x08000188   0x00000000   Code   RO        11006  * .ARM.Collect$$$$00000000  mc_w.l(entry.o)
    0x08000188   0x08000188   0x00000004   Code   RO        11402    .ARM.Collect$$$$00000001  mc_w.l(entry2.o)
    0x0800018c   0x0800018c   0x00000004   Code   RO        11405    .ARM.Collect$$$$00000004  mc_w.l(entry5.o)
    0x08000190   0x08000190   0x00000000   Code   RO        11407    .ARM.Collect$$$$00000008  mc_w.l(entry7b.o)
    0x08000190   0x08000190   0x00000000   Code   RO        11409    .ARM.Collect$$$$0000000A  mc_w.l(entry8b.o)
    0x08000190   0x08000190   0x00000008   Code   RO        11410    .ARM.Collect$$$$0000000B  mc_w.l(entry9a.o)
    0x08000198   0x08000198   0x00000000   Code   RO        11412    .ARM.Collect$$$$0000000D  mc_w.l(entry10a.o)
    0x08000198   0x08000198   0x00000000   Code   RO        11414    .ARM.Collect$$$$0000000F  mc_w.l(entry11a.o)
    0x08000198   0x08000198   0x00000004   Code   RO        11403    .ARM.Collect$$$$00002712  mc_w.l(entry2.o)
    0x0800019c   0x0800019c   0x000000be   Code   RO        10079    .emb_text           port.o
    0x0800025a   0x0800025a   0x00000002   PAD
    0x0800025c   0x0800025c   0x00000024   Code   RO            4    .text               startup_stm32f407xx.o
    0x08000280   0x08000280   0x00000078   Code   RO        10644    .text               arm_cortexM4lf_math.lib(arm_cos_f32.o)
    0x080002f8   0x080002f8   0x00000074   Code   RO        10697    .text               arm_cortexM4lf_math.lib(arm_sin_f32.o)
    0x0800036c   0x0800036c   0x00000108   Code   RO        10721    .text               arm_cortexM4lf_math.lib(arm_mat_add_f32.o)
    0x08000474   0x08000474   0x00000008   Code   RO        10745    .text               arm_cortexM4lf_math.lib(arm_mat_init_f32.o)
    0x0800047c   0x0800047c   0x00000530   Code   RO        10769    .text               arm_cortexM4lf_math.lib(arm_mat_inverse_f32.o)
    0x080009ac   0x080009ac   0x0000013c   Code   RO        10793    .text               arm_cortexM4lf_math.lib(arm_mat_mult_f32.o)
    0x08000ae8   0x08000ae8   0x00000108   Code   RO        10817    .text               arm_cortexM4lf_math.lib(arm_mat_sub_f32.o)
    0x08000bf0   0x08000bf0   0x00000114   Code   RO        10841    .text               arm_cortexM4lf_math.lib(arm_mat_trans_f32.o)
    0x08000d04   0x08000d04   0x00000062   Code   RO        11009    .text               mc_w.l(uldiv.o)
    0x08000d66   0x08000d66   0x00000062   Code   RO        11011    .text               mc_w.l(ldiv.o)
    0x08000dc8   0x08000dc8   0x00000024   Code   RO        11013    .text               mc_w.l(memcpya.o)
    0x08000dec   0x08000dec   0x00000024   Code   RO        11017    .text               mc_w.l(memseta.o)
    0x08000e10   0x08000e10   0x0000000e   Code   RO        11019    .text               mc_w.l(strlen.o)
    0x08000e1e   0x08000e1e   0x0000014e   Code   RO        11312    .text               mf_w.l(dadd.o)
    0x08000f6c   0x08000f6c   0x000000e4   Code   RO        11314    .text               mf_w.l(dmul.o)
    0x08001050   0x08001050   0x000000de   Code   RO        11316    .text               mf_w.l(ddiv.o)
    0x0800112e   0x0800112e   0x0000002c   Code   RO        11318    .text               mf_w.l(ffltl.o)
    0x0800115a   0x0800115a   0x00000022   Code   RO        11320    .text               mf_w.l(dflti.o)
    0x0800117c   0x0800117c   0x0000001a   Code   RO        11322    .text               mf_w.l(dfltui.o)
    0x08001196   0x08001196   0x0000003e   Code   RO        11324    .text               mf_w.l(dfixi.o)
    0x080011d4   0x080011d4   0x00000026   Code   RO        11326    .text               mf_w.l(f2d.o)
    0x080011fa   0x080011fa   0x00000002   PAD
    0x080011fc   0x080011fc   0x00000030   Code   RO        11328    .text               mf_w.l(cdcmple.o)
    0x0800122c   0x0800122c   0x00000030   Code   RO        11330    .text               mf_w.l(cdrcmple.o)
    0x0800125c   0x0800125c   0x00000038   Code   RO        11332    .text               mf_w.l(d2f.o)
    0x08001294   0x08001294   0x0000001e   Code   RO        11421    .text               mc_w.l(llshl.o)
    0x080012b2   0x080012b2   0x00000020   Code   RO        11423    .text               mc_w.l(llushr.o)
    0x080012d2   0x080012d2   0x00000024   Code   RO        11425    .text               mc_w.l(llsshr.o)
    0x080012f6   0x080012f6   0x00000000   Code   RO        11436    .text               mc_w.l(iusefp.o)
    0x080012f6   0x080012f6   0x0000006e   Code   RO        11437    .text               mf_w.l(fepilogue.o)
    0x08001364   0x08001364   0x000000ba   Code   RO        11439    .text               mf_w.l(depilogue.o)
    0x0800141e   0x0800141e   0x0000002e   Code   RO        11443    .text               mf_w.l(dscalb.o)
    0x0800144c   0x0800144c   0x00000024   Code   RO        11447    .text               mc_w.l(init.o)
    0x08001470   0x08001470   0x000000a2   Code   RO        11451    .text               mf_w.l(dsqrt.o)
    0x08001512   0x08001512   0x00000056   Code   RO        11461    .text               mc_w.l(__dczerorl2.o)
    0x08001568   0x08001568   0x00000128   Code   RO         5975    i.ADC_Init          stm32f4xx_hal_adc.o
    0x08001690   0x08001690   0x00000004   Code   RO         2118    i.AHRS_asinf        ahrs_middleware.o
    0x08001694   0x08001694   0x00000004   Code   RO         2119    i.AHRS_atan2f       ahrs_middleware.o
    0x08001698   0x08001698   0x00000004   Code   RO         2120    i.AHRS_cosf         ahrs_middleware.o
    0x0800169c   0x0800169c   0x0000001a   Code   RO        10554    i.AHRS_fabs         AHRS.lib(ahrs.o)
    0x080016b6   0x080016b6   0x00000002   PAD
    0x080016b8   0x080016b8   0x00000014   Code   RO         2121    i.AHRS_get_height   ahrs_middleware.o
    0x080016cc   0x080016cc   0x00000014   Code   RO         2122    i.AHRS_get_latitude  ahrs_middleware.o
    0x080016e0   0x080016e0   0x0000029c   Code   RO        10555    i.AHRS_init         AHRS.lib(ahrs.o)
    0x0800197c   0x0800197c   0x0000002c   Code   RO         2123    i.AHRS_invSqrt      ahrs_middleware.o
    0x080019a8   0x080019a8   0x00000004   Code   RO         2124    i.AHRS_sinf         ahrs_middleware.o
    0x080019ac   0x080019ac   0x0000013a   Code   RO        10556    i.AHRS_update       AHRS.lib(ahrs.o)
    0x08001ae6   0x08001ae6   0x00000002   PAD
    0x08001ae8   0x08001ae8   0x000000c4   Code   RO         2796    i.Aim_Feedback_Update  auto_aim_task.o
    0x08001bac   0x08001bac   0x0000010c   Code   RO         2797    i.Aim_Init          auto_aim_task.o
    0x08001cb8   0x08001cb8   0x00000104   Code   RO         2798    i.Auto_data         auto_aim_task.o
    0x08001dbc   0x08001dbc   0x00000010   Code   RO         2568    i.BMI088_ACCEL_NS_H  bmi088middleware.o
    0x08001dcc   0x08001dcc   0x00000010   Code   RO         2569    i.BMI088_ACCEL_NS_L  bmi088middleware.o
    0x08001ddc   0x08001ddc   0x00000002   Code   RO         2570    i.BMI088_GPIO_init  bmi088middleware.o
    0x08001dde   0x08001dde   0x00000002   PAD
    0x08001de0   0x08001de0   0x00000010   Code   RO         2571    i.BMI088_GYRO_NS_H  bmi088middleware.o
    0x08001df0   0x08001df0   0x00000010   Code   RO         2572    i.BMI088_GYRO_NS_L  bmi088middleware.o
    0x08001e00   0x08001e00   0x00000080   Code   RO         2432    i.BMI088_accel_read_over  bmi088driver.o
    0x08001e80   0x08001e80   0x00000002   Code   RO         2573    i.BMI088_com_init   bmi088middleware.o
    0x08001e82   0x08001e82   0x00000004   Code   RO         2574    i.BMI088_delay_ms   bmi088middleware.o
    0x08001e86   0x08001e86   0x00000004   Code   RO         2575    i.BMI088_delay_us   bmi088middleware.o
    0x08001e8a   0x08001e8a   0x00000002   PAD
    0x08001e8c   0x08001e8c   0x00000060   Code   RO         2433    i.BMI088_gyro_read_over  bmi088driver.o
    0x08001eec   0x08001eec   0x0000002e   Code   RO         2434    i.BMI088_init       bmi088driver.o
    0x08001f1a   0x08001f1a   0x00000002   PAD
    0x08001f1c   0x08001f1c   0x00000158   Code   RO         2435    i.BMI088_read       bmi088driver.o
    0x08002074   0x08002074   0x00000024   Code   RO         2438    i.BMI088_read_muli_reg  bmi088driver.o
    0x08002098   0x08002098   0x00000016   Code   RO         2439    i.BMI088_read_single_reg  bmi088driver.o
    0x080020ae   0x080020ae   0x00000002   PAD
    0x080020b0   0x080020b0   0x00000020   Code   RO         2576    i.BMI088_read_write_byte  bmi088middleware.o
    0x080020d0   0x080020d0   0x0000002e   Code   RO         2440    i.BMI088_temperature_read_over  bmi088driver.o
    0x080020fe   0x080020fe   0x00000012   Code   RO         2441    i.BMI088_write_single_reg  bmi088driver.o
    0x08002110   0x08002110   0x00000098   Code   RO         3697    i.BT_task           usart_debug.o
    0x080021a8   0x080021a8   0x00000002   Code   RO          886    i.BusFault_Handler  stm32f4xx_it.o
    0x080021aa   0x080021aa   0x00000002   PAD
    0x080021ac   0x080021ac   0x00000024   Code   RO         1554    i.CAN1_Getdata      can_receive.o
    0x080021d0   0x080021d0   0x0000003c   Code   RO         1555    i.CAN1_Init         can_receive.o
    0x0800220c   0x0800220c   0x0000002c   Code   RO          887    i.CAN1_RX0_IRQHandler  stm32f4xx_it.o
    0x08002238   0x08002238   0x0000000c   Code   RO          888    i.CAN1_TX_IRQHandler  stm32f4xx_it.o
    0x08002244   0x08002244   0x00000098   Code   RO         1556    i.CAN2_Getdata      can_receive.o
    0x080022dc   0x080022dc   0x0000003c   Code   RO         1557    i.CAN2_Init         can_receive.o
    0x08002318   0x08002318   0x0000002c   Code   RO          889    i.CAN2_RX1_IRQHandler  stm32f4xx_it.o
    0x08002344   0x08002344   0x0000000c   Code   RO          890    i.CAN2_TX_IRQHandler  stm32f4xx_it.o
    0x08002350   0x08002350   0x00000048   Code   RO         1558    i.CAN_CMD_Chassis   can_receive.o
    0x08002398   0x08002398   0x00000034   Code   RO         1559    i.CAN_CMD_Pitch     can_receive.o
    0x080023cc   0x080023cc   0x00000044   Code   RO         1560    i.CAN_CMD_Shoot     can_receive.o
    0x08002410   0x08002410   0x00000034   Code   RO         1561    i.CAN_CMD_Yaw       can_receive.o
    0x08002444   0x08002444   0x00000004   Code   RO         1269    i.CDC_Control_FS    usbd_cdc_if_1.o
    0x08002448   0x08002448   0x00000004   Code   RO         1270    i.CDC_DeInit_FS     usbd_cdc_if_1.o
    0x0800244c   0x0800244c   0x00000030   Code   RO         1271    i.CDC_Init_FS       usbd_cdc_if_1.o
    0x0800247c   0x0800247c   0x00000020   Code   RO         1272    i.CDC_Receive_FS    usbd_cdc_if_1.o
    0x0800249c   0x0800249c   0x00000004   Code   RO         1273    i.CDC_TransmitCplt_FS  usbd_cdc_if_1.o
    0x080024a0   0x080024a0   0x0000002c   Code   RO         1274    i.CDC_Transmit_FS   usbd_cdc_if_1.o
    0x080024cc   0x080024cc   0x00000238   Code   RO         3149    i.Chassis_Set_Control  chassis_task.o
    0x08002704   0x08002704   0x000000b8   Code   RO         1991    i.Chebyshev100HzLPF  filter.o
    0x080027bc   0x080027bc   0x000000fc   Code   RO         1993    i.Corrector_Yaw_Speed  filter.o
    0x080028b8   0x080028b8   0x00000024   Code   RO          891    i.DMA1_Stream1_IRQHandler  stm32f4xx_it.o
    0x080028dc   0x080028dc   0x0000000c   Code   RO          892    i.DMA2_Stream1_IRQHandler  stm32f4xx_it.o
    0x080028e8   0x080028e8   0x000002c4   Code   RO         3416    i.DMA2_Stream2_IRQHandler  sensor_task.o
    0x08002bac   0x08002bac   0x0000000c   Code   RO          893    i.DMA2_Stream3_IRQHandler  stm32f4xx_it.o
    0x08002bb8   0x08002bb8   0x0000000c   Code   RO          894    i.DMA2_Stream5_IRQHandler  stm32f4xx_it.o
    0x08002bc4   0x08002bc4   0x0000000c   Code   RO          895    i.DMA2_Stream6_IRQHandler  stm32f4xx_it.o
    0x08002bd0   0x08002bd0   0x0000000c   Code   RO          896    i.DMA2_Stream7_IRQHandler  stm32f4xx_it.o
    0x08002bdc   0x08002bdc   0x00000028   Code   RO         5299    i.DMA_CalcBaseAndBitshift  stm32f4xx_hal_dma.o
    0x08002c04   0x08002c04   0x00000054   Code   RO         5300    i.DMA_CheckFifoParam  stm32f4xx_hal_dma.o
    0x08002c58   0x08002c58   0x00000028   Code   RO         5301    i.DMA_SetConfig     stm32f4xx_hal_dma.o
    0x08002c80   0x08002c80   0x00000002   Code   RO          897    i.DebugMon_Handler  stm32f4xx_it.o
    0x08002c82   0x08002c82   0x00000006   Code   RO          898    i.EXTI0_IRQHandler  stm32f4xx_it.o
    0x08002c88   0x08002c88   0x00000006   Code   RO          899    i.EXTI3_IRQHandler  stm32f4xx_it.o
    0x08002c8e   0x08002c8e   0x00000006   Code   RO          900    i.EXTI4_IRQHandler  stm32f4xx_it.o
    0x08002c94   0x08002c94   0x00000006   Code   RO          901    i.EXTI9_5_IRQHandler  stm32f4xx_it.o
    0x08002c9a   0x08002c9a   0x00000002   PAD
    0x08002c9c   0x08002c9c   0x00000010   Code   RO         1562    i.Ecd_Value_Reset_Rolling  can_receive.o
    0x08002cac   0x08002cac   0x00000004   Code   RO           13    i.Error_Handler     main.o
    0x08002cb0   0x08002cb0   0x000000a8   Code   RO         3574    i.FeedingRollerPositionReset  shoot_task.o
    0x08002d58   0x08002d58   0x00000060   Code   RO         3417    i.GetOffsetFromFlash  sensor_task.o
    0x08002db8   0x08002db8   0x00000134   Code   RO         3211    i.Gimbal_AnglePID_Calculate  gimbal_task.o
    0x08002eec   0x08002eec   0x0000006c   Code   RO         3212    i.Gimbal_Feedback_Update  gimbal_task.o
    0x08002f58   0x08002f58   0x000000fc   Code   RO         3213    i.Gimbal_Init       gimbal_task.o
    0x08003054   0x08003054   0x000000b4   Code   RO         3214    i.Gimbal_PID        gimbal_task.o
    0x08003108   0x08003108   0x00000304   Code   RO         3215    i.Gimbal_Set_Contorl  gimbal_task.o
    0x0800340c   0x0800340c   0x0000014c   Code   RO         5977    i.HAL_ADC_ConfigChannel  stm32f4xx_hal_adc.o
    0x08003558   0x08003558   0x00000054   Code   RO         5986    i.HAL_ADC_Init      stm32f4xx_hal_adc.o
    0x080035ac   0x080035ac   0x00000028   Code   RO          565    i.HAL_ADC_MspInit   adc.o
    0x080035d4   0x080035d4   0x00000024   Code   RO         6251    i.HAL_CAN_ActivateNotification  stm32f4xx_hal_can.o
    0x080035f8   0x080035f8   0x000000c8   Code   RO         6252    i.HAL_CAN_AddTxMessage  stm32f4xx_hal_can.o
    0x080036c0   0x080036c0   0x0000010c   Code   RO         6253    i.HAL_CAN_ConfigFilter  stm32f4xx_hal_can.o
    0x080037cc   0x080037cc   0x00000002   Code   RO         6256    i.HAL_CAN_ErrorCallback  stm32f4xx_hal_can.o
    0x080037ce   0x080037ce   0x000000e8   Code   RO         6259    i.HAL_CAN_GetRxMessage  stm32f4xx_hal_can.o
    0x080038b6   0x080038b6   0x000001fc   Code   RO         6263    i.HAL_CAN_IRQHandler  stm32f4xx_hal_can.o
    0x08003ab2   0x08003ab2   0x0000011a   Code   RO         6264    i.HAL_CAN_Init      stm32f4xx_hal_can.o
    0x08003bcc   0x08003bcc   0x0000011c   Code   RO          607    i.HAL_CAN_MspInit   can.o
    0x08003ce8   0x08003ce8   0x00000002   Code   RO         6271    i.HAL_CAN_RxFifo0FullCallback  stm32f4xx_hal_can.o
    0x08003cea   0x08003cea   0x00000002   Code   RO         6272    i.HAL_CAN_RxFifo0MsgPendingCallback  stm32f4xx_hal_can.o
    0x08003cec   0x08003cec   0x00000002   Code   RO         6273    i.HAL_CAN_RxFifo1FullCallback  stm32f4xx_hal_can.o
    0x08003cee   0x08003cee   0x00000002   Code   RO         6274    i.HAL_CAN_RxFifo1MsgPendingCallback  stm32f4xx_hal_can.o
    0x08003cf0   0x08003cf0   0x00000002   Code   RO         6275    i.HAL_CAN_SleepCallback  stm32f4xx_hal_can.o
    0x08003cf2   0x08003cf2   0x00000002   PAD
    0x08003cf4   0x08003cf4   0x00000058   Code   RO         6276    i.HAL_CAN_Start     stm32f4xx_hal_can.o
    0x08003d4c   0x08003d4c   0x00000002   Code   RO         6278    i.HAL_CAN_TxMailbox0AbortCallback  stm32f4xx_hal_can.o
    0x08003d4e   0x08003d4e   0x00000002   Code   RO         6279    i.HAL_CAN_TxMailbox0CompleteCallback  stm32f4xx_hal_can.o
    0x08003d50   0x08003d50   0x00000002   Code   RO         6280    i.HAL_CAN_TxMailbox1AbortCallback  stm32f4xx_hal_can.o
    0x08003d52   0x08003d52   0x00000002   Code   RO         6281    i.HAL_CAN_TxMailbox1CompleteCallback  stm32f4xx_hal_can.o
    0x08003d54   0x08003d54   0x00000002   Code   RO         6282    i.HAL_CAN_TxMailbox2AbortCallback  stm32f4xx_hal_can.o
    0x08003d56   0x08003d56   0x00000002   Code   RO         6283    i.HAL_CAN_TxMailbox2CompleteCallback  stm32f4xx_hal_can.o
    0x08003d58   0x08003d58   0x00000002   Code   RO         6285    i.HAL_CAN_WakeUpFromRxMsgCallback  stm32f4xx_hal_can.o
    0x08003d5a   0x08003d5a   0x00000002   PAD
    0x08003d5c   0x08003d5c   0x000001a0   Code   RO         5307    i.HAL_DMA_IRQHandler  stm32f4xx_hal_dma.o
    0x08003efc   0x08003efc   0x000000d4   Code   RO         5308    i.HAL_DMA_Init      stm32f4xx_hal_dma.o
    0x08003fd0   0x08003fd0   0x0000006e   Code   RO         5312    i.HAL_DMA_Start_IT  stm32f4xx_hal_dma.o
    0x0800403e   0x0800403e   0x00000002   PAD
    0x08004040   0x08004040   0x00000024   Code   RO         5721    i.HAL_Delay         stm32f4xx_hal.o
    0x08004064   0x08004064   0x00000078   Code   RO         3418    i.HAL_GPIO_EXTI_Callback  sensor_task.o
    0x080040dc   0x080040dc   0x00000018   Code   RO         5194    i.HAL_GPIO_EXTI_IRQHandler  stm32f4xx_hal_gpio.o
    0x080040f4   0x080040f4   0x000001f0   Code   RO         5195    i.HAL_GPIO_Init     stm32f4xx_hal_gpio.o
    0x080042e4   0x080042e4   0x00000010   Code   RO         5198    i.HAL_GPIO_TogglePin  stm32f4xx_hal_gpio.o
    0x080042f4   0x080042f4   0x0000000a   Code   RO         5199    i.HAL_GPIO_WritePin  stm32f4xx_hal_gpio.o
    0x080042fe   0x080042fe   0x00000002   PAD
    0x08004300   0x08004300   0x0000000c   Code   RO         5727    i.HAL_GetTick       stm32f4xx_hal.o
    0x0800430c   0x0800430c   0x00000188   Code   RO         6495    i.HAL_I2C_Init      stm32f4xx_hal_i2c.o
    0x08004494   0x08004494   0x000001f8   Code   RO         6513    i.HAL_I2C_Mem_Read  stm32f4xx_hal_i2c.o
    0x0800468c   0x0800468c   0x00000130   Code   RO         6516    i.HAL_I2C_Mem_Write  stm32f4xx_hal_i2c.o
    0x080047bc   0x080047bc   0x00000088   Code   RO          683    i.HAL_I2C_MspInit   i2c.o
    0x08004844   0x08004844   0x00000010   Code   RO         5733    i.HAL_IncTick       stm32f4xx_hal.o
    0x08004854   0x08004854   0x00000034   Code   RO         5734    i.HAL_Init          stm32f4xx_hal.o
    0x08004888   0x08004888   0x00000074   Code   RO         1083    i.HAL_InitTick      stm32f4xx_hal_timebase_tim.o
    0x080048fc   0x080048fc   0x00000038   Code   RO         1059    i.HAL_MspInit       stm32f4xx_hal_msp.o
    0x08004934   0x08004934   0x0000001a   Code   RO         5584    i.HAL_NVIC_EnableIRQ  stm32f4xx_hal_cortex.o
    0x0800494e   0x0800494e   0x00000002   PAD
    0x08004950   0x08004950   0x00000040   Code   RO         5590    i.HAL_NVIC_SetPriority  stm32f4xx_hal_cortex.o
    0x08004990   0x08004990   0x00000024   Code   RO         5591    i.HAL_NVIC_SetPriorityGrouping  stm32f4xx_hal_cortex.o
    0x080049b4   0x080049b4   0x00000002   Code   RO         4494    i.HAL_PCDEx_LPM_Callback  stm32f4xx_hal_pcd_ex.o
    0x080049b6   0x080049b6   0x00000008   Code   RO         4495    i.HAL_PCDEx_SetRxFiFo  stm32f4xx_hal_pcd_ex.o
    0x080049be   0x080049be   0x00000044   Code   RO         4496    i.HAL_PCDEx_SetTxFiFo  stm32f4xx_hal_pcd_ex.o
    0x08004a02   0x08004a02   0x00000008   Code   RO         1347    i.HAL_PCD_ConnectCallback  usbd_conf_1.o
    0x08004a0a   0x08004a0a   0x00000012   Code   RO         1348    i.HAL_PCD_DataInStageCallback  usbd_conf_1.o
    0x08004a1c   0x08004a1c   0x00000014   Code   RO         1349    i.HAL_PCD_DataOutStageCallback  usbd_conf_1.o
    0x08004a30   0x08004a30   0x00000008   Code   RO         1350    i.HAL_PCD_DisconnectCallback  usbd_conf_1.o
    0x08004a38   0x08004a38   0x0000001e   Code   RO         4264    i.HAL_PCD_EP_Abort  stm32f4xx_hal_pcd.o
    0x08004a56   0x08004a56   0x0000004c   Code   RO         4265    i.HAL_PCD_EP_Close  stm32f4xx_hal_pcd.o
    0x08004aa2   0x08004aa2   0x0000005c   Code   RO         4266    i.HAL_PCD_EP_ClrStall  stm32f4xx_hal_pcd.o
    0x08004afe   0x08004afe   0x00000012   Code   RO         4268    i.HAL_PCD_EP_GetRxCount  stm32f4xx_hal_pcd.o
    0x08004b10   0x08004b10   0x00000060   Code   RO         4269    i.HAL_PCD_EP_Open   stm32f4xx_hal_pcd.o
    0x08004b70   0x08004b70   0x00000048   Code   RO         4270    i.HAL_PCD_EP_Receive  stm32f4xx_hal_pcd.o
    0x08004bb8   0x08004bb8   0x00000074   Code   RO         4271    i.HAL_PCD_EP_SetStall  stm32f4xx_hal_pcd.o
    0x08004c2c   0x08004c2c   0x00000040   Code   RO         4272    i.HAL_PCD_EP_Transmit  stm32f4xx_hal_pcd.o
    0x08004c6c   0x08004c6c   0x00000560   Code   RO         4274    i.HAL_PCD_IRQHandler  stm32f4xx_hal_pcd.o
    0x080051cc   0x080051cc   0x00000008   Code   RO         1351    i.HAL_PCD_ISOINIncompleteCallback  usbd_conf_1.o
    0x080051d4   0x080051d4   0x00000008   Code   RO         1352    i.HAL_PCD_ISOOUTIncompleteCallback  usbd_conf_1.o
    0x080051dc   0x080051dc   0x000000e2   Code   RO         4277    i.HAL_PCD_Init      stm32f4xx_hal_pcd.o
    0x080052be   0x080052be   0x00000002   PAD
    0x080052c0   0x080052c0   0x00000084   Code   RO         1354    i.HAL_PCD_MspInit   usbd_conf_1.o
    0x08005344   0x08005344   0x0000002c   Code   RO         1355    i.HAL_PCD_ResetCallback  usbd_conf_1.o
    0x08005370   0x08005370   0x00000008   Code   RO         1356    i.HAL_PCD_ResumeCallback  usbd_conf_1.o
    0x08005378   0x08005378   0x00000008   Code   RO         1357    i.HAL_PCD_SOFCallback  usbd_conf_1.o
    0x08005380   0x08005380   0x00000028   Code   RO         4283    i.HAL_PCD_SetAddress  stm32f4xx_hal_pcd.o
    0x080053a8   0x080053a8   0x0000000e   Code   RO         1358    i.HAL_PCD_SetupStageCallback  usbd_conf_1.o
    0x080053b6   0x080053b6   0x00000042   Code   RO         4286    i.HAL_PCD_Start     stm32f4xx_hal_pcd.o
    0x080053f8   0x080053f8   0x00000030   Code   RO         1359    i.HAL_PCD_SuspendCallback  usbd_conf_1.o
    0x08005428   0x08005428   0x00000134   Code   RO         4841    i.HAL_RCC_ClockConfig  stm32f4xx_hal_rcc.o
    0x0800555c   0x0800555c   0x00000040   Code   RO         4845    i.HAL_RCC_GetClockConfig  stm32f4xx_hal_rcc.o
    0x0800559c   0x0800559c   0x0000000c   Code   RO         4846    i.HAL_RCC_GetHCLKFreq  stm32f4xx_hal_rcc.o
    0x080055a8   0x080055a8   0x00000020   Code   RO         4848    i.HAL_RCC_GetPCLK1Freq  stm32f4xx_hal_rcc.o
    0x080055c8   0x080055c8   0x00000020   Code   RO         4849    i.HAL_RCC_GetPCLK2Freq  stm32f4xx_hal_rcc.o
    0x080055e8   0x080055e8   0x00000064   Code   RO         4850    i.HAL_RCC_GetSysClockFreq  stm32f4xx_hal_rcc.o
    0x0800564c   0x0800564c   0x0000036c   Code   RO         4853    i.HAL_RCC_OscConfig  stm32f4xx_hal_rcc.o
    0x080059b8   0x080059b8   0x000000bc   Code   RO         6945    i.HAL_SPI_Init      stm32f4xx_hal_spi.o
    0x08005a74   0x08005a74   0x00000100   Code   RO          725    i.HAL_SPI_MspInit   spi.o
    0x08005b74   0x08005b74   0x000001e2   Code   RO         6954    i.HAL_SPI_TransmitReceive  stm32f4xx_hal_spi.o
    0x08005d56   0x08005d56   0x00000002   Code   RO         7962    i.HAL_TIMEx_BreakCallback  stm32f4xx_hal_tim_ex.o
    0x08005d58   0x08005d58   0x00000002   Code   RO         7963    i.HAL_TIMEx_CommutCallback  stm32f4xx_hal_tim_ex.o
    0x08005d5a   0x08005d5a   0x00000054   Code   RO         7965    i.HAL_TIMEx_ConfigBreakDeadTime  stm32f4xx_hal_tim_ex.o
    0x08005dae   0x08005dae   0x00000002   PAD
    0x08005db0   0x08005db0   0x00000090   Code   RO         7981    i.HAL_TIMEx_MasterConfigSynchronization  stm32f4xx_hal_tim_ex.o
    0x08005e40   0x08005e40   0x0000005a   Code   RO         7258    i.HAL_TIM_Base_Init  stm32f4xx_hal_tim.o
    0x08005e9a   0x08005e9a   0x00000002   PAD
    0x08005e9c   0x08005e9c   0x000000cc   Code   RO          767    i.HAL_TIM_Base_MspInit  tim.o
    0x08005f68   0x08005f68   0x00000080   Code   RO         7263    i.HAL_TIM_Base_Start_IT  stm32f4xx_hal_tim.o
    0x08005fe8   0x08005fe8   0x000000dc   Code   RO         7267    i.HAL_TIM_ConfigClockSource  stm32f4xx_hal_tim.o
    0x080060c4   0x080060c4   0x00000002   Code   RO         7292    i.HAL_TIM_IC_CaptureCallback  stm32f4xx_hal_tim.o
    0x080060c6   0x080060c6   0x00000166   Code   RO         7306    i.HAL_TIM_IRQHandler  stm32f4xx_hal_tim.o
    0x0800622c   0x0800622c   0x000000b0   Code   RO          768    i.HAL_TIM_MspPostInit  tim.o
    0x080062dc   0x080062dc   0x00000002   Code   RO         7309    i.HAL_TIM_OC_DelayElapsedCallback  stm32f4xx_hal_tim.o
    0x080062de   0x080062de   0x000000cc   Code   RO         7330    i.HAL_TIM_PWM_ConfigChannel  stm32f4xx_hal_tim.o
    0x080063aa   0x080063aa   0x0000005a   Code   RO         7333    i.HAL_TIM_PWM_Init  stm32f4xx_hal_tim.o
    0x08006404   0x08006404   0x00000002   Code   RO         7335    i.HAL_TIM_PWM_MspInit  stm32f4xx_hal_tim.o
    0x08006406   0x08006406   0x00000002   Code   RO         7336    i.HAL_TIM_PWM_PulseFinishedCallback  stm32f4xx_hal_tim.o
    0x08006408   0x08006408   0x000000c8   Code   RO         7338    i.HAL_TIM_PWM_Start  stm32f4xx_hal_tim.o
    0x080064d0   0x080064d0   0x00000014   Code   RO           14    i.HAL_TIM_PeriodElapsedCallback  main.o
    0x080064e4   0x080064e4   0x00000002   Code   RO         7349    i.HAL_TIM_TriggerCallback  stm32f4xx_hal_tim.o
    0x080064e6   0x080064e6   0x00000002   Code   RO         8240    i.HAL_UARTEx_RxEventCallback  stm32f4xx_hal_uart.o
    0x080064e8   0x080064e8   0x00000002   Code   RO         8254    i.HAL_UART_ErrorCallback  stm32f4xx_hal_uart.o
    0x080064ea   0x080064ea   0x00000062   Code   RO         8258    i.HAL_UART_Init     stm32f4xx_hal_uart.o
    0x0800654c   0x0800654c   0x00000244   Code   RO          833    i.HAL_UART_MspInit  usart.o
    0x08006790   0x08006790   0x0000002a   Code   RO         8262    i.HAL_UART_Receive_DMA  stm32f4xx_hal_uart.o
    0x080067ba   0x080067ba   0x00000002   Code   RO         8264    i.HAL_UART_RxCpltCallback  stm32f4xx_hal_uart.o
    0x080067bc   0x080067bc   0x00000002   Code   RO         8265    i.HAL_UART_RxHalfCpltCallback  stm32f4xx_hal_uart.o
    0x080067be   0x080067be   0x00000002   PAD
    0x080067c0   0x080067c0   0x000000b2   Code   RO         8266    i.HAL_UART_Transmit  stm32f4xx_hal_uart.o
    0x08006872   0x08006872   0x00000002   Code   RO          902    i.HardFault_Handler  stm32f4xx_it.o
    0x08006874   0x08006874   0x0000002e   Code   RO         6537    i.I2C_IsAcknowledgeFailed  stm32f4xx_hal_i2c.o
    0x080068a2   0x080068a2   0x00000002   PAD
    0x080068a4   0x080068a4   0x000000fc   Code   RO         6547    i.I2C_RequestMemoryRead  stm32f4xx_hal_i2c.o
    0x080069a0   0x080069a0   0x000000a8   Code   RO         6548    i.I2C_RequestMemoryWrite  stm32f4xx_hal_i2c.o
    0x08006a48   0x08006a48   0x0000004c   Code   RO         6552    i.I2C_WaitOnBTFFlagUntilTimeout  stm32f4xx_hal_i2c.o
    0x08006a94   0x08006a94   0x00000068   Code   RO         6553    i.I2C_WaitOnFlagUntilTimeout  stm32f4xx_hal_i2c.o
    0x08006afc   0x08006afc   0x00000096   Code   RO         6554    i.I2C_WaitOnMasterAddressFlagUntilTimeout  stm32f4xx_hal_i2c.o
    0x08006b92   0x08006b92   0x00000066   Code   RO         6555    i.I2C_WaitOnRXNEFlagUntilTimeout  stm32f4xx_hal_i2c.o
    0x08006bf8   0x08006bf8   0x0000004c   Code   RO         6556    i.I2C_WaitOnTXEFlagUntilTimeout  stm32f4xx_hal_i2c.o
    0x08006c44   0x08006c44   0x00000028   Code   RO         3420    i.INS_set_cali_gyro  sensor_task.o
    0x08006c6c   0x08006c6c   0x00000038   Code   RO         1183    i.IntToUnicode      usbd_desc_1.o
    0x08006ca4   0x08006ca4   0x00000064   Code   RO          566    i.MX_ADC1_Init      adc.o
    0x08006d08   0x08006d08   0x00000044   Code   RO          608    i.MX_CAN1_Init      can.o
    0x08006d4c   0x08006d4c   0x00000044   Code   RO          609    i.MX_CAN2_Init      can.o
    0x08006d90   0x08006d90   0x0000009c   Code   RO          655    i.MX_DMA_Init       dma.o
    0x08006e2c   0x08006e2c   0x000000ec   Code   RO          469    i.MX_FREERTOS_Init  freertos.o
    0x08006f18   0x08006f18   0x000001ec   Code   RO          322    i.MX_GPIO_Init      gpio.o
    0x08007104   0x08007104   0x00000040   Code   RO          684    i.MX_I2C3_Init      i2c.o
    0x08007144   0x08007144   0x00000048   Code   RO          726    i.MX_SPI1_Init      spi.o
    0x0800718c   0x0800718c   0x00000064   Code   RO          769    i.MX_TIM10_Init     tim.o
    0x080071f0   0x080071f0   0x000000cc   Code   RO          770    i.MX_TIM1_Init      tim.o
    0x080072bc   0x080072bc   0x00000064   Code   RO          771    i.MX_TIM3_Init      tim.o
    0x08007320   0x08007320   0x0000009c   Code   RO          772    i.MX_TIM5_Init      tim.o
    0x080073bc   0x080073bc   0x00000038   Code   RO          834    i.MX_USART1_UART_Init  usart.o
    0x080073f4   0x080073f4   0x00000040   Code   RO          835    i.MX_USART3_UART_Init  usart.o
    0x08007434   0x08007434   0x00000038   Code   RO          836    i.MX_USART6_UART_Init  usart.o
    0x0800746c   0x0800746c   0x00000054   Code   RO         1122    i.MX_USB_DEVICE_Init  usb_device_1.o
    0x080074c0   0x080074c0   0x00000002   Code   RO          903    i.MemManage_Handler  stm32f4xx_it.o
    0x080074c2   0x080074c2   0x00000002   PAD
    0x080074c4   0x080074c4   0x00000034   Code   RO         3216    i.Motor_Absolute_to_Relative_Change  gimbal_task.o
    0x080074f8   0x080074f8   0x00000030   Code   RO         3217    i.Motor_ecd_to_angle_Change  gimbal_task.o
    0x08007528   0x08007528   0x00000002   Code   RO          904    i.NMI_Handler       stm32f4xx_it.o
    0x0800752a   0x0800752a   0x00000002   PAD
    0x0800752c   0x0800752c   0x0000000c   Code   RO          905    i.OTG_FS_IRQHandler  stm32f4xx_it.o
    0x08007538   0x08007538   0x000000cc   Code   RO         4290    i.PCD_EP_OutXfrComplete_int  stm32f4xx_hal_pcd.o
    0x08007604   0x08007604   0x000000a2   Code   RO         4291    i.PCD_WriteEmptyTxFifo  stm32f4xx_hal_pcd.o
    0x080076a6   0x080076a6   0x00000002   PAD
    0x080076a8   0x080076a8   0x00000100   Code   RO         1687    i.PID_Calculate     pid.o
    0x080077a8   0x080077a8   0x0000002c   Code   RO         1688    i.PID_Init          pid.o
    0x080077d4   0x080077d4   0x0000005c   Code   RO         1689    i.PID_init_IMU      pid.o
    0x08007830   0x08007830   0x000002b4   Code   RO         3306    i.PressTime         presstime.o
    0x08007ae4   0x08007ae4   0x00000070   Code   RO         2703    i.QueueGetAverage_f  fifo_float.o
    0x08007b54   0x08007b54   0x0000005c   Code   RO         2705    i.QueueGetDiff_f    fifo_float.o
    0x08007bb0   0x08007bb0   0x00000018   Code   RO         2711    i.QueueInit_f       fifo_float.o
    0x08007bc8   0x08007bc8   0x0000000a   Code   RO         1735    i.RC_abs            remote.o
    0x08007bd2   0x08007bd2   0x00000002   PAD
    0x08007bd4   0x08007bd4   0x0000006c   Code   RO         1736    i.RC_data_is_error  remote.o
    0x08007c40   0x08007c40   0x00000082   Code   RO         1737    i.SBUS_TO_RC        remote.o
    0x08007cc2   0x08007cc2   0x00000002   PAD
    0x08007cc4   0x08007cc4   0x00001274   Code   RO         1919    i.SPI1_DMA_enable   bsp_spi.o
    0x08008f38   0x08008f38   0x000000f0   Code   RO         1920    i.SPI1_DMA_init     bsp_spi.o
    0x08009028   0x08009028   0x00000058   Code   RO         6983    i.SPI_EndRxTxTransaction  stm32f4xx_hal_spi.o
    0x08009080   0x08009080   0x000000b8   Code   RO         6988    i.SPI_WaitFlagStateUntilTimeout  stm32f4xx_hal_spi.o
    0x08009138   0x08009138   0x0000000a   Code   RO        10318    i.SWAPBYTE          usbd_ctlreq.o
    0x08009142   0x08009142   0x00000002   PAD
    0x08009144   0x08009144   0x00000300   Code   RO         3421    i.Sensor_task       sensor_task.o
    0x08009444   0x08009444   0x00000134   Code   RO         3575    i.Shoot_Block_TestAndSolve  shoot_task.o
    0x08009578   0x08009578   0x00000068   Code   RO         3576    i.Shoot_Feedback_Update  shoot_task.o
    0x080095e0   0x080095e0   0x00000124   Code   RO         3577    i.Shoot_Init        shoot_task.o
    0x08009704   0x08009704   0x00000080   Code   RO         3578    i.Shoot_PID         shoot_task.o
    0x08009784   0x08009784   0x00000194   Code   RO         3579    i.Shoot_Set_Control  shoot_task.o
    0x08009918   0x08009918   0x0000000c   Code   RO          470    i.StartDefaultTask  freertos.o
    0x08009924   0x08009924   0x00000040   Code   RO         3644    i.Supercap_Init     supercaptask.o
    0x08009964   0x08009964   0x00000028   Code   RO         3645    i.Supercap_power_read  supercaptask.o
    0x0800998c   0x0800998c   0x0000002c   Code   RO        10080    i.SysTick_Handler   port.o
    0x080099b8   0x080099b8   0x00000094   Code   RO           15    i.SystemClock_Config  main.o
    0x08009a4c   0x08009a4c   0x0000001c   Code   RO         8587    i.SystemInit        system_stm32f4xx.o
    0x08009a68   0x08009a68   0x0000001c   Code   RO          906    i.TIM1_UP_TIM10_IRQHandler  stm32f4xx_it.o
    0x08009a84   0x08009a84   0x0000000c   Code   RO          907    i.TIM8_TRG_COM_TIM14_IRQHandler  stm32f4xx_it.o
    0x08009a90   0x08009a90   0x000000c8   Code   RO         7351    i.TIM_Base_SetConfig  stm32f4xx_hal_tim.o
    0x08009b58   0x08009b58   0x0000001a   Code   RO         7352    i.TIM_CCxChannelCmd  stm32f4xx_hal_tim.o
    0x08009b72   0x08009b72   0x00000014   Code   RO         7362    i.TIM_ETR_SetConfig  stm32f4xx_hal_tim.o
    0x08009b86   0x08009b86   0x00000010   Code   RO         7363    i.TIM_ITRx_SetConfig  stm32f4xx_hal_tim.o
    0x08009b96   0x08009b96   0x00000002   PAD
    0x08009b98   0x08009b98   0x00000060   Code   RO         7364    i.TIM_OC1_SetConfig  stm32f4xx_hal_tim.o
    0x08009bf8   0x08009bf8   0x0000006c   Code   RO         7365    i.TIM_OC2_SetConfig  stm32f4xx_hal_tim.o
    0x08009c64   0x08009c64   0x00000068   Code   RO         7366    i.TIM_OC3_SetConfig  stm32f4xx_hal_tim.o
    0x08009ccc   0x08009ccc   0x00000050   Code   RO         7367    i.TIM_OC4_SetConfig  stm32f4xx_hal_tim.o
    0x08009d1c   0x08009d1c   0x00000022   Code   RO         7369    i.TIM_TI1_ConfigInputStage  stm32f4xx_hal_tim.o
    0x08009d3e   0x08009d3e   0x00000024   Code   RO         7371    i.TIM_TI2_ConfigInputStage  stm32f4xx_hal_tim.o
    0x08009d62   0x08009d62   0x0000004a   Code   RO         8272    i.UART_DMAError     stm32f4xx_hal_uart.o
    0x08009dac   0x08009dac   0x00000082   Code   RO         8273    i.UART_DMAReceiveCplt  stm32f4xx_hal_uart.o
    0x08009e2e   0x08009e2e   0x0000001a   Code   RO         8275    i.UART_DMARxHalfCplt  stm32f4xx_hal_uart.o
    0x08009e48   0x08009e48   0x0000004e   Code   RO         8281    i.UART_EndRxTransfer  stm32f4xx_hal_uart.o
    0x08009e96   0x08009e96   0x0000001c   Code   RO         8282    i.UART_EndTxTransfer  stm32f4xx_hal_uart.o
    0x08009eb2   0x08009eb2   0x00000002   PAD
    0x08009eb4   0x08009eb4   0x0000010c   Code   RO         8284    i.UART_SetConfig    stm32f4xx_hal_uart.o
    0x08009fc0   0x08009fc0   0x00000094   Code   RO         8285    i.UART_Start_Receive_DMA  stm32f4xx_hal_uart.o
    0x0800a054   0x0800a054   0x00000078   Code   RO         8287    i.UART_WaitOnFlagUntilTimeout  stm32f4xx_hal_uart.o
    0x0800a0cc   0x0800a0cc   0x00000094   Code   RO         3341    i.USART6_IRQHandler  referee_usart_task.o
    0x0800a160   0x0800a160   0x00000076   Code   RO        10451    i.USBD_CDC_DataIn   usbd_cdc.o
    0x0800a1d6   0x0800a1d6   0x0000003c   Code   RO        10452    i.USBD_CDC_DataOut  usbd_cdc.o
    0x0800a212   0x0800a212   0x00000002   PAD
    0x0800a214   0x0800a214   0x00000090   Code   RO        10453    i.USBD_CDC_DeInit   usbd_cdc.o
    0x0800a2a4   0x0800a2a4   0x00000036   Code   RO        10454    i.USBD_CDC_EP0_RxReady  usbd_cdc.o
    0x0800a2da   0x0800a2da   0x00000002   PAD
    0x0800a2dc   0x0800a2dc   0x0000000c   Code   RO        10455    i.USBD_CDC_GetDeviceQualifierDescriptor  usbd_cdc.o
    0x0800a2e8   0x0800a2e8   0x0000003c   Code   RO        10456    i.USBD_CDC_GetFSCfgDesc  usbd_cdc.o
    0x0800a324   0x0800a324   0x00000040   Code   RO        10457    i.USBD_CDC_GetHSCfgDesc  usbd_cdc.o
    0x0800a364   0x0800a364   0x0000003c   Code   RO        10458    i.USBD_CDC_GetOtherSpeedCfgDesc  usbd_cdc.o
    0x0800a3a0   0x0800a3a0   0x00000118   Code   RO        10459    i.USBD_CDC_Init     usbd_cdc.o
    0x0800a4b8   0x0800a4b8   0x00000038   Code   RO        10460    i.USBD_CDC_ReceivePacket  usbd_cdc.o
    0x0800a4f0   0x0800a4f0   0x00000016   Code   RO        10461    i.USBD_CDC_RegisterInterface  usbd_cdc.o
    0x0800a506   0x0800a506   0x0000001a   Code   RO        10462    i.USBD_CDC_SetRxBuffer  usbd_cdc.o
    0x0800a520   0x0800a520   0x0000001e   Code   RO        10463    i.USBD_CDC_SetTxBuffer  usbd_cdc.o
    0x0800a53e   0x0800a53e   0x000000d4   Code   RO        10464    i.USBD_CDC_Setup    usbd_cdc.o
    0x0800a612   0x0800a612   0x00000002   PAD
    0x0800a614   0x0800a614   0x00000050   Code   RO        10465    i.USBD_CDC_TransmitPacket  usbd_cdc.o
    0x0800a664   0x0800a664   0x00000014   Code   RO        10159    i.USBD_ClrClassConfig  usbd_core.o
    0x0800a678   0x0800a678   0x00000004   Code   RO        10160    i.USBD_CoreFindEP   usbd_core.o
    0x0800a67c   0x0800a67c   0x00000004   Code   RO        10161    i.USBD_CoreFindIF   usbd_core.o
    0x0800a680   0x0800a680   0x00000010   Code   RO        10391    i.USBD_CtlContinueRx  usbd_ioreq.o
    0x0800a690   0x0800a690   0x00000010   Code   RO        10392    i.USBD_CtlContinueSendData  usbd_ioreq.o
    0x0800a6a0   0x0800a6a0   0x00000016   Code   RO        10319    i.USBD_CtlError     usbd_ctlreq.o
    0x0800a6b6   0x0800a6b6   0x0000001e   Code   RO        10393    i.USBD_CtlPrepareRx  usbd_ioreq.o
    0x0800a6d4   0x0800a6d4   0x00000016   Code   RO        10394    i.USBD_CtlReceiveStatus  usbd_ioreq.o
    0x0800a6ea   0x0800a6ea   0x0000001a   Code   RO        10395    i.USBD_CtlSendData  usbd_ioreq.o
    0x0800a704   0x0800a704   0x00000016   Code   RO        10396    i.USBD_CtlSendStatus  usbd_ioreq.o
    0x0800a71a   0x0800a71a   0x00000002   PAD
    0x0800a71c   0x0800a71c   0x00000020   Code   RO         1184    i.USBD_FS_ConfigStrDescriptor  usbd_desc_1.o
    0x0800a73c   0x0800a73c   0x0000000c   Code   RO         1185    i.USBD_FS_DeviceDescriptor  usbd_desc_1.o
    0x0800a748   0x0800a748   0x00000024   Code   RO         1186    i.USBD_FS_InterfaceStrDescriptor  usbd_desc_1.o
    0x0800a76c   0x0800a76c   0x0000000c   Code   RO         1187    i.USBD_FS_LangIDStrDescriptor  usbd_desc_1.o
    0x0800a778   0x0800a778   0x00000028   Code   RO         1188    i.USBD_FS_ManufacturerStrDescriptor  usbd_desc_1.o
    0x0800a7a0   0x0800a7a0   0x0000002c   Code   RO         1189    i.USBD_FS_ProductStrDescriptor  usbd_desc_1.o
    0x0800a7cc   0x0800a7cc   0x00000038   Code   RO         1190    i.USBD_FS_SerialStrDescriptor  usbd_desc_1.o
    0x0800a804   0x0800a804   0x000000e6   Code   RO        10320    i.USBD_GetDescriptor  usbd_ctlreq.o
    0x0800a8ea   0x0800a8ea   0x0000003a   Code   RO        10163    i.USBD_GetEpDesc    usbd_core.o
    0x0800a924   0x0800a924   0x0000000e   Code   RO        10164    i.USBD_GetNextDesc  usbd_core.o
    0x0800a932   0x0800a932   0x00000048   Code   RO        10321    i.USBD_GetString    usbd_ctlreq.o
    0x0800a97a   0x0800a97a   0x00000018   Code   RO         1360    i.USBD_Get_USB_Status  usbd_conf_1.o
    0x0800a992   0x0800a992   0x00000026   Code   RO        10165    i.USBD_Init         usbd_core.o
    0x0800a9b8   0x0800a9b8   0x00000012   Code   RO         1361    i.USBD_LL_ClearStallEP  usbd_conf_1.o
    0x0800a9ca   0x0800a9ca   0x00000012   Code   RO         1362    i.USBD_LL_CloseEP   usbd_conf_1.o
    0x0800a9dc   0x0800a9dc   0x000000b6   Code   RO        10166    i.USBD_LL_DataInStage  usbd_core.o
    0x0800aa92   0x0800aa92   0x0000008e   Code   RO        10167    i.USBD_LL_DataOutStage  usbd_core.o
    0x0800ab20   0x0800ab20   0x00000004   Code   RO        10168    i.USBD_LL_DevConnected  usbd_core.o
    0x0800ab24   0x0800ab24   0x0000001e   Code   RO        10169    i.USBD_LL_DevDisconnected  usbd_core.o
    0x0800ab42   0x0800ab42   0x00000008   Code   RO         1366    i.USBD_LL_GetRxDataSize  usbd_conf_1.o
    0x0800ab4a   0x0800ab4a   0x00000002   PAD
    0x0800ab4c   0x0800ab4c   0x00000060   Code   RO         1367    i.USBD_LL_Init      usbd_conf_1.o
    0x0800abac   0x0800abac   0x00000020   Code   RO         1368    i.USBD_LL_IsStallEP  usbd_conf_1.o
    0x0800abcc   0x0800abcc   0x00000028   Code   RO        10170    i.USBD_LL_IsoINIncomplete  usbd_core.o
    0x0800abf4   0x0800abf4   0x00000028   Code   RO        10171    i.USBD_LL_IsoOUTIncomplete  usbd_core.o
    0x0800ac1c   0x0800ac1c   0x00000018   Code   RO         1369    i.USBD_LL_OpenEP    usbd_conf_1.o
    0x0800ac34   0x0800ac34   0x00000012   Code   RO         1370    i.USBD_LL_PrepareReceive  usbd_conf_1.o
    0x0800ac46   0x0800ac46   0x0000005c   Code   RO        10172    i.USBD_LL_Reset     usbd_core.o
    0x0800aca2   0x0800aca2   0x00000014   Code   RO        10173    i.USBD_LL_Resume    usbd_core.o
    0x0800acb6   0x0800acb6   0x0000001a   Code   RO        10174    i.USBD_LL_SOF       usbd_core.o
    0x0800acd0   0x0800acd0   0x00000006   Code   RO        10175    i.USBD_LL_SetSpeed  usbd_core.o
    0x0800acd6   0x0800acd6   0x00000012   Code   RO         1371    i.USBD_LL_SetUSBAddress  usbd_conf_1.o
    0x0800ace8   0x0800ace8   0x00000060   Code   RO        10176    i.USBD_LL_SetupStage  usbd_core.o
    0x0800ad48   0x0800ad48   0x00000012   Code   RO         1372    i.USBD_LL_StallEP   usbd_conf_1.o
    0x0800ad5a   0x0800ad5a   0x00000012   Code   RO         1373    i.USBD_LL_Start     usbd_conf_1.o
    0x0800ad6c   0x0800ad6c   0x00000012   Code   RO        10177    i.USBD_LL_Suspend   usbd_core.o
    0x0800ad7e   0x0800ad7e   0x00000012   Code   RO         1375    i.USBD_LL_Transmit  usbd_conf_1.o
    0x0800ad90   0x0800ad90   0x0000002c   Code   RO        10322    i.USBD_ParseSetupRequest  usbd_ctlreq.o
    0x0800adbc   0x0800adbc   0x0000003a   Code   RO        10178    i.USBD_RegisterClass  usbd_core.o
    0x0800adf6   0x0800adf6   0x00000014   Code   RO        10180    i.USBD_SetClassConfig  usbd_core.o
    0x0800ae0a   0x0800ae0a   0x00000002   PAD
    0x0800ae0c   0x0800ae0c   0x000000b8   Code   RO        10323    i.USBD_SetConfig    usbd_ctlreq.o
    0x0800aec4   0x0800aec4   0x00000004   Code   RO        10181    i.USBD_Start        usbd_core.o
    0x0800aec8   0x0800aec8   0x0000012c   Code   RO        10324    i.USBD_StdDevReq    usbd_ctlreq.o
    0x0800aff4   0x0800aff4   0x00000160   Code   RO        10325    i.USBD_StdEPReq     usbd_ctlreq.o
    0x0800b154   0x0800b154   0x00000072   Code   RO        10326    i.USBD_StdItfReq    usbd_ctlreq.o
    0x0800b1c6   0x0800b1c6   0x00000002   PAD
    0x0800b1c8   0x0800b1c8   0x00000080   Code   RO         4536    i.USB_ActivateEndpoint  stm32f4xx_ll_usb.o
    0x0800b248   0x0800b248   0x0000001c   Code   RO         4538    i.USB_ActivateSetup  stm32f4xx_ll_usb.o
    0x0800b264   0x0800b264   0x00000074   Code   RO         4540    i.USB_CoreInit      stm32f4xx_ll_usb.o
    0x0800b2d8   0x0800b2d8   0x00000040   Code   RO         4541    i.USB_CoreReset     stm32f4xx_ll_usb.o
    0x0800b318   0x0800b318   0x000000cc   Code   RO         4544    i.USB_DeactivateEndpoint  stm32f4xx_ll_usb.o
    0x0800b3e4   0x0800b3e4   0x0000001c   Code   RO         4545    i.USB_DevConnect    stm32f4xx_ll_usb.o
    0x0800b400   0x0800b400   0x0000001c   Code   RO         4546    i.USB_DevDisconnect  stm32f4xx_ll_usb.o
    0x0800b41c   0x0800b41c   0x00000174   Code   RO         4547    i.USB_DevInit       stm32f4xx_ll_usb.o
    0x0800b590   0x0800b590   0x0000000c   Code   RO         4548    i.USB_DisableGlobalInt  stm32f4xx_ll_usb.o
    0x0800b59c   0x0800b59c   0x0000011c   Code   RO         4551    i.USB_EP0StartXfer  stm32f4xx_ll_usb.o
    0x0800b6b8   0x0800b6b8   0x00000058   Code   RO         4552    i.USB_EP0_OutStart  stm32f4xx_ll_usb.o
    0x0800b710   0x0800b710   0x00000058   Code   RO         4553    i.USB_EPClearStall  stm32f4xx_ll_usb.o
    0x0800b768   0x0800b768   0x00000058   Code   RO         4554    i.USB_EPSetStall    stm32f4xx_ll_usb.o
    0x0800b7c0   0x0800b7c0   0x000001e4   Code   RO         4555    i.USB_EPStartXfer   stm32f4xx_ll_usb.o
    0x0800b9a4   0x0800b9a4   0x0000009e   Code   RO         4556    i.USB_EPStopXfer    stm32f4xx_ll_usb.o
    0x0800ba42   0x0800ba42   0x0000000c   Code   RO         4557    i.USB_EnableGlobalInt  stm32f4xx_ll_usb.o
    0x0800ba4e   0x0800ba4e   0x00000002   PAD
    0x0800ba50   0x0800ba50   0x0000003c   Code   RO         4558    i.USB_FlushRxFifo   stm32f4xx_ll_usb.o
    0x0800ba8c   0x0800ba8c   0x00000040   Code   RO         4559    i.USB_FlushTxFifo   stm32f4xx_ll_usb.o
    0x0800bacc   0x0800bacc   0x0000001a   Code   RO         4561    i.USB_GetDevSpeed   stm32f4xx_ll_usb.o
    0x0800bae6   0x0800bae6   0x00000008   Code   RO         4563    i.USB_GetMode       stm32f4xx_ll_usb.o
    0x0800baee   0x0800baee   0x0000000e   Code   RO         4570    i.USB_ReadDevAllInEpInterrupt  stm32f4xx_ll_usb.o
    0x0800bafc   0x0800bafc   0x0000000e   Code   RO         4571    i.USB_ReadDevAllOutEpInterrupt  stm32f4xx_ll_usb.o
    0x0800bb0a   0x0800bb0a   0x00000024   Code   RO         4572    i.USB_ReadDevInEPInterrupt  stm32f4xx_ll_usb.o
    0x0800bb2e   0x0800bb2e   0x00000010   Code   RO         4573    i.USB_ReadDevOutEPInterrupt  stm32f4xx_ll_usb.o
    0x0800bb3e   0x0800bb3e   0x00000008   Code   RO         4574    i.USB_ReadInterrupts  stm32f4xx_ll_usb.o
    0x0800bb46   0x0800bb46   0x0000003e   Code   RO         4575    i.USB_ReadPacket    stm32f4xx_ll_usb.o
    0x0800bb84   0x0800bb84   0x0000005c   Code   RO         4577    i.USB_SetCurrentMode  stm32f4xx_ll_usb.o
    0x0800bbe0   0x0800bbe0   0x00000022   Code   RO         4578    i.USB_SetDevAddress  stm32f4xx_ll_usb.o
    0x0800bc02   0x0800bc02   0x00000002   PAD
    0x0800bc04   0x0800bc04   0x000000e8   Code   RO         4580    i.USB_SetTurnaroundTime  stm32f4xx_ll_usb.o
    0x0800bcec   0x0800bcec   0x00000028   Code   RO         4583    i.USB_WritePacket   stm32f4xx_ll_usb.o
    0x0800bd14   0x0800bd14   0x00000002   Code   RO          908    i.UsageFault_Handler  stm32f4xx_it.o
    0x0800bd16   0x0800bd16   0x00000030   Code   RO        11354    i.__ARM_fpclassify  m_wm.l(fpclassify.o)
    0x0800bd46   0x0800bd46   0x00000026   Code   RO        11356    i.__ARM_fpclassifyf  m_wm.l(fpclassifyf.o)
    0x0800bd6c   0x0800bd6c   0x00000020   Code   RO         5597    i.__NVIC_SetPriority  stm32f4xx_hal_cortex.o
    0x0800bd8c   0x0800bd8c   0x0000012c   Code   RO        10956    i.__hardfp_asinf    m_wm.l(asinf.o)
    0x0800beb8   0x0800beb8   0x00000250   Code   RO        10968    i.__hardfp_atan2f   m_wm.l(atan2f.o)
    0x0800c108   0x0800c108   0x00000c50   Code   RO        10980    i.__hardfp_pow      m_wm.l(pow.o)
    0x0800cd58   0x0800cd58   0x000000f8   Code   RO        11372    i.__kernel_poly     m_wm.l(poly.o)
    0x0800ce50   0x0800ce50   0x00000030   Code   RO        11334    i.__mathlib_dbl_divzero  m_wm.l(dunder.o)
    0x0800ce80   0x0800ce80   0x00000014   Code   RO        11336    i.__mathlib_dbl_infnan2  m_wm.l(dunder.o)
    0x0800ce94   0x0800ce94   0x00000004   PAD
    0x0800ce98   0x0800ce98   0x00000020   Code   RO        11337    i.__mathlib_dbl_invalid  m_wm.l(dunder.o)
    0x0800ceb8   0x0800ceb8   0x00000020   Code   RO        11338    i.__mathlib_dbl_overflow  m_wm.l(dunder.o)
    0x0800ced8   0x0800ced8   0x00000020   Code   RO        11340    i.__mathlib_dbl_underflow  m_wm.l(dunder.o)
    0x0800cef8   0x0800cef8   0x00000006   Code   RO        11359    i.__mathlib_flt_infnan  m_wm.l(funder.o)
    0x0800cefe   0x0800cefe   0x00000006   Code   RO        11360    i.__mathlib_flt_infnan2  m_wm.l(funder.o)
    0x0800cf04   0x0800cf04   0x00000010   Code   RO        11361    i.__mathlib_flt_invalid  m_wm.l(funder.o)
    0x0800cf14   0x0800cf14   0x00000010   Code   RO        11364    i.__mathlib_flt_underflow  m_wm.l(funder.o)
    0x0800cf24   0x0800cf24   0x0000000e   Code   RO        11455    i.__scatterload_copy  mc_w.l(handlers.o)
    0x0800cf32   0x0800cf32   0x00000002   Code   RO        11456    i.__scatterload_null  mc_w.l(handlers.o)
    0x0800cf34   0x0800cf34   0x0000000e   Code   RO        11457    i.__scatterload_zeroinit  mc_w.l(handlers.o)
    0x0800cf42   0x0800cf42   0x00000002   PAD
    0x0800cf44   0x0800cf44   0x0000000c   Code   RO        11431    i.__set_errno       mc_w.l(errno.o)
    0x0800cf50   0x0800cf50   0x000001d0   Code   RO        10557    i.accel_comple_filter  AHRS.lib(ahrs.o)
    0x0800d120   0x0800d120   0x0000018c   Code   RO        10558    i.accel_update_kp_ki  AHRS.lib(ahrs.o)
    0x0800d2ac   0x0800d2ac   0x0000016c   Code   RO        10559    i.angle_to_quat     AHRS.lib(ahrs.o)
    0x0800d418   0x0800d418   0x0000014c   Code   RO         2799    i.auto_aim_task     auto_aim_task.o
    0x0800d564   0x0800d564   0x000000bc   Code   RO         3423    i.bmi088Offset_Cal  sensor_task.o
    0x0800d620   0x0800d620   0x00000128   Code   RO         2442    i.bmi088_accel_init  bmi088driver.o
    0x0800d748   0x0800d748   0x000002c0   Code   RO         2443    i.bmi088_accel_self_test  bmi088driver.o
    0x0800da08   0x0800da08   0x000000dc   Code   RO         2444    i.bmi088_gyro_init  bmi088driver.o
    0x0800dae4   0x0800dae4   0x000000ca   Code   RO         2445    i.bmi088_gyro_self_test  bmi088driver.o
    0x0800dbae   0x0800dbae   0x00000002   PAD
    0x0800dbb0   0x0800dbb0   0x00000048   Code   RO         3150    i.chassis_Task      chassis_task.o
    0x0800dbf8   0x0800dbf8   0x00000028   Code   RO         1953    i.delay_init        bsp_delay.o
    0x0800dc20   0x0800dc20   0x00000034   Code   RO         1955    i.delay_us          bsp_delay.o
    0x0800dc54   0x0800dc54   0x00000018   Code   RO        11350    i.fabs              m_wm.l(fabs.o)
    0x0800dc6c   0x0800dc6c   0x0000002c   Code   RO         3755    i.fifo_s_get        fifo.o
    0x0800dc98   0x0800dc98   0x00000018   Code   RO         3758    i.fifo_s_init       fifo.o
    0x0800dcb0   0x0800dcb0   0x00000074   Code   RO         3764    i.fifo_s_puts       fifo.o
    0x0800dd24   0x0800dd24   0x00000004   Code   RO         3766    i.fifo_s_used       fifo.o
    0x0800dd28   0x0800dd28   0x0000000c   Code   RO         2648    i.flash_read        bsp_flash.o
    0x0800dd34   0x0800dd34   0x00000050   Code   RO        11284    i.free              mc_w.l(malloc.o)
    0x0800dd84   0x0800dd84   0x0000002c   Code   RO         4196    i.get_CRC16_check_sum  crc8_crc16.o
    0x0800ddb0   0x0800ddb0   0x0000001c   Code   RO         4197    i.get_CRC8_check_sum  crc8_crc16.o
    0x0800ddcc   0x0800ddcc   0x00000008   Code   RO         3424    i.get_INS_angle_point  sensor_task.o
    0x0800ddd4   0x0800ddd4   0x00000008   Code   RO         3425    i.get_INS_quat_point  sensor_task.o
    0x0800dddc   0x0800dddc   0x00000008   Code   RO         1564    i.get_Pitch_Gimbal_Motor_Measure_Point  can_receive.o
    0x0800dde4   0x0800dde4   0x00000008   Code   RO         1565    i.get_Rolling_Motor_Measure_Point  can_receive.o
    0x0800ddec   0x0800ddec   0x00000014   Code   RO         1566    i.get_Shoot_Motor_Measure_Point  can_receive.o
    0x0800de00   0x0800de00   0x00000008   Code   RO         1567    i.get_SuperCap_Measure_Point  can_receive.o
    0x0800de08   0x0800de08   0x00000008   Code   RO         1569    i.get_Yaw_Gimbal_Motor_Measure_Point  can_receive.o
    0x0800de10   0x0800de10   0x000000e8   Code   RO        10560    i.get_angle         AHRS.lib(ahrs.o)
    0x0800def8   0x0800def8   0x0000000c   Code   RO         4091    i.get_chassis_maxpower  referee.o
    0x0800df04   0x0800df04   0x00000010   Code   RO         4092    i.get_chassis_power_and_buffer  referee.o
    0x0800df14   0x0800df14   0x00000008   Code   RO         3428    i.get_gyro_data_point  sensor_task.o
    0x0800df1c   0x0800df1c   0x0000001c   Code   RO         1570    i.get_motor_measure  can_receive.o
    0x0800df38   0x0800df38   0x00000008   Code   RO         3218    i.get_pitch_motor_point  gimbal_task.o
    0x0800df40   0x0800df40   0x00000008   Code   RO         1738    i.get_remote_control_point  remote.o
    0x0800df48   0x0800df48   0x0000000c   Code   RO         4093    i.get_robot_HP      referee.o
    0x0800df54   0x0800df54   0x0000000c   Code   RO         4094    i.get_robot_id      referee.o
    0x0800df60   0x0800df60   0x0000001c   Code   RO         4096    i.get_robot_shoot_cooling  referee.o
    0x0800df7c   0x0800df7c   0x0000000c   Code   RO         4098    i.get_robot_shoot_speed_limit  referee.o
    0x0800df88   0x0800df88   0x00000008   Code   RO         2801    i.get_target_mode_point  auto_aim_task.o
    0x0800df90   0x0800df90   0x00000008   Code   RO         2802    i.get_x_autoaim_point  auto_aim_task.o
    0x0800df98   0x0800df98   0x00000008   Code   RO         2803    i.get_y_autoaim_point  auto_aim_task.o
    0x0800dfa0   0x0800dfa0   0x00000008   Code   RO         3219    i.get_yaw_motor_point  gimbal_task.o
    0x0800dfa8   0x0800dfa8   0x000000c0   Code   RO         3220    i.gimbal_task       gimbal_task.o
    0x0800e068   0x0800e068   0x00000018   Code   RO         2804    i.huoqu             auto_aim_task.o
    0x0800e080   0x0800e080   0x000000fc   Code   RO         3431    i.imu_cmd_spi_dma   sensor_task.o
    0x0800e17c   0x0800e17c   0x0000000c   Code   RO         2577    i.imu_pwm_set       bmi088middleware.o
    0x0800e188   0x0800e188   0x0000007c   Code   RO         3432    i.imu_temp_control  sensor_task.o
    0x0800e204   0x0800e204   0x0000000c   Code   RO         9640    i.inHandlerMode     cmsis_os.o
    0x0800e210   0x0800e210   0x000000a8   Code   RO         4101    i.init_referee_struct_data  referee.o
    0x0800e2b8   0x0800e2b8   0x00000002   Code   RO         2323    i.ist8310_GPIO_init  ist8310driver_middleware.o
    0x0800e2ba   0x0800e2ba   0x00000002   PAD
    0x0800e2bc   0x0800e2bc   0x00000024   Code   RO         2325    i.ist8310_IIC_read_single_reg  ist8310driver_middleware.o
    0x0800e2e0   0x0800e2e0   0x00000024   Code   RO         2327    i.ist8310_IIC_write_single_reg  ist8310driver_middleware.o
    0x0800e304   0x0800e304   0x00000010   Code   RO         2328    i.ist8310_RST_H     ist8310driver_middleware.o
    0x0800e314   0x0800e314   0x00000010   Code   RO         2329    i.ist8310_RST_L     ist8310driver_middleware.o
    0x0800e324   0x0800e324   0x00000002   Code   RO         2330    i.ist8310_com_init  ist8310driver_middleware.o
    0x0800e326   0x0800e326   0x00000004   Code   RO         2331    i.ist8310_delay_ms  ist8310driver_middleware.o
    0x0800e32a   0x0800e32a   0x00000002   PAD
    0x0800e32c   0x0800e32c   0x00000080   Code   RO         2285    i.ist8310_init      ist8310driver.o
    0x0800e3ac   0x0800e3ac   0x00000170   Code   RO         2029    i.kalman_filter_calc  kalman_filter.o
    0x0800e51c   0x0800e51c   0x00000068   Code   RO         2805    i.kalman_filter_feedback  auto_aim_task.o
    0x0800e584   0x0800e584   0x00000102   Code   RO         2030    i.kalman_filter_init  kalman_filter.o
    0x0800e686   0x0800e686   0x00000002   PAD
    0x0800e688   0x0800e688   0x000000c0   Code   RO           16    i.main              main.o
    0x0800e748   0x0800e748   0x0000000c   Code   RO         9642    i.makeFreeRtosPriority  cmsis_os.o
    0x0800e754   0x0800e754   0x0000006c   Code   RO        11285    i.malloc            mc_w.l(malloc.o)
    0x0800e7c0   0x0800e7c0   0x0000000e   Code   RO         9644    i.osDelay           cmsis_os.o
    0x0800e7ce   0x0800e7ce   0x0000000e   Code   RO         9645    i.osDelayUntil      cmsis_os.o
    0x0800e7dc   0x0800e7dc   0x0000000a   Code   RO         9647    i.osKernelStart     cmsis_os.o
    0x0800e7e6   0x0800e7e6   0x00000018   Code   RO         9648    i.osKernelSysTick   cmsis_os.o
    0x0800e7fe   0x0800e7fe   0x00000054   Code   RO         9681    i.osThreadCreate    cmsis_os.o
    0x0800e852   0x0800e852   0x00000002   PAD
    0x0800e854   0x0800e854   0x00000020   Code   RO         9132    i.pcTaskGetName     tasks.o
    0x0800e874   0x0800e874   0x00000078   Code   RO         9133    i.prvAddCurrentTaskToDelayedList  tasks.o
    0x0800e8ec   0x0800e8ec   0x000000d0   Code   RO         9134    i.prvAddNewTaskToReadyList  tasks.o
    0x0800e9bc   0x0800e9bc   0x00000058   Code   RO         9481    i.prvCheckForValidListAndQueue  timers.o
    0x0800ea14   0x0800ea14   0x00000026   Code   RO         8796    i.prvCopyDataFromQueue  queue.o
    0x0800ea3a   0x0800ea3a   0x0000006c   Code   RO         8797    i.prvCopyDataToQueue  queue.o
    0x0800eaa6   0x0800eaa6   0x00000034   Code   RO         9135    i.prvDeleteTCB      tasks.o
    0x0800eada   0x0800eada   0x00000002   PAD
    0x0800eadc   0x0800eadc   0x0000004c   Code   RO        10024    i.prvHeapInit       heap_4.o
    0x0800eb28   0x0800eb28   0x00000060   Code   RO         9136    i.prvIdleTask       tasks.o
    0x0800eb88   0x0800eb88   0x00000016   Code   RO         8799    i.prvInitialiseNewQueue  queue.o
    0x0800eb9e   0x0800eb9e   0x00000002   PAD
    0x0800eba0   0x0800eba0   0x000000b4   Code   RO         9137    i.prvInitialiseNewTask  tasks.o
    0x0800ec54   0x0800ec54   0x0000004c   Code   RO        10025    i.prvInsertBlockIntoFreeList  heap_4.o
    0x0800eca0   0x0800eca0   0x00000038   Code   RO         9483    i.prvInsertTimerInActiveList  timers.o
    0x0800ecd8   0x0800ecd8   0x0000001c   Code   RO         8800    i.prvIsQueueEmpty   queue.o
    0x0800ecf4   0x0800ecf4   0x000000fc   Code   RO         9484    i.prvProcessReceivedCommands  timers.o
    0x0800edf0   0x0800edf0   0x000000c0   Code   RO         9485    i.prvProcessTimerOrBlockTask  timers.o
    0x0800eeb0   0x0800eeb0   0x00000020   Code   RO         9138    i.prvResetNextTaskUnblockTime  tasks.o
    0x0800eed0   0x0800eed0   0x00000028   Code   RO         9486    i.prvSampleTimeNow  timers.o
    0x0800eef8   0x0800eef8   0x00000058   Code   RO         9139    i.prvSearchForNameWithinSingleList  tasks.o
    0x0800ef50   0x0800ef50   0x0000006c   Code   RO         9487    i.prvSwitchTimerLists  timers.o
    0x0800efbc   0x0800efbc   0x00000028   Code   RO        10081    i.prvTaskExitError  port.o
    0x0800efe4   0x0800efe4   0x00000024   Code   RO         9488    i.prvTimerTask      timers.o
    0x0800f008   0x0800f008   0x0000006a   Code   RO         8801    i.prvUnlockQueue    queue.o
    0x0800f072   0x0800f072   0x00000002   PAD
    0x0800f074   0x0800f074   0x000000dc   Code   RO        10026    i.pvPortMalloc      heap_4.o
    0x0800f150   0x0800f150   0x0000002c   Code   RO        10082    i.pxPortInitialiseStack  port.o
    0x0800f17c   0x0800f17c   0x00000084   Code   RO        10565    i.quat_normalization  AHRS.lib(ahrs.o)
    0x0800f200   0x0800f200   0x00000174   Code   RO         4102    i.referee_data_solve  referee.o
    0x0800f374   0x0800f374   0x00000104   Code   RO         3342    i.referee_unpack_fifo_data  referee_usart_task.o
    0x0800f478   0x0800f478   0x00000048   Code   RO         3343    i.referee_usart_task  referee_usart_task.o
    0x0800f4c0   0x0800f4c0   0x00000048   Code   RO         3698    i.sendware          usart_debug.o
    0x0800f508   0x0800f508   0x00000088   Code   RO         3581    i.shoot_task        shoot_task.o
    0x0800f590   0x0800f590   0x0000006e   Code   RO        11380    i.sqrt              m_wm.l(sqrt_full.o)
    0x0800f5fe   0x0800f5fe   0x0000003e   Code   RO        11386    i.sqrtf             m_wm.l(sqrtf_full.o)
    0x0800f63c   0x0800f63c   0x00000040   Code   RO         3647    i.supercap_task     supercaptask.o
    0x0800f67c   0x0800f67c   0x000000b8   Code   RO         3344    i.uart6_init        referee_usart_task.o
    0x0800f734   0x0800f734   0x00000068   Code   RO         9142    i.ulTaskNotifyTake  tasks.o
    0x0800f79c   0x0800f79c   0x0000007a   Code   RO        10566    i.update_w          AHRS.lib(ahrs.o)
    0x0800f816   0x0800f816   0x00000026   Code   RO         8756    i.uxListRemove      list.o
    0x0800f83c   0x0800f83c   0x00000014   Code   RO          471    i.vApplicationGetIdleTaskMemory  freertos.o
    0x0800f850   0x0800f850   0x00000018   Code   RO          472    i.vApplicationGetTimerTaskMemory  freertos.o
    0x0800f868   0x0800f868   0x00000016   Code   RO         8757    i.vListInitialise   list.o
    0x0800f87e   0x0800f87e   0x00000006   Code   RO         8758    i.vListInitialiseItem  list.o
    0x0800f884   0x0800f884   0x00000030   Code   RO         8759    i.vListInsert       list.o
    0x0800f8b4   0x0800f8b4   0x00000018   Code   RO         8760    i.vListInsertEnd    list.o
    0x0800f8cc   0x0800f8cc   0x00000040   Code   RO        10084    i.vPortEnterCritical  port.o
    0x0800f90c   0x0800f90c   0x00000028   Code   RO        10085    i.vPortExitCritical  port.o
    0x0800f934   0x0800f934   0x00000064   Code   RO        10027    i.vPortFree         heap_4.o
    0x0800f998   0x0800f998   0x00000024   Code   RO        10086    i.vPortSetupTimerInterrupt  port.o
    0x0800f9bc   0x0800f9bc   0x00000054   Code   RO        10087    i.vPortValidateInterruptPriority  port.o
    0x0800fa10   0x0800fa10   0x00000028   Code   RO         8805    i.vQueueAddToRegistry  queue.o
    0x0800fa38   0x0800fa38   0x00000044   Code   RO         8808    i.vQueueWaitForMessageRestricted  queue.o
    0x0800fa7c   0x0800fa7c   0x0000004c   Code   RO         9149    i.vTaskDelay        tasks.o
    0x0800fac8   0x0800fac8   0x0000008c   Code   RO         9150    i.vTaskDelayUntil   tasks.o
    0x0800fb54   0x0800fb54   0x00000010   Code   RO         9153    i.vTaskInternalSetTimeOutState  tasks.o
    0x0800fb64   0x0800fb64   0x0000000c   Code   RO         9154    i.vTaskMissedYield  tasks.o
    0x0800fb70   0x0800fb70   0x000000b4   Code   RO         9155    i.vTaskNotifyGiveFromISR  tasks.o
    0x0800fc24   0x0800fc24   0x00000030   Code   RO         9156    i.vTaskPlaceOnEventList  tasks.o
    0x0800fc54   0x0800fc54   0x00000038   Code   RO         9157    i.vTaskPlaceOnEventListRestricted  tasks.o
    0x0800fc8c   0x0800fc8c   0x00000088   Code   RO         9164    i.vTaskStartScheduler  tasks.o
    0x0800fd14   0x0800fd14   0x00000010   Code   RO         9166    i.vTaskSuspendAll   tasks.o
    0x0800fd24   0x0800fd24   0x0000005c   Code   RO         9167    i.vTaskSwitchContext  tasks.o
    0x0800fd80   0x0800fd80   0x0000003c   Code   RO         4198    i.verify_CRC16_check_sum  crc8_crc16.o
    0x0800fdbc   0x0800fdbc   0x00000026   Code   RO         4199    i.verify_CRC8_check_sum  crc8_crc16.o
    0x0800fde2   0x0800fde2   0x00000002   PAD
    0x0800fde4   0x0800fde4   0x000000f4   Code   RO        10088    i.xPortStartScheduler  port.o
    0x0800fed8   0x0800fed8   0x00000066   Code   RO         8812    i.xQueueGenericCreateStatic  queue.o
    0x0800ff3e   0x0800ff3e   0x00000002   PAD
    0x0800ff40   0x0800ff40   0x00000088   Code   RO         8813    i.xQueueGenericReset  queue.o
    0x0800ffc8   0x0800ffc8   0x00000160   Code   RO         8814    i.xQueueGenericSend  queue.o
    0x08010128   0x08010128   0x000000be   Code   RO         8815    i.xQueueGenericSendFromISR  queue.o
    0x080101e6   0x080101e6   0x00000002   PAD
    0x080101e8   0x080101e8   0x00000138   Code   RO         8823    i.xQueueReceive     queue.o
    0x08010320   0x08010320   0x00000088   Code   RO         9170    i.xTaskCheckForTimeOut  tasks.o
    0x080103a8   0x080103a8   0x0000005a   Code   RO         9171    i.xTaskCreate       tasks.o
    0x08010402   0x08010402   0x00000056   Code   RO         9172    i.xTaskCreateStatic  tasks.o
    0x08010458   0x08010458   0x00000084   Code   RO         9176    i.xTaskGetHandle    tasks.o
    0x080104dc   0x080104dc   0x0000001c   Code   RO         9177    i.xTaskGetSchedulerState  tasks.o
    0x080104f8   0x080104f8   0x0000000c   Code   RO         9178    i.xTaskGetTickCount  tasks.o
    0x08010504   0x08010504   0x00000010   Code   RO         9179    i.xTaskGetTickCountFromISR  tasks.o
    0x08010514   0x08010514   0x000000cc   Code   RO         9180    i.xTaskIncrementTick  tasks.o
    0x080105e0   0x080105e0   0x00000098   Code   RO         9183    i.xTaskPriorityDisinherit  tasks.o
    0x08010678   0x08010678   0x00000074   Code   RO         9185    i.xTaskRemoveFromEventList  tasks.o
    0x080106ec   0x080106ec   0x000000c4   Code   RO         9186    i.xTaskResumeAll    tasks.o
    0x080107b0   0x080107b0   0x00000060   Code   RO         9495    i.xTimerCreateTimerTask  timers.o
    0x08010810   0x08010810   0x00000068   Code   RO         9496    i.xTimerGenericCommand  timers.o
    0x08010878   0x08010878   0x00000118   Data   RO          474    .constdata          freertos.o
    0x08010990   0x08010990   0x0000000c   Data   RO         2288    .constdata          ist8310driver.o
    0x0801099c   0x0801099c   0x00000012   Data   RO         2450    .constdata          bmi088driver.o
    0x080109ae   0x080109ae   0x00000002   PAD
    0x080109b0   0x080109b0   0x0000000c   Data   RO         3439    .constdata          sensor_task.o
    0x080109bc   0x080109bc   0x00000300   Data   RO         4201    .constdata          crc8_crc16.o
    0x08010cbc   0x08010cbc   0x00000008   Data   RO         5314    .constdata          stm32f4xx_hal_dma.o
    0x08010cc4   0x08010cc4   0x00000010   Data   RO         8588    .constdata          system_stm32f4xx.o
    0x08010cd4   0x08010cd4   0x00000008   Data   RO         8589    .constdata          system_stm32f4xx.o
    0x08010cdc   0x08010cdc   0x0000000c   Data   RO        10567    .constdata          AHRS.lib(ahrs.o)
    0x08010ce8   0x08010ce8   0x00000804   Data   RO        10921    .constdata          arm_cortexM4lf_math.lib(arm_common_tables.o)
    0x080114ec   0x080114ec   0x00000004   PAD
    0x080114f0   0x080114f0   0x00000088   Data   RO        10983    .constdata          m_wm.l(pow.o)
    0x08011578   0x08011578   0x00000008   Data   RO        11374    .constdata          m_wm.l(qnan.o)
    0x08011580   0x08011580   0x0000007c   Data   RO          475    .conststring        freertos.o
    0x080115fc   0x080115fc   0x00000020   Data   RO        11453    Region$$Table       anon$$obj.o


    Execution Region RW_IRAM2 (Exec base: 0x10000000, Load base: 0x080117e8, Size: 0x00000000, Max: 0x00010000, ABSOLUTE)

    **** No section assigned to this execution region ****


    Execution Region RW_IRAM1 (Exec base: 0x20000000, Load base: 0x0801161c, Size: 0x0000c250, Max: 0x00020000, ABSOLUTE, COMPRESSED[0x000001cc])

    Exec Addr    Load Addr    Size         Type   Attr      Idx    E Section Name        Object

    0x20000000   COMPRESSED   0x00000028   Data   RW          476    .data               freertos.o
    0x20000028   COMPRESSED   0x00000004   Data   RW          611    .data               can.o
    0x2000002c   COMPRESSED   0x00000008   Data   RW          909    .data               stm32f4xx_it.o
    0x20000034   COMPRESSED   0x0000001c   Data   RW         1192    .data               usbd_desc_1.o
    0x20000050   COMPRESSED   0x00000032   Data   RW         1193    .data               usbd_desc_1.o
    0x20000082   COMPRESSED   0x00000002   PAD
    0x20000084   COMPRESSED   0x00000014   Data   RW         1276    .data               usbd_cdc_if_1.o
    0x20000098   COMPRESSED   0x00000004   Data   RW         1277    .data               usbd_cdc_if_1.o
    0x2000009c   COMPRESSED   0x0000002c   Data   RW         1574    .data               can_receive.o
    0x200000c8   COMPRESSED   0x00000008   Data   RW         1956    .data               bsp_delay.o
    0x200000d0   COMPRESSED   0x000000e0   Data   RW         1994    .data               filter.o
    0x200001b0   COMPRESSED   0x0000002c   Data   RW         2451    .data               bmi088driver.o
    0x200001dc   COMPRESSED   0x00000010   Data   RW         2807    .data               auto_aim_task.o
    0x200001ec   COMPRESSED   0x00000008   Data   RW         3153    .data               chassis_task.o
    0x200001f4   COMPRESSED   0x00000004   Data   RW         3223    .data               gimbal_task.o
    0x200001f8   COMPRESSED   0x00000030   Data   RW         3307    .data               presstime.o
    0x20000228   COMPRESSED   0x00000004   Data   RW         3347    .data               referee_usart_task.o
    0x2000022c   COMPRESSED   0x00000088   Data   RW         3441    .data               sensor_task.o
    0x200002b4   COMPRESSED   0x00000004   Data   RW         3584    .data               shoot_task.o
    0x200002b8   COMPRESSED   0x00000002   Data   RW         3649    .data               supercaptask.o
    0x200002ba   COMPRESSED   0x00000033   Data   RW         4104    .data               referee.o
    0x200002ed   COMPRESSED   0x00000001   PAD
    0x200002ee   COMPRESSED   0x00000002   Data   RW         4202    .data               crc8_crc16.o
    0x200002f0   COMPRESSED   0x0000000c   Data   RW         5741    .data               stm32f4xx_hal.o
    0x200002fc   COMPRESSED   0x00000004   Data   RW         8590    .data               system_stm32f4xx.o
    0x20000300   COMPRESSED   0x0000003c   Data   RW         9189    .data               tasks.o
    0x2000033c   COMPRESSED   0x00000014   Data   RW         9504    .data               timers.o
    0x20000350   COMPRESSED   0x00000020   Data   RW        10033    .data               heap_4.o
    0x20000370   COMPRESSED   0x0000000c   Data   RW        10089    .data               port.o
    0x2000037c   COMPRESSED   0x00000001   Data   RW        10327    .data               usbd_ctlreq.o
    0x2000037d   COMPRESSED   0x00000003   PAD
    0x20000380   COMPRESSED   0x00000053   Data   RW        10466    .data               usbd_cdc.o
    0x200003d3   COMPRESSED   0x00000001   PAD
    0x200003d4   COMPRESSED   0x00000038   Data   RW        10467    .data               usbd_cdc.o
    0x2000040c   COMPRESSED   0x00000010   Data   RW        10568    .data               AHRS.lib(ahrs.o)
    0x2000041c   COMPRESSED   0x00000004   Data   RW        11427    .data               mc_w.l(mvars.o)
    0x20000420   COMPRESSED   0x00000004   Data   RW        11428    .data               mc_w.l(mvars.o)
    0x20000424   COMPRESSED   0x00000004   Data   RW        11432    .data               mc_w.l(errno.o)
    0x20000428        -       0x000006a8   Zero   RW          473    .bss                freertos.o
    0x20000ad0        -       0x00000048   Zero   RW          567    .bss                adc.o
    0x20000b18        -       0x00000050   Zero   RW          610    .bss                can.o
    0x20000b68        -       0x00000054   Zero   RW          685    .bss                i2c.o
    0x20000bbc        -       0x00000118   Zero   RW          727    .bss                spi.o
    0x20000cd4        -       0x00000120   Zero   RW          773    .bss                tim.o
    0x20000df4        -       0x000002ac   Zero   RW          837    .bss                usart.o
    0x200010a0        -       0x00000048   Zero   RW         1086    .bss                stm32f4xx_hal_timebase_tim.o
    0x200010e8        -       0x000002dc   Zero   RW         1123    .bss                usb_device_1.o
    0x200013c4        -       0x00000200   Zero   RW         1191    .bss                usbd_desc_1.o
    0x200015c4        -       0x00001000   Zero   RW         1275    .bss                usbd_cdc_if_1.o
    0x200025c4        -       0x0000072c   Zero   RW         1378    .bss                usbd_conf_1.o
    0x20002cf0        -       0x00000090   Zero   RW         1572    .bss                can_receive.o
    0x20002d80        -       0x0000001c   Zero   RW         1573    .bss                can_receive.o
    0x20002d9c        -       0x00000016   Zero   RW         1739    .bss                remote.o
    0x20002db2        -       0x00000012   Zero   RW         1740    .bss                remote.o
    0x20002dc4        -       0x00000310   Zero   RW         2806    .bss                auto_aim_task.o
    0x200030d4        -       0x000002f4   Zero   RW         3152    .bss                chassis_task.o
    0x200033c8        -       0x00000360   Zero   RW         3221    .bss                gimbal_task.o
    0x20003728        -       0x000004a5   Zero   RW         3345    .bss                referee_usart_task.o
    0x20003bcd        -       0x00000400   Zero   RW         3346    .bss                referee_usart_task.o
    0x20003fcd   COMPRESSED   0x00000003   PAD
    0x20003fd0        -       0x00000164   Zero   RW         3434    .bss                sensor_task.o
    0x20004134   COMPRESSED   0x00000004   PAD
    0x20004138        -       0x000001d0   Zero   RW         3582    .bss                shoot_task.o
    0x20004308        -       0x00000068   Zero   RW         3648    .bss                supercaptask.o
    0x20004370        -       0x0000009b   Zero   RW         4103    .bss                referee.o
    0x2000440b   COMPRESSED   0x00000001   PAD
    0x2000440c        -       0x00000040   Zero   RW         8826    .bss                queue.o
    0x2000444c        -       0x000000f0   Zero   RW         9188    .bss                tasks.o
    0x2000453c        -       0x00000110   Zero   RW         9503    .bss                timers.o
    0x2000464c        -       0x00003c00   Zero   RW        10032    .bss                heap_4.o
    0x2000824c   COMPRESSED   0x00000004   PAD
    0x20008250        -       0x00001000   Zero   RW            2    HEAP                startup_stm32f407xx.o
    0x20009250        -       0x00003000   Zero   RW            1    STACK               startup_stm32f407xx.o


==============================================================================

Image component sizes


      Code (inc. data)   RO Data    RW Data    ZI Data      Debug   Object Name

       140         22          0          0         72       1697   adc.o
       100         16          0          0          0       5612   ahrs_middleware.o
      1208        124          0         16        784     654070   auto_aim_task.o
      2158         32         18         44          0      10995   bmi088driver.o
       120         32          0          0          0       5318   bmi088middleware.o
         0          0          0          0          0        588   bsp_adc.o
        92         18          0          8          0       1408   bsp_delay.o
        12          0          0          0          0       1069   bsp_flash.o
      4964         74          0          0          0       2462   bsp_spi.o
       420         42          0          4         80       2654   can.o
       648        100          0         44        172      12044   can_receive.o
       640         86          0          8        756       9776   chassis_task.o
       170          0          0          0          0      32574   cmsis_os.o
       170         16        768          2          0       3851   crc8_crc16.o
         0          0          0          0          0       7400   croutine.o
       156          4          0          0          0        922   dma.o
         0          0          0          0          0      22160   event_groups.o
       188          0          0          0          0       3865   fifo.o
       228          4          0          0          0       3167   fifo_float.o
       436         26          0        224          0       2897   filter.o
       292         18        404         40       1704      33325   freertos.o
      1928        202          0          4        864      11925   gimbal_task.o
       492         24          0          0          0     735115   gpio.o
       472         24          0         32      15360       4871   heap_4.o
       200         32          0          0         84       1849   i2c.o
       128          6         12          0          0       2447   ist8310driver.o
       112         22          0          0          0       3979   ist8310driver_middleware.o
       626          0          0          0          0      17030   kalman_filter.o
       138          0          0          0          0       3550   list.o
       364         48          0          0          0     691416   main.o
       392         14          0          0          0       4458   pid.o
       786         82          0         12          0      11853   port.o
       692         22          0         48          0       2161   presstime.o
      1502         20          0          0         64      17316   queue.o
       632         60          0         51        155      13966   referee.o
       664         70          0          4       2213       5076   referee_usart_task.o
       256         10          0          0         40       6197   remote.o
      2320        170         12        136        356      13533   sensor_task.o
      1540        112          0          4        464       9902   shoot_task.o
       328         32          0          0        280       2035   spi.o
        36          8        392          0      16384        852   startup_stm32f407xx.o
       116         18          0         12          0       8934   stm32f4xx_hal.o
       712         28          0          0          0       3007   stm32f4xx_hal_adc.o
      1640          6          0          0          0      15483   stm32f4xx_hal_can.o
       158         14          0          0          0      33306   stm32f4xx_hal_cortex.o
       902         16          8          0          0       6019   stm32f4xx_hal_dma.o
       546         52          0          0          0       3624   stm32f4xx_hal_gpio.o
      2174         52          0          0          0      13322   stm32f4xx_hal_i2c.o
        56          4          0          0          0        930   stm32f4xx_hal_msp.o
      2638         12          0          0          0      14160   stm32f4xx_hal_pcd.o
        78          0          0          0          0       2521   stm32f4xx_hal_pcd_ex.o
      1424         92          0          0          0       6625   stm32f4xx_hal_rcc.o
       942         12          0          0          0       5065   stm32f4xx_hal_spi.o
      2020        136          0          0          0      17618   stm32f4xx_hal_tim.o
       232         28          0          0          0       3429   stm32f4xx_hal_tim_ex.o
       116         16          0          0         72       1516   stm32f4xx_hal_timebase_tim.o
      1198         24          0          0          0      11726   stm32f4xx_hal_uart.o
       296        100          0          8          0      13217   stm32f4xx_it.o
      2888        134          0          0          0      24955   stm32f4xx_ll_usb.o
       168         32          0          2        104       3662   supercaptask.o
        28          6         24          4          0       1251   system_stm32f4xx.o
      2852        200          0         60        240      33638   tasks.o
       940         90          0          0        288       5145   tim.o
       972         80          0         20        272      32355   timers.o
       756         78          0          0        684       3815   usart.o
       224         18          0          0          0       2315   usart_debug.o
        84         18          0          0        732       8539   usb_device_1.o
      1278         36          0        139          0      14965   usbd_cdc.o
       136         26          0         24       4096       8808   usbd_cdc_if_1.o
       634         20          0          0       1836      17005   usbd_conf_1.o
       916          0          0          0          0      16139   usbd_core.o
      1328         28          0          1          0      15236   usbd_ctlreq.o
       288        104          0         78        512       6469   usbd_desc_1.o
       132          0          0          0          0       4744   usbd_ioreq.o

    ----------------------------------------------------------------------
     54712       3052       1672       1036      48680    2736928   Object Totals
         0          0         32          0          0          0   (incl. Generated)
        90          0          2          7         12          0   (incl. Padding)

    ----------------------------------------------------------------------

      Code (inc. data)   RO Data    RW Data    ZI Data      Debug   Library Member Name

      2718         84         12         16          0       9922   ahrs.o
         0          0       2052          0          0       4636   arm_common_tables.o
       120         12          0          0          0      16970   arm_cos_f32.o
       264          0          0          0          0       1482   arm_mat_add_f32.o
         8          0          0          0          0        843   arm_mat_init_f32.o
      1328          4          0          0          0       2718   arm_mat_inverse_f32.o
       316          4          0          0          0       1627   arm_mat_mult_f32.o
       264          0          0          0          0       1482   arm_mat_sub_f32.o
       276          0          0          0          0       1516   arm_mat_trans_f32.o
       116         12          0          0          0        658   arm_sin_f32.o
       300         42          0          0          0        176   asinf.o
       592         90          0          0          0        184   atan2f.o
       164         44          0          0          0        620   dunder.o
        24          0          0          0          0        124   fabs.o
        48          0          0          0          0        124   fpclassify.o
        38          0          0          0          0        116   fpclassifyf.o
        44         12          0          0          0        464   funder.o
       248          0          0          0          0        152   poly.o
      3152        296        136          0          0        352   pow.o
         0          0          8          0          0          0   qnan.o
       110          0          0          0          0        148   sqrt_full.o
        62          0          0          0          0        136   sqrtf_full.o
        86          0          0          0          0          0   __dczerorl2.o
         0          0          0          0          0          0   entry.o
         0          0          0          0          0          0   entry10a.o
         0          0          0          0          0          0   entry11a.o
         8          4          0          0          0          0   entry2.o
         4          0          0          0          0          0   entry5.o
         0          0          0          0          0          0   entry7b.o
         0          0          0          0          0          0   entry8b.o
         8          4          0          0          0          0   entry9a.o
        12          6          0          4          0         68   errno.o
        30          0          0          0          0          0   handlers.o
        36          8          0          0          0         68   init.o
         0          0          0          0          0          0   iusefp.o
        98          0          0          0          0         84   ldiv.o
        30          0          0          0          0         68   llshl.o
        36          0          0          0          0         68   llsshr.o
        32          0          0          0          0         68   llushr.o
       188         20          0          0          0        160   malloc.o
        36          0          0          0          0         68   memcpya.o
        36          0          0          0          0        108   memseta.o
         0          0          0          8          0          0   mvars.o
        14          0          0          0          0         68   strlen.o
        98          0          0          0          0         92   uldiv.o
        48          0          0          0          0         68   cdcmple.o
        48          0          0          0          0         68   cdrcmple.o
        56          0          0          0          0         88   d2f.o
       334          0          0          0          0        148   dadd.o
       222          0          0          0          0        100   ddiv.o
       186          0          0          0          0        176   depilogue.o
        62          0          0          0          0         80   dfixi.o
        34          0          0          0          0         76   dflti.o
        26          0          0          0          0         76   dfltui.o
       228          0          0          0          0         96   dmul.o
        46          0          0          0          0         80   dscalb.o
       162          0          0          0          0        100   dsqrt.o
        38          0          0          0          0         68   f2d.o
       110          0          0          0          0        168   fepilogue.o
        44          0          0          0          0         92   ffltl.o

    ----------------------------------------------------------------------
     12600        642       2212         28          0      46854   Library Totals
        12          0          4          0          0          0   (incl. Padding)

    ----------------------------------------------------------------------

      Code (inc. data)   RO Data    RW Data    ZI Data      Debug   Library Name

      2718         84         12         16          0       9922   AHRS.lib
      2692         32       2052          0          0      31932   arm_cortexM4lf_math.lib
      4782        484        144          0          0       2596   m_wm.l
       752         42          0         12          0        920   mc_w.l
      1644          0          0          0          0       1484   mf_w.l

    ----------------------------------------------------------------------
     12600        642       2212         28          0      46854   Library Totals

    ----------------------------------------------------------------------

==============================================================================


      Code (inc. data)   RO Data    RW Data    ZI Data      Debug   

     67312       3694       3884       1064      48680    2730318   Grand Totals
     67312       3694       3884        460      48680    2730318   ELF Image Totals (compressed)
     67312       3694       3884        460          0          0   ROM Totals

==============================================================================

    Total RO  Size (Code + RO Data)                71196 (  69.53kB)
    Total RW  Size (RW Data + ZI Data)             49744 (  48.58kB)
    Total ROM Size (Code + RO Data + RW Data)      71656 (  69.98kB)

==============================================================================

