Component: ARM Compiler 5.06 update 6 (build 750) Tool: armlink [4d35ed]

==============================================================================

Section Cross References

    startup_stm32f407xx.o(RESET) refers to startup_stm32f407xx.o(STACK) for __initial_sp
    startup_stm32f407xx.o(RESET) refers to startup_stm32f407xx.o(.text) for Reset_Handler
    startup_stm32f407xx.o(RESET) refers to stm32f4xx_it.o(i.NMI_Handler) for NMI_Handler
    startup_stm32f407xx.o(RESET) refers to stm32f4xx_it.o(i.HardFault_Handler) for HardFault_Handler
    startup_stm32f407xx.o(RESET) refers to stm32f4xx_it.o(i.MemManage_Handler) for MemManage_Handler
    startup_stm32f407xx.o(RESET) refers to stm32f4xx_it.o(i.BusFault_Handler) for BusFault_Handler
    startup_stm32f407xx.o(RESET) refers to stm32f4xx_it.o(i.UsageFault_Handler) for UsageFault_Handler
    startup_stm32f407xx.o(RESET) refers to port.o(.emb_text) for SVC_Handler
    startup_stm32f407xx.o(RESET) refers to stm32f4xx_it.o(i.DebugMon_Handler) for DebugMon_Handler
    startup_stm32f407xx.o(RESET) refers to port.o(i.SysTick_Handler) for SysTick_Handler
    startup_stm32f407xx.o(RESET) refers to stm32f4xx_it.o(i.DMA1_Stream1_IRQHandler) for DMA1_Stream1_IRQHandler
    startup_stm32f407xx.o(RESET) refers to stm32f4xx_it.o(i.CAN1_TX_IRQHandler) for CAN1_TX_IRQHandler
    startup_stm32f407xx.o(RESET) refers to stm32f4xx_it.o(i.CAN1_RX0_IRQHandler) for CAN1_RX0_IRQHandler
    startup_stm32f407xx.o(RESET) refers to stm32f4xx_it.o(i.TIM8_TRG_COM_TIM14_IRQHandler) for TIM8_TRG_COM_TIM14_IRQHandler
    startup_stm32f407xx.o(RESET) refers to stm32f4xx_it.o(i.DMA2_Stream1_IRQHandler) for DMA2_Stream1_IRQHandler
    startup_stm32f407xx.o(RESET) refers to stm32f4xx_it.o(i.DMA2_Stream2_IRQHandler) for DMA2_Stream2_IRQHandler
    startup_stm32f407xx.o(RESET) refers to stm32f4xx_it.o(i.CAN2_TX_IRQHandler) for CAN2_TX_IRQHandler
    startup_stm32f407xx.o(RESET) refers to stm32f4xx_it.o(i.CAN2_RX1_IRQHandler) for CAN2_RX1_IRQHandler
    startup_stm32f407xx.o(RESET) refers to stm32f4xx_it.o(i.DMA2_Stream6_IRQHandler) for DMA2_Stream6_IRQHandler
    startup_stm32f407xx.o(RESET) refers to stm32f4xx_it.o(i.DMA2_Stream7_IRQHandler) for DMA2_Stream7_IRQHandler
    startup_stm32f407xx.o(RESET) refers to stm32f4xx_it.o(i.USART6_IRQHandler) for USART6_IRQHandler
    startup_stm32f407xx.o(.text) refers to system_stm32f4xx.o(i.SystemInit) for SystemInit
    startup_stm32f407xx.o(.text) refers to entry.o(.ARM.Collect$$$$00000000) for __main
    main.o(i.HAL_TIM_PeriodElapsedCallback) refers to stm32f4xx_hal.o(i.HAL_IncTick) for HAL_IncTick
    main.o(i.SystemClock_Config) refers to memseta.o(.text) for __aeabi_memclr4
    main.o(i.SystemClock_Config) refers to stm32f4xx_hal_rcc.o(i.HAL_RCC_OscConfig) for HAL_RCC_OscConfig
    main.o(i.SystemClock_Config) refers to stm32f4xx_hal_rcc.o(i.HAL_RCC_ClockConfig) for HAL_RCC_ClockConfig
    main.o(i.main) refers to stm32f4xx_hal.o(i.HAL_Init) for HAL_Init
    main.o(i.main) refers to main.o(i.SystemClock_Config) for SystemClock_Config
    main.o(i.main) refers to gpio.o(i.MX_GPIO_Init) for MX_GPIO_Init
    main.o(i.main) refers to dma.o(i.MX_DMA_Init) for MX_DMA_Init
    main.o(i.main) refers to can.o(i.MX_CAN1_Init) for MX_CAN1_Init
    main.o(i.main) refers to can.o(i.MX_CAN2_Init) for MX_CAN2_Init
    main.o(i.main) refers to usart.o(i.MX_USART1_UART_Init) for MX_USART1_UART_Init
    main.o(i.main) refers to usart.o(i.MX_USART3_UART_Init) for MX_USART3_UART_Init
    main.o(i.main) refers to usart.o(i.MX_USART6_UART_Init) for MX_USART6_UART_Init
    main.o(i.main) refers to can_receive.o(i.CAN1_Init) for CAN1_Init
    main.o(i.main) refers to can_receive.o(i.CAN2_Init) for CAN2_Init
    main.o(i.main) refers to stm32f4xx_hal_uart.o(i.HAL_UART_Receive_DMA) for HAL_UART_Receive_DMA
    main.o(i.main) refers to bsp_delay.o(i.delay_init) for delay_init
    main.o(i.main) refers to freertos.o(i.MX_FREERTOS_Init) for MX_FREERTOS_Init
    main.o(i.main) refers to cmsis_os.o(i.osKernelStart) for osKernelStart
    main.o(i.main) refers to remote.o(.bss) for teledata_rx
    main.o(i.main) refers to usart.o(.bss) for huart3
    gpio.o(i.MX_GPIO_Init) refers to memseta.o(.text) for __aeabi_memclr4
    gpio.o(i.MX_GPIO_Init) refers to stm32f4xx_hal_gpio.o(i.HAL_GPIO_WritePin) for HAL_GPIO_WritePin
    gpio.o(i.MX_GPIO_Init) refers to stm32f4xx_hal_gpio.o(i.HAL_GPIO_Init) for HAL_GPIO_Init
    freertos.o(i.MX_FREERTOS_Init) refers to memcpya.o(.text) for __aeabi_memcpy4
    freertos.o(i.MX_FREERTOS_Init) refers to cmsis_os.o(i.osThreadCreate) for osThreadCreate
    freertos.o(i.MX_FREERTOS_Init) refers to freertos.o(.constdata) for .constdata
    freertos.o(i.MX_FREERTOS_Init) refers to freertos.o(.data) for .data
    freertos.o(i.StartDefaultTask) refers to stm32f4xx_hal_gpio.o(i.HAL_GPIO_TogglePin) for HAL_GPIO_TogglePin
    freertos.o(i.StartDefaultTask) refers to cmsis_os.o(i.osDelay) for osDelay
[...]
    .constdata                               0x0800757c   Section     2052  arm_common_tables.o(.constdata)
    .constdata                               0x08007d80   Section      136  pow.o(.constdata)
    bp                                       0x08007d80   Data          16  pow.o(.constdata)
    dp_h                                     0x08007d90   Data          16  pow.o(.constdata)
    dp_l                                     0x08007da0   Data          16  pow.o(.constdata)
    L                                        0x08007db0   Data          48  pow.o(.constdata)
    P                                        0x08007de0   Data          40  pow.o(.constdata)
    .constdata                               0x08007e08   Section      152  atan.o(.constdata)
    atanhi                                   0x08007e08   Data          32  atan.o(.constdata)
    atanlo                                   0x08007e28   Data          32  atan.o(.constdata)
    aTodd                                    0x08007e48   Data          40  atan.o(.constdata)
    aTeven                                   0x08007e70   Data          48  atan.o(.constdata)
    .constdata                               0x08007ea0   Section        8  qnan.o(.constdata)
    .conststring                             0x08007ea8   Section       50  freertos.o(.conststring)
    .data                                    0x20000000   Section       16  freertos.o(.data)
    .data                                    0x20000010   Section        4  can.o(.data)
    HAL_RCC_CAN1_CLK_ENABLED                 0x20000010   Data           4  can.o(.data)
    .data                                    0x20000014   Section        8  stm32f4xx_it.o(.data)
    aData                                    0x20000014   Data           8  stm32f4xx_it.o(.data)
    .data                                    0x2000001c   Section        8  bsp_delay.o(.data)
    fac_us                                   0x2000001c   Data           1  bsp_delay.o(.data)
    fac_ms                                   0x20000020   Data           4  bsp_delay.o(.data)
    .data                                    0x20000024   Section       42  can_receive.o(.data)
    i                                        0x20000024   Data           1  can_receive.o(.data)
    i                                        0x20000025   Data           1  can_receive.o(.data)
    TxData                                   0x20000036   Data           8  can_receive.o(.data)
    TxData                                   0x2000003e   Data           8  can_receive.o(.data)
    .data                                    0x20000050   Section        4  chassis_task.o(.data)
    .data                                    0x20000054   Section       20  sewrve_task.o(.data)
    .data                                    0x20000068   Section       12  stm32f4xx_hal.o(.data)
    .data                                    0x20000074   Section        4  system_stm32f4xx.o(.data)
    .data                                    0x20000078   Section       60  tasks.o(.data)
    uxDeletedTasksWaitingCleanUp             0x2000007c   Data           4  tasks.o(.data)
    uxCurrentNumberOfTasks                   0x20000080   Data           4  tasks.o(.data)
    xTickCount                               0x20000084   Data           4  tasks.o(.data)
    uxTopReadyPriority                       0x20000088   Data           4  tasks.o(.data)
    xSchedulerRunning                        0x2000008c   Data           4  tasks.o(.data)
    xPendedTicks                             0x20000090   Data           4  tasks.o(.data)
    xYieldPending                            0x20000094   Data           4  tasks.o(.data)
    xNumOfOverflows                          0x20000098   Data           4  tasks.o(.data)
    uxTaskNumber                             0x2000009c   Data           4  tasks.o(.data)
    xNextTaskUnblockTime                     0x200000a0   Data           4  tasks.o(.data)
    xIdleTaskHandle                          0x200000a4   Data           4  tasks.o(.data)
    uxSchedulerSuspended                     0x200000a8   Data           4  tasks.o(.data)
    pxDelayedTaskList                        0x200000ac   Data           4  tasks.o(.data)
    pxOverflowDelayedTaskList                0x200000b0   Data           4  tasks.o(.data)
    .data                                    0x200000b4   Section       20  timers.o(.data)
    xTimerQueue                              0x200000b4   Data           4  timers.o(.data)
    xTimerTaskHandle                         0x200000b8   Data           4  timers.o(.data)
    xLastTime                                0x200000bc   Data           4  timers.o(.data)
    pxCurrentTimerList                       0x200000c0   Data           4  timers.o(.data)
    pxOverflowTimerList                      0x200000c4   Data           4  timers.o(.data)
    .data                                    0x200000c8   Section       32  heap_4.o(.data)
    pxEnd                                    0x200000c8   Data           4  heap_4.o(.data)
    xFreeBytesRemaining                      0x200000cc   Data           4  heap_4.o(.data)
    xMinimumEverFreeBytesRemaining           0x200000d0   Data           4  heap_4.o(.data)
    xNumberOfSuccessfulAllocations           0x200000d4   Data           4  heap_4.o(.data)
    xNumberOfSuccessfulFrees                 0x200000d8   Data           4  heap_4.o(.data)
    xBlockAllocatedBit                       0x200000dc   Data           4  heap_4.o(.data)
    xStart                                   0x200000e0   Data           8  heap_4.o(.data)
    .data                                    0x200000e8   Section       12  port.o(.data)
    ucMaxSysCallPriority                     0x200000e8   Data           1  port.o(.data)
    uxCriticalNesting                        0x200000ec   Data           4  port.o(.data)
    ulMaxPRIGROUPValue                       0x200000f0   Data           4  port.o(.data)
    .data                                    0x200000f4   Section        4  errno.o(.data)
    _errno                                   0x200000f4   Data           4  errno.o(.data)
    .bss                                     0x200000f8   Section     1704  freertos.o(.bss)
    xIdleTaskTCBBuffer                       0x200000f8   Data          84  freertos.o(.bss)
    xIdleStack                               0x2000014c   Data         512  freertos.o(.bss)
    xTimerTaskTCBBuffer                      0x2000034c   Data          84  freertos.o(.bss)
    xTimerStack                              0x200003a0   Data        1024  freertos.o(.bss)
    .bss                                     0x200007a0   Section       80  can.o(.bss)
    .bss                                     0x200007f0   Section      684  usart.o(.bss)
    .bss                                     0x20000a9c   Section       72  stm32f4xx_hal_timebase_tim.o(.bss)
    .bss                                     0x20000ae8   Section      160  can_receive.o(.bss)
    motorRolling                             0x20000b58   Data          24  can_receive.o(.bss)
    .bss                                     0x20000b88   Section       28  can_receive.o(.bss)
    .bss                                     0x20000ba4   Section       22  remote.o(.bss)
    .bss                                     0x20000bba   Section       18  remote.o(.bss)
    .bss                                     0x20000bcc   Section      748  chassis_task.o(.bss)
    .bss                                     0x20000eb8   Section      984  sewrve_task.o(.bss)
    .bss                                     0x20001290   Section       64  queue.o(.bss)
    .bss                                     0x200012d0   Section      240  tasks.o(.bss)
    pxReadyTasksLists                        0x200012d0   Data         140  tasks.o(.bss)
    xDelayedTaskList1                        0x2000135c   Data          20  tasks.o(.bss)
    xDelayedTaskList2                        0x20001370   Data          20  tasks.o(.bss)
    xPendingReadyList                        0x20001384   Data          20  tasks.o(.bss)
    xTasksWaitingTermination                 0x20001398   Data          20  tasks.o(.bss)
    xSuspendedTaskList                       0x200013ac   Data          20  tasks.o(.bss)
    .bss                                     0x200013c0   Section      272  timers.o(.bss)
    xStaticTimerQueue                        0x200013c0   Data          72  timers.o(.bss)
    ucStaticTimerQueueStorage                0x20001408   Data         160  timers.o(.bss)
    xActiveTimerList1                        0x200014a8   Data          20  timers.o(.bss)
    xActiveTimerList2                        0x200014bc   Data          20  timers.o(.bss)
    .bss                                     0x200014d0   Section    15360  heap_4.o(.bss)
    ucHeap                                   0x200014d0   Data       15360  heap_4.o(.bss)
    STACK                                    0x200050d0   Section     8192  startup_stm32f407xx.o(STACK)

    Global Symbols

    Symbol Name                              Value     Ov Type        Size  Object(Section)

    BuildAttributes$$THM_ISAv4$E$P$D$K$B$S$7EM$VFPi3$EXTD16$VFPS$VFMA$PE$A:L22UL41UL21$X:L11$S22US41US21$IEEE1$IW$USESV6$~STKCKD$USESV7$~SHL$OTIME$ROPI$IEEEX$EBA8$MICROLIB$REQ8$PRES8$EABIv2 0x00000000   Number         0  anon$$obj.o ABSOLUTE
    __ARM_use_no_argv                        0x00000000   Number         0  main.o ABSOLUTE
    __cpp_initialize__aeabi_                  - Undefined Weak Reference
    __cxa_finalize                            - Undefined Weak Reference
    __decompress                              - Undefined Weak Reference
    _clock_init                               - Undefined Weak Reference
    _microlib_exit                            - Undefined Weak Reference
    __Vectors_Size                           0x00000188   Number         0  startup_stm32f407xx.o ABSOLUTE
    __Vectors                                0x08000000   Data           4  startup_stm32f407xx.o(RESET)
    __Vectors_End                            0x08000188   Data           0  startup_stm32f407xx.o(RESET)
    __main                                   0x08000189   Thumb Code     0  entry.o(.ARM.Collect$$$$00000000)
    _main_stk                                0x08000189   Thumb Code     0  entry2.o(.ARM.Collect$$$$00000001)
    _main_scatterload                        0x0800018d   Thumb Code     0  entry5.o(.ARM.Collect$$$$00000004)
    __main_after_scatterload                 0x08000191   Thumb Code     0  entry5.o(.ARM.Collect$$$$00000004)
    _main_clock                              0x08000191   Thumb Code     0  entry7b.o(.ARM.Collect$$$$00000008)
    _main_cpp_init                           0x08000191   Thumb Code     0  entry8b.o(.ARM.Collect$$$$0000000A)
    _main_init                               0x08000191   Thumb Code     0  entry9a.o(.ARM.Collect$$$$0000000B)
    __rt_final_cpp                           0x08000199   Thumb Code     0  entry10a.o(.ARM.Collect$$$$0000000D)
    __rt_final_exit                          0x08000199   Thumb Code     0  entry11a.o(.ARM.Collect$$$$0000000F)
    SVC_Handler                              0x0800019d   Thumb Code    28  port.o(.emb_text)
    __asm___6_port_c_39a90d8d__prvStartFirstTask 0x080001bd   Thumb Code    36  port.o(.emb_text)
    __asm___6_port_c_39a90d8d__prvEnableVFP  0x080001e5   Thumb Code    16  port.o(.emb_text)
    PendSV_Handler                           0x080001f9   Thumb Code    88  port.o(.emb_text)
    vPortGetIPSR                             0x08000255   Thumb Code     6  port.o(.emb_text)
    Reset_Handler                            0x0800025d   Thumb Code     8  startup_stm32f407xx.o(.text)
    ADC_IRQHandler                           0x08000277   Thumb Code     0  startup_stm32f407xx.o(.text)
    CAN1_RX1_IRQHandler                      0x08000277   Thumb Code     0  startup_stm32f407xx.o(.text)
    CAN1_SCE_IRQHandler                      0x08000277   Thumb Code     0  startup_stm32f407xx.o(.text)
    CAN2_RX0_IRQHandler                      0x08000277   Thumb Code     0  startup_stm32f407xx.o(.text)
    CAN2_SCE_IRQHandler                      0x08000277   Thumb Code     0  startup_stm32f407xx.o(.text)
    DCMI_IRQHandler                          0x08000277   Thumb Code     0  startup_stm32f407xx.o(.text)
    DMA1_Stream0_IRQHandler                  0x08000277   Thumb Code     0  startup_stm32f407xx.o(.text)
    DMA1_Stream2_IRQHandler                  0x08000277   Thumb Code     0  startup_stm32f407xx.o(.text)
    DMA1_Stream3_IRQHandler                  0x08000277   Thumb Code     0  startup_stm32f407xx.o(.text)
    DMA1_Stream4_IRQHandler                  0x08000277   Thumb Code     0  startup_stm32f407xx.o(.text)
    DMA1_Stream5_IRQHandler                  0x08000277   Thumb Code     0  startup_stm32f407xx.o(.text)
    DMA1_Stream6_IRQHandler                  0x08000277   Thumb Code     0  startup_stm32f407xx.o(.text)
    DMA1_Stream7_IRQHandler                  0x08000277   Thumb Code     0  startup_stm32f407xx.o(.text)
    DMA2_Stream0_IRQHandler                  0x08000277   Thumb Code     0  startup_stm32f407xx.o(.text)
    DMA2_Stream3_IRQHandler                  0x08000277   Thumb Code     0  startup_stm32f407xx.o(.text)
    DMA2_Stream4_IRQHandler                  0x08000277   Thumb Code     0  startup_stm32f407xx.o(.text)
    DMA2_Stream5_IRQHandler                  0x08000277   Thumb Code     0  startup_stm32f407xx.o(.text)
    ETH_IRQHandler                           0x08000277   Thumb Code     0  startup_stm32f407xx.o(.text)
    ETH_WKUP_IRQHandler                      0x08000277   Thumb Code     0  startup_stm32f407xx.o(.text)
    EXTI0_IRQHandler                         0x08000277   Thumb Code     0  startup_stm32f407xx.o(.text)
    EXTI15_10_IRQHandler                     0x08000277   Thumb Code     0  startup_stm32f407xx.o(.text)
    EXTI1_IRQHandler                         0x08000277   Thumb Code     0  startup_stm32f407xx.o(.text)
    EXTI2_IRQHandler                         0x08000277   Thumb Code     0  startup_stm32f407xx.o(.text)
    EXTI3_IRQHandler                         0x08000277   Thumb Code     0  startup_stm32f407xx.o(.text)
    EXTI4_IRQHandler                         0x08000277   Thumb Code     0  startup_stm32f407xx.o(.text)
    EXTI9_5_IRQHandler                       0x08000277   Thumb Code     0  startup_stm32f407xx.o(.text)
    FLASH_IRQHandler                         0x08000277   Thumb Code     0  startup_stm32f407xx.o(.text)
    FMC_IRQHandler                           0x08000277   Thumb Code     0  startup_stm32f407xx.o(.text)
    FPU_IRQHandler                           0x08000277   Thumb Code     0  startup_stm32f407xx.o(.text)
    HASH_RNG_IRQHandler                      0x08000277   Thumb Code     0  startup_stm32f407xx.o(.text)
    I2C1_ER_IRQHandler                       0x08000277   Thumb Code     0  startup_stm32f407xx.o(.text)
    I2C1_EV_IRQHandler                       0x08000277   Thumb Code     0  startup_stm32f407xx.o(.text)
    I2C2_ER_IRQHandler                       0x08000277   Thumb Code     0  startup_stm32f407xx.o(.text)
    I2C2_EV_IRQHandler                       0x08000277   Thumb Code     0  startup_stm32f407xx.o(.text)
    I2C3_ER_IRQHandler                       0x08000277   Thumb Code     0  startup_stm32f407xx.o(.text)
    I2C3_EV_IRQHandler                       0x08000277   Thumb Code     0  startup_stm32f407xx.o(.text)
    OTG_FS_IRQHandler                        0x08000277   Thumb Code     0  startup_stm32f407xx.o(.text)
    OTG_FS_WKUP_IRQHandler                   0x08000277   Thumb Code     0  startup_stm32f407xx.o(.text)
    OTG_HS_EP1_IN_IRQHandler                 0x08000277   Thumb Code     0  startup_stm32f407xx.o(.text)
    OTG_HS_EP1_OUT_IRQHandler                0x08000277   Thumb Code     0  startup_stm32f407xx.o(.text)
    OTG_HS_IRQHandler                        0x08000277   Thumb Code     0  startup_stm32f407xx.o(.text)
    OTG_HS_WKUP_IRQHandler                   0x08000277   Thumb Code     0  startup_stm32f407xx.o(.text)
    PVD_IRQHandler                           0x08000277   Thumb Code     0  startup_stm32f407xx.o(.text)
    RCC_IRQHandler                           0x08000277   Thumb Code     0  startup_stm32f407xx.o(.text)
    RTC_Alarm_IRQHandler                     0x08000277   Thumb Code     0  startup_stm32f407xx.o(.text)
    RTC_WKUP_IRQHandler                      0x08000277   Thumb Code     0  startup_stm32f407xx.o(.text)
    SDIO_IRQHandler                          0x08000277   Thumb Code     0  startup_stm32f407xx.o(.text)
    SPI1_IRQHandler                          0x08000277   Thumb Code     0  startup_stm32f407xx.o(.text)
    SPI2_IRQHandler                          0x08000277   Thumb Code     0  startup_stm32f407xx.o(.text)
    SPI3_IRQHandler                          0x08000277   Thumb Code     0  startup_stm32f407xx.o(.text)
    TAMP_STAMP_IRQHandler                    0x08000277   Thumb Code     0  startup_stm32f407xx.o(.text)
    TIM1_BRK_TIM9_IRQHandler                 0x08000277   Thumb Code     0  startup_stm32f407xx.o(.text)
    TIM1_CC_IRQHandler                       0x08000277   Thumb Code     0  startup_stm32f407xx.o(.text)
    TIM1_TRG_COM_TIM11_IRQHandler            0x08000277   Thumb Code     0  startup_stm32f407xx.o(.text)
    TIM1_UP_TIM10_IRQHandler                 0x08000277   Thumb Code     0  startup_stm32f407xx.o(.text)
    TIM2_IRQHandler                          0x08000277   Thumb Code     0  startup_stm32f407xx.o(.text)
    TIM3_IRQHandler                          0x08000277   Thumb Code     0  startup_stm32f407xx.o(.text)
    TIM4_IRQHandler                          0x08000277   Thumb Code     0  startup_stm32f407xx.o(.text)
    TIM5_IRQHandler                          0x08000277   Thumb Code     0  startup_stm32f407xx.o(.text)
    TIM6_DAC_IRQHandler                      0x08000277   Thumb Code     0  startup_stm32f407xx.o(.text)
    TIM7_IRQHandler                          0x08000277   Thumb Code     0  startup_stm32f407xx.o(.text)
    TIM8_BRK_TIM12_IRQHandler                0x08000277   Thumb Code     0  startup_stm32f407xx.o(.text)
    TIM8_CC_IRQHandler                       0x08000277   Thumb Code     0  startup_stm32f407xx.o(.text)
    TIM8_UP_TIM13_IRQHandler                 0x08000277   Thumb Code     0  startup_stm32f407xx.o(.text)
    UART4_IRQHandler                         0x08000277   Thumb Code     0  startup_stm32f407xx.o(.text)
    UART5_IRQHandler                         0x08000277   Thumb Code     0  startup_stm32f407xx.o(.text)
    USART1_IRQHandler                        0x08000277   Thumb Code     0  startup_stm32f407xx.o(.text)
    USART2_IRQHandler                        0x08000277   Thumb Code     0  startup_stm32f407xx.o(.text)
    USART3_IRQHandler                        0x08000277   Thumb Code     0  startup_stm32f407xx.o(.text)
    WWDG_IRQHandler                          0x08000277   Thumb Code     0  startup_stm32f407xx.o(.text)
    arm_cos_f32                              0x08000281   Thumb Code   108  arm_cos_f32.o(.text)
    arm_sin_f32                              0x080002f9   Thumb Code   104  arm_sin_f32.o(.text)
    __aeabi_uldivmod                         0x0800036d   Thumb Code    98  uldiv.o(.text)
    __aeabi_memcpy                           0x080003cf   Thumb Code    36  memcpya.o(.text)
    __aeabi_memcpy4                          0x080003cf   Thumb Code     0  memcpya.o(.text)
    __aeabi_memcpy8                          0x080003cf   Thumb Code     0  memcpya.o(.text)
    __aeabi_memset                           0x080003f3   Thumb Code    14  memseta.o(.text)
    __aeabi_memset4                          0x080003f3   Thumb Code     0  memseta.o(.text)
    __aeabi_memset8                          0x080003f3   Thumb Code     0  memseta.o(.text)
    __aeabi_memclr                           0x08000401   Thumb Code     4  memseta.o(.text)
    __aeabi_memclr4                          0x08000401   Thumb Code     0  memseta.o(.text)
    __aeabi_memclr8                          0x08000401   Thumb Code     0  memseta.o(.text)
    memset                                   0x08000405   Thumb Code    18  memseta.o(.text)
    __aeabi_dadd                             0x08000417   Thumb Code   322  dadd.o(.text)
    __aeabi_dsub                             0x08000559   Thumb Code     6  dadd.o(.text)
    __aeabi_drsub                            0x0800055f   Thumb Code     6  dadd.o(.text)
    __aeabi_dmul                             0x08000565   Thumb Code   228  dmul.o(.text)
    __aeabi_i2d                              0x08000649   Thumb Code    34  dflti.o(.text)
    __aeabi_ui2d                             0x0800066b   Thumb Code    26  dfltui.o(.text)
    __aeabi_d2iz                             0x08000685   Thumb Code    62  dfixi.o(.text)
    __aeabi_f2d                              0x080006c3   Thumb Code    38  f2d.o(.text)
    __aeabi_cdcmpeq                          0x080006e9   Thumb Code     0  cdcmple.o(.text)
    __aeabi_cdcmple                          0x080006e9   Thumb Code    48  cdcmple.o(.text)
    __aeabi_cdrcmple                         0x08000719   Thumb Code    48  cdrcmple.o(.text)
    __aeabi_d2f                              0x08000749   Thumb Code    56  d2f.o(.text)
    __aeabi_llsl                             0x08000781   Thumb Code    30  llshl.o(.text)
    _ll_shift_l                              0x08000781   Thumb Code     0  llshl.o(.text)
    __aeabi_llsr                             0x0800079f   Thumb Code    32  llushr.o(.text)
    _ll_ushift_r                             0x0800079f   Thumb Code     0  llushr.o(.text)
    __aeabi_lasr                             0x080007bf   Thumb Code    36  llsshr.o(.text)
    _ll_sshift_r                             0x080007bf   Thumb Code     0  llsshr.o(.text)
    __I$use$fp                               0x080007e3   Thumb Code     0  iusefp.o(.text)
    _float_round                             0x080007e3   Thumb Code    18  fepilogue.o(.text)
    _float_epilogue                          0x080007f5   Thumb Code    92  fepilogue.o(.text)
    _double_round                            0x08000851   Thumb Code    30  depilogue.o(.text)
    _double_epilogue                         0x0800086f   Thumb Code   156  depilogue.o(.text)
    __aeabi_ddiv                             0x0800090b   Thumb Code   222  ddiv.o(.text)
    __ARM_scalbn                             0x080009e9   Thumb Code    46  dscalb.o(.text)
    scalbn                                   0x080009e9   Thumb Code     0  dscalb.o(.text)
    _dsqrt                                   0x08000a17   Thumb Code   162  dsqrt.o(.text)
    __scatterload                            0x08000ab9   Thumb Code    28  init.o(.text)
    __scatterload_rt2                        0x08000ab9   Thumb Code     0  init.o(.text)
    BT_debug                                 0x08000add   Thumb Code   156  usart_debug.o(i.BT_debug)
    BusFault_Handler                         0x08000b81   Thumb Code     2  stm32f4xx_it.o(i.BusFault_Handler)
    CAN1_Getdata                             0x08000b85   Thumb Code    88  can_receive.o(i.CAN1_Getdata)
    CAN1_Init                                0x08000be5   Thumb Code    56  can_receive.o(i.CAN1_Init)
    CAN1_RX0_IRQHandler                      0x08000c21   Thumb Code    32  stm32f4xx_it.o(i.CAN1_RX0_IRQHandler)
    CAN1_TX_IRQHandler                       0x08000c4d   Thumb Code     6  stm32f4xx_it.o(i.CAN1_TX_IRQHandler)
    CAN2_Getdata                             0x08000c59   Thumb Code    46  can_receive.o(i.CAN2_Getdata)
    CAN2_Init                                0x08000c91   Thumb Code    56  can_receive.o(i.CAN2_Init)
    CAN2_RX1_IRQHandler                      0x08000ccd   Thumb Code    32  stm32f4xx_it.o(i.CAN2_RX1_IRQHandler)
    CAN2_TX_IRQHandler                       0x08000cf9   Thumb Code     6  stm32f4xx_it.o(i.CAN2_TX_IRQHandler)
    CAN_CMD_Chassis                          0x08000d05   Thumb Code    62  can_receive.o(i.CAN_CMD_Chassis)
    CAN_CMD_Swerve                           0x08000d51   Thumb Code    62  can_receive.o(i.CAN_CMD_Swerve)
    DMA1_Stream1_IRQHandler                  0x080010a9   Thumb Code    24  stm32f4xx_it.o(i.DMA1_Stream1_IRQHandler)
    DMA2_Stream1_IRQHandler                  0x080010cd   Thumb Code     6  stm32f4xx_it.o(i.DMA2_Stream1_IRQHandler)
    DMA2_Stream2_IRQHandler                  0x080010d9   Thumb Code     6  stm32f4xx_it.o(i.DMA2_Stream2_IRQHandler)
    DMA2_Stream6_IRQHandler                  0x080010e5   Thumb Code     6  stm32f4xx_it.o(i.DMA2_Stream6_IRQHandler)
    DMA2_Stream7_IRQHandler                  0x080010f1   Thumb Code     6  stm32f4xx_it.o(i.DMA2_Stream7_IRQHandler)
    DebugMon_Handler                         0x080011a1   Thumb Code     2  stm32f4xx_it.o(i.DebugMon_Handler)
    Error_Handler                            0x080011a3   Thumb Code     4  main.o(i.Error_Handler)
    HAL_CAN_ActivateNotification             0x080011a7   Thumb Code    36  stm32f4xx_hal_can.o(i.HAL_CAN_ActivateNotification)
    HAL_CAN_AddTxMessage                     0x080011cb   Thumb Code   200  stm32f4xx_hal_can.o(i.HAL_CAN_AddTxMessage)
    HAL_CAN_ConfigFilter                     0x08001295   Thumb Code   262  stm32f4xx_hal_can.o(i.HAL_CAN_ConfigFilter)
    HAL_CAN_ErrorCallback                    0x080013a1   Thumb Code     2  stm32f4xx_hal_can.o(i.HAL_CAN_ErrorCallback)
    HAL_CAN_GetRxMessage                     0x080013a3   Thumb Code   232  stm32f4xx_hal_can.o(i.HAL_CAN_GetRxMessage)
    HAL_CAN_IRQHandler                       0x0800148b   Thumb Code   508  stm32f4xx_hal_can.o(i.HAL_CAN_IRQHandler)
    HAL_CAN_Init                             0x08001687   Thumb Code   282  stm32f4xx_hal_can.o(i.HAL_CAN_Init)
    HAL_CAN_MspInit                          0x080017a1   Thumb Code   258  can.o(i.HAL_CAN_MspInit)
    HAL_CAN_RxFifo0FullCallback              0x080018bd   Thumb Code     2  stm32f4xx_hal_can.o(i.HAL_CAN_RxFifo0FullCallback)
    HAL_CAN_RxFifo0MsgPendingCallback        0x080018bf   Thumb Code     2  stm32f4xx_hal_can.o(i.HAL_CAN_RxFifo0MsgPendingCallback)
    HAL_CAN_RxFifo1FullCallback              0x080018c1   Thumb Code     2  stm32f4xx_hal_can.o(i.HAL_CAN_RxFifo1FullCallback)
    HAL_CAN_RxFifo1MsgPendingCallback        0x080018c3   Thumb Code     2  stm32f4xx_hal_can.o(i.HAL_CAN_RxFifo1MsgPendingCallback)
    HAL_CAN_SleepCallback                    0x080018c5   Thumb Code     2  stm32f4xx_hal_can.o(i.HAL_CAN_SleepCallback)
    HAL_CAN_Start                            0x080018c9   Thumb Code    88  stm32f4xx_hal_can.o(i.HAL_CAN_Start)
    HAL_CAN_TxMailbox0AbortCallback          0x08001921   Thumb Code     2  stm32f4xx_hal_can.o(i.HAL_CAN_TxMailbox0AbortCallback)
    HAL_CAN_TxMailbox0CompleteCallback       0x08001923   Thumb Code     2  stm32f4xx_hal_can.o(i.HAL_CAN_TxMailbox0CompleteCallback)
    HAL_CAN_TxMailbox1AbortCallback          0x08001925   Thumb Code     2  stm32f4xx_hal_can.o(i.HAL_CAN_TxMailbox1AbortCallback)
    HAL_CAN_TxMailbox1CompleteCallback       0x08001927   Thumb Code     2  stm32f4xx_hal_can.o(i.HAL_CAN_TxMailbox1CompleteCallback)
    HAL_CAN_TxMailbox2AbortCallback          0x08001929   Thumb Code     2  stm32f4xx_hal_can.o(i.HAL_CAN_TxMailbox2AbortCallback)
    HAL_CAN_TxMailbox2CompleteCallback       0x0800192b   Thumb Code     2  stm32f4xx_hal_can.o(i.HAL_CAN_TxMailbox2CompleteCallback)
    HAL_CAN_WakeUpFromRxMsgCallback          0x0800192d   Thumb Code     2  stm32f4xx_hal_can.o(i.HAL_CAN_WakeUpFromRxMsgCallback)
    HAL_DMA_Abort                            0x0800192f   Thumb Code   146  stm32f4xx_hal_dma.o(i.HAL_DMA_Abort)
    HAL_DMA_Abort_IT                         0x080019c1   Thumb Code    36  stm32f4xx_hal_dma.o(i.HAL_DMA_Abort_IT)
    HAL_DMA_IRQHandler                       0x080019e5   Thumb Code   412  stm32f4xx_hal_dma.o(i.HAL_DMA_IRQHandler)
    HAL_DMA_Init                             0x08001b85   Thumb Code   206  stm32f4xx_hal_dma.o(i.HAL_DMA_Init)
    HAL_DMA_Start_IT                         0x08001c59   Thumb Code   110  stm32f4xx_hal_dma.o(i.HAL_DMA_Start_IT)
    HAL_GPIO_Init                            0x08001cc9   Thumb Code   450  stm32f4xx_hal_gpio.o(i.HAL_GPIO_Init)
    HAL_GPIO_TogglePin                       0x08001eb9   Thumb Code    16  stm32f4xx_hal_gpio.o(i.HAL_GPIO_TogglePin)
    HAL_GPIO_WritePin                        0x08001ec9   Thumb Code    10  stm32f4xx_hal_gpio.o(i.HAL_GPIO_WritePin)
    HAL_GetTick                              0x08001ed5   Thumb Code     6  stm32f4xx_hal.o(i.HAL_GetTick)
    HAL_IncTick                              0x08001ee1   Thumb Code    12  stm32f4xx_hal.o(i.HAL_IncTick)
    HAL_Init                                 0x08001ef1   Thumb Code    48  stm32f4xx_hal.o(i.HAL_Init)
    HAL_InitTick                             0x08001f25   Thumb Code   100  stm32f4xx_hal_timebase_tim.o(i.HAL_InitTick)
    HAL_MspInit                              0x08001f99   Thumb Code    52  stm32f4xx_hal_msp.o(i.HAL_MspInit)
    HAL_NVIC_EnableIRQ                       0x08001fd1   Thumb Code    26  stm32f4xx_hal_cortex.o(i.HAL_NVIC_EnableIRQ)
    HAL_NVIC_SetPriority                     0x08001fed   Thumb Code    60  stm32f4xx_hal_cortex.o(i.HAL_NVIC_SetPriority)
    HAL_NVIC_SetPriorityGrouping             0x0800202d   Thumb Code    26  stm32f4xx_hal_cortex.o(i.HAL_NVIC_SetPriorityGrouping)
    HAL_RCC_ClockConfig                      0x08002051   Thumb Code   288  stm32f4xx_hal_rcc.o(i.HAL_RCC_ClockConfig)
    HAL_RCC_GetClockConfig                   0x08002185   Thumb Code    54  stm32f4xx_hal_rcc.o(i.HAL_RCC_GetClockConfig)
    HAL_RCC_GetPCLK1Freq                     0x080021c5   Thumb Code    20  stm32f4xx_hal_rcc.o(i.HAL_RCC_GetPCLK1Freq)
    HAL_RCC_GetPCLK2Freq                     0x080021e5   Thumb Code    20  stm32f4xx_hal_rcc.o(i.HAL_RCC_GetPCLK2Freq)
    HAL_RCC_GetSysClockFreq                  0x08002205   Thumb Code    88  stm32f4xx_hal_rcc.o(i.HAL_RCC_GetSysClockFreq)
    HAL_RCC_OscConfig                        0x08002269   Thumb Code   856  stm32f4xx_hal_rcc.o(i.HAL_RCC_OscConfig)
    HAL_TIMEx_BreakCallback                  0x080025d5   Thumb Code     2  stm32f4xx_hal_tim_ex.o(i.HAL_TIMEx_BreakCallback)
    HAL_TIMEx_CommutCallback                 0x080025d7   Thumb Code     2  stm32f4xx_hal_tim_ex.o(i.HAL_TIMEx_CommutCallback)
    HAL_TIM_Base_Init                        0x080025d9   Thumb Code    90  stm32f4xx_hal_tim.o(i.HAL_TIM_Base_Init)
    HAL_TIM_Base_MspInit                     0x08002633   Thumb Code     2  stm32f4xx_hal_tim.o(i.HAL_TIM_Base_MspInit)
    HAL_TIM_Base_Start_IT                    0x08002635   Thumb Code   100  stm32f4xx_hal_tim.o(i.HAL_TIM_Base_Start_IT)
    HAL_TIM_IC_CaptureCallback               0x080026b5   Thumb Code     2  stm32f4xx_hal_tim.o(i.HAL_TIM_IC_CaptureCallback)
    HAL_TIM_IRQHandler                       0x080026b7   Thumb Code   358  stm32f4xx_hal_tim.o(i.HAL_TIM_IRQHandler)
    HAL_TIM_OC_DelayElapsedCallback          0x0800281d   Thumb Code     2  stm32f4xx_hal_tim.o(i.HAL_TIM_OC_DelayElapsedCallback)
    HAL_TIM_PWM_PulseFinishedCallback        0x0800281f   Thumb Code     2  stm32f4xx_hal_tim.o(i.HAL_TIM_PWM_PulseFinishedCallback)
    HAL_TIM_PeriodElapsedCallback            0x08002821   Thumb Code    14  main.o(i.HAL_TIM_PeriodElapsedCallback)
    HAL_TIM_TriggerCallback                  0x08002835   Thumb Code     2  stm32f4xx_hal_tim.o(i.HAL_TIM_TriggerCallback)
    HAL_UARTEx_RxEventCallback               0x08002837   Thumb Code     2  stm32f4xx_hal_uart.o(i.HAL_UARTEx_RxEventCallback)
    HAL_UART_ErrorCallback                   0x08002839   Thumb Code     2  stm32f4xx_hal_uart.o(i.HAL_UART_ErrorCallback)
    HAL_UART_IRQHandler                      0x0800283d   Thumb Code   610  stm32f4xx_hal_uart.o(i.HAL_UART_IRQHandler)
    HAL_UART_Init                            0x08002aa5   Thumb Code    98  stm32f4xx_hal_uart.o(i.HAL_UART_Init)
    HAL_UART_MspInit                         0x08002b09   Thumb Code   526  usart.o(i.HAL_UART_MspInit)
    HAL_UART_Receive_DMA                     0x08002d49   Thumb Code    42  stm32f4xx_hal_uart.o(i.HAL_UART_Receive_DMA)
    HAL_UART_RxCpltCallback                  0x08002d73   Thumb Code     2  stm32f4xx_hal_uart.o(i.HAL_UART_RxCpltCallback)
    HAL_UART_RxHalfCpltCallback              0x08002d75   Thumb Code     2  stm32f4xx_hal_uart.o(i.HAL_UART_RxHalfCpltCallback)
    HAL_UART_Transmit                        0x08002d79   Thumb Code   178  stm32f4xx_hal_uart.o(i.HAL_UART_Transmit)
    HAL_UART_TxCpltCallback                  0x08002e2b   Thumb Code     2  stm32f4xx_hal_uart.o(i.HAL_UART_TxCpltCallback)
    HardFault_Handler                        0x08002e2d   Thumb Code     2  stm32f4xx_it.o(i.HardFault_Handler)
    MX_CAN1_Init                             0x08002e31   Thumb Code    62  can.o(i.MX_CAN1_Init)
    MX_CAN2_Init                             0x08002e79   Thumb Code    62  can.o(i.MX_CAN2_Init)
    MX_DMA_Init                              0x08002ec1   Thumb Code   120  dma.o(i.MX_DMA_Init)
    MX_FREERTOS_Init                         0x08002f3d   Thumb Code    96  freertos.o(i.MX_FREERTOS_Init)
    MX_GPIO_Init                             0x08002fa5   Thumb Code   162  gpio.o(i.MX_GPIO_Init)
    MX_USART1_UART_Init                      0x08003051   Thumb Code    48  usart.o(i.MX_USART1_UART_Init)
    MX_USART3_UART_Init                      0x08003089   Thumb Code    50  usart.o(i.MX_USART3_UART_Init)
    MX_USART6_UART_Init                      0x080030c9   Thumb Code    48  usart.o(i.MX_USART6_UART_Init)
    MemManage_Handler                        0x08003101   Thumb Code     2  stm32f4xx_it.o(i.MemManage_Handler)
    Motor_ecd_to_angle_Change                0x08003105   Thumb Code    42  sewrve_task.o(i.Motor_ecd_to_angle_Change)
    NMI_Handler                              0x08003135   Thumb Code     2  stm32f4xx_it.o(i.NMI_Handler)
    PID_Calculate                            0x08003139   Thumb Code   252  pid.o(i.PID_Calculate)
    PID_Init                                 0x08003239   Thumb Code    38  pid.o(i.PID_Init)
    RC_data_is_error                         0x08003271   Thumb Code   102  remote.o(i.RC_data_is_error)
    SBUS_TO_RC                               0x080032dd   Thumb Code   130  remote.o(i.SBUS_TO_RC)
    StartDefaultTask                         0x08003361   Thumb Code    26  freertos.o(i.StartDefaultTask)
    SysTick_Handler                          0x08003d19   Thumb Code    38  port.o(i.SysTick_Handler)
    SystemClock_Config                       0x08003d45   Thumb Code   140  main.o(i.SystemClock_Config)
    SystemInit                               0x08003dd9   Thumb Code    22  system_stm32f4xx.o(i.SystemInit)
    TIM8_TRG_COM_TIM14_IRQHandler            0x08003df5   Thumb Code     6  stm32f4xx_it.o(i.TIM8_TRG_COM_TIM14_IRQHandler)
    TIM_Base_SetConfig                       0x08003e01   Thumb Code   156  stm32f4xx_hal_tim.o(i.TIM_Base_SetConfig)
    UART_Start_Receive_DMA                   0x080041f5   Thumb Code   134  stm32f4xx_hal_uart.o(i.UART_Start_Receive_DMA)
    USART6_IRQHandler                        0x08004301   Thumb Code     6  stm32f4xx_it.o(i.USART6_IRQHandler)
    UsageFault_Handler                       0x0800430d   Thumb Code     2  stm32f4xx_it.o(i.UsageFault_Handler)
    __ARM_fpclassify                         0x0800430f   Thumb Code    48  fpclassify.o(i.__ARM_fpclassify)
    __ARM_fpclassifyf                        0x0800433f   Thumb Code    38  fpclassifyf.o(i.__ARM_fpclassifyf)
    __hardfp_atan                            0x08004391   Thumb Code   622  atan.o(i.__hardfp_atan)
    __hardfp_atan2                           0x08004669   Thumb Code   432  atan2.o(i.__hardfp_atan2)
    __hardfp_atan2f                          0x08004859   Thumb Code   502  atan2f.o(i.__hardfp_atan2f)
    __hardfp_pow                             0x08004aa9   Thumb Code  3072  pow.o(i.__hardfp_pow)
    __hardfp_sqrt                            0x080056f9   Thumb Code   122  sqrt_full.o(i.__hardfp_sqrt)
    __kernel_poly                            0x08005773   Thumb Code   248  poly.o(i.__kernel_poly)
    __mathlib_dbl_divzero                    0x08005871   Thumb Code    28  dunder.o(i.__mathlib_dbl_divzero)
    __mathlib_dbl_infnan                     0x080058a1   Thumb Code    20  dunder.o(i.__mathlib_dbl_infnan)
    __mathlib_dbl_infnan2                    0x080058b5   Thumb Code    20  dunder.o(i.__mathlib_dbl_infnan2)
    __mathlib_dbl_invalid                    0x080058c9   Thumb Code    24  dunder.o(i.__mathlib_dbl_invalid)
    __mathlib_dbl_overflow                   0x080058e9   Thumb Code    24  dunder.o(i.__mathlib_dbl_overflow)
    __mathlib_dbl_underflow                  0x08005909   Thumb Code    24  dunder.o(i.__mathlib_dbl_underflow)
    __mathlib_flt_infnan2                    0x08005929   Thumb Code     6  funder.o(i.__mathlib_flt_infnan2)
    __mathlib_flt_underflow                  0x08005931   Thumb Code    10  funder.o(i.__mathlib_flt_underflow)
    __scatterload_copy                       0x08005941   Thumb Code    14  handlers.o(i.__scatterload_copy)
    __scatterload_null                       0x0800594f   Thumb Code     2  handlers.o(i.__scatterload_null)
    __scatterload_zeroinit                   0x08005951   Thumb Code    14  handlers.o(i.__scatterload_zeroinit)
    __set_errno                              0x08005961   Thumb Code     6  errno.o(i.__set_errno)
    atan                                     0x0800596d   Thumb Code    16  atan.o(i.atan)
    chassis_task                             0x0800597d   Thumb Code   260  chassis_task.o(i.chassis_task)
    delay_init                               0x08005a89   Thumb Code    26  bsp_delay.o(i.delay_init)
    fabs                                     0x08005ab1   Thumb Code    24  fabs.o(i.fabs)
    get_Chassis_Buffer_Point                 0x08005ac9   Thumb Code     4  can_receive.o(i.get_Chassis_Buffer_Point)
    get_Chassis_Motor_Measure_Point          0x08005ad1   Thumb Code    16  can_receive.o(i.get_Chassis_Motor_Measure_Point)
    get_Chassis_PowerMax_Point               0x08005ae5   Thumb Code     4  can_receive.o(i.get_Chassis_PowerMax_Point)
    get_SuperCap_Measure_Point               0x08005aed   Thumb Code     4  can_receive.o(i.get_SuperCap_Measure_Point)
    get_Swerve_Direction_Point               0x08005af5   Thumb Code     4  can_receive.o(i.get_Swerve_Direction_Point)
    get_Swerve_Gimbal_Motor_Measure_Point    0x08005afd   Thumb Code    16  can_receive.o(i.get_Swerve_Gimbal_Motor_Measure_Point)
    get_Yaw_Gimbal_Motor_Measure_Point       0x08005b11   Thumb Code     4  can_receive.o(i.get_Yaw_Gimbal_Motor_Measure_Point)
    get_motor_control_point                  0x08005b19   Thumb Code     4  chassis_task.o(i.get_motor_control_point)
    get_motor_measure                        0x08005b21   Thumb Code    28  can_receive.o(i.get_motor_measure)
    get_remote_control_point                 0x08005b3d   Thumb Code     4  remote.o(i.get_remote_control_point)
    get_swerve_measure                       0x08005b45   Thumb Code    32  can_receive.o(i.get_swerve_measure)
    get_swerve_motor_point                   0x08005b69   Thumb Code     4  sewrve_task.o(i.get_swerve_motor_point)
    main                                     0x08005b71   Thumb Code    68  main.o(i.main)
    osDelay                                  0x08005bc9   Thumb Code    14  cmsis_os.o(i.osDelay)
    osDelayUntil                             0x08005bd7   Thumb Code    14  cmsis_os.o(i.osDelayUntil)
    osKernelStart                            0x08005be5   Thumb Code    10  cmsis_os.o(i.osKernelStart)
    osThreadCreate                           0x08005bef   Thumb Code    84  cmsis_os.o(i.osThreadCreate)
    pvPortMalloc                             0x080063ed   Thumb Code   216  heap_4.o(i.pvPortMalloc)
    pxPortInitialiseStack                    0x080064c9   Thumb Code    40  port.o(i.pxPortInitialiseStack)
    sendware                                 0x080064f5   Thumb Code    60  usart_debug.o(i.sendware)
    sqrt                                     0x0800653d   Thumb Code   110  sqrt_full.o(i.sqrt)
    swerve_task                              0x080065ad   Thumb Code   128  sewrve_task.o(i.swerve_task)
    uxListRemove                             0x08006635   Thumb Code    38  list.o(i.uxListRemove)
    vApplicationGetIdleTaskMemory            0x0800665d   Thumb Code    16  freertos.o(i.vApplicationGetIdleTaskMemory)
    vApplicationGetTimerTaskMemory           0x08006671   Thumb Code    18  freertos.o(i.vApplicationGetTimerTaskMemory)
    vListInitialise                          0x08006689   Thumb Code    22  list.o(i.vListInitialise)
    vListInitialiseItem                      0x0800669f   Thumb Code     6  list.o(i.vListInitialiseItem)
    vListInsert                              0x080066a5   Thumb Code    48  list.o(i.vListInsert)
    vListInsertEnd                           0x080066d5   Thumb Code    24  list.o(i.vListInsertEnd)
    vPortEnterCritical                       0x080066ed   Thumb Code    54  port.o(i.vPortEnterCritical)
    vPortExitCritical                        0x0800672d   Thumb Code    34  port.o(i.vPortExitCritical)
    vPortFree                                0x08006755   Thumb Code    94  heap_4.o(i.vPortFree)
    vPortSetupTimerInterrupt                 0x080067b9   Thumb Code    32  port.o(i.vPortSetupTimerInterrupt)
    vPortValidateInterruptPriority           0x080067dd   Thumb Code    74  port.o(i.vPortValidateInterruptPriority)
    vQueueAddToRegistry                      0x08006831   Thumb Code    34  queue.o(i.vQueueAddToRegistry)
    vQueueWaitForMessageRestricted           0x08006859   Thumb Code    68  queue.o(i.vQueueWaitForMessageRestricted)
    vTaskDelay                               0x0800689d   Thumb Code    66  tasks.o(i.vTaskDelay)
    vTaskDelayUntil                          0x080068e9   Thumb Code   132  tasks.o(i.vTaskDelayUntil)
    vTaskInternalSetTimeOutState             0x08006975   Thumb Code    12  tasks.o(i.vTaskInternalSetTimeOutState)
    vTaskMissedYield                         0x08006985   Thumb Code     8  tasks.o(i.vTaskMissedYield)
    vTaskPlaceOnEventList                    0x08006991   Thumb Code    44  tasks.o(i.vTaskPlaceOnEventList)
    vTaskPlaceOnEventListRestricted          0x080069c1   Thumb Code    52  tasks.o(i.vTaskPlaceOnEventListRestricted)
    vTaskStartScheduler                      0x080069f9   Thumb Code   118  tasks.o(i.vTaskStartScheduler)
    vTaskSuspendAll                          0x08006a81   Thumb Code    10  tasks.o(i.vTaskSuspendAll)
    vTaskSwitchContext                       0x08006a91   Thumb Code    82  tasks.o(i.vTaskSwitchContext)
    xPortStartScheduler                      0x08006aed   Thumb Code   222  port.o(i.xPortStartScheduler)
    xQueueGenericCreateStatic                0x08006be1   Thumb Code   102  queue.o(i.xQueueGenericCreateStatic)
    xQueueGenericReset                       0x08006c49   Thumb Code   132  queue.o(i.xQueueGenericReset)
    xQueueGenericSend                        0x08006cd1   Thumb Code   346  queue.o(i.xQueueGenericSend)
    xQueueGenericSendFromISR                 0x08006e31   Thumb Code   190  queue.o(i.xQueueGenericSendFromISR)
    xQueueReceive                            0x08006ef1   Thumb Code   308  queue.o(i.xQueueReceive)
    xTaskCheckForTimeOut                     0x08007029   Thumb Code   132  tasks.o(i.xTaskCheckForTimeOut)
    xTaskCreate                              0x080070b1   Thumb Code    90  tasks.o(i.xTaskCreate)
    xTaskCreateStatic                        0x0800710b   Thumb Code    86  tasks.o(i.xTaskCreateStatic)
    xTaskGetSchedulerState                   0x08007161   Thumb Code    22  tasks.o(i.xTaskGetSchedulerState)
    xTaskGetTickCount                        0x0800717d   Thumb Code     6  tasks.o(i.xTaskGetTickCount)
    xTaskIncrementTick                       0x08007189   Thumb Code   194  tasks.o(i.xTaskIncrementTick)
    xTaskPriorityDisinherit                  0x08007255   Thumb Code   144  tasks.o(i.xTaskPriorityDisinherit)
    xTaskRemoveFromEventList                 0x080072ed   Thumb Code   108  tasks.o(i.xTaskRemoveFromEventList)
    xTaskResumeAll                           0x08007361   Thumb Code   182  tasks.o(i.xTaskResumeAll)
    xTimerCreateTimerTask                    0x08007425   Thumb Code    78  timers.o(i.xTimerCreateTimerTask)
    xTimerGenericCommand                     0x08007485   Thumb Code    98  timers.o(i.xTimerGenericCommand)
    AHBPrescTable                            0x08007564   Data          16  system_stm32f4xx.o(.constdata)
    APBPrescTable                            0x08007574   Data           8  system_stm32f4xx.o(.constdata)
    sinTable_f32                             0x0800757c   Data        2052  arm_common_tables.o(.constdata)
    __mathlib_zero                           0x08007ea0   Data           8  qnan.o(.constdata)
    Region$$Table$$Base                      0x08007edc   Number         0  anon$$obj.o(Region$$Table)
    Region$$Table$$Limit                     0x08007efc   Number         0  anon$$obj.o(Region$$Table)
    defaultTaskHandle                        0x20000000   Data           4  freertos.o(.data)
    Swerve_taskHandle                        0x20000004   Data           4  freertos.o(.data)
    Chassis_taskHandle                       0x20000008   Data           4  freertos.o(.data)
    Usart_tskHandle                          0x2000000c   Data           4  freertos.o(.data)
    chassis_powermax                         0x20000026   Data           1  can_receive.o(.data)
    chassis_buffer                           0x20000028   Data           2  can_receive.o(.data)
    pTxMailbox                               0x2000002c   Data           4  can_receive.o(.data)
    swerve_dir                               0x20000030   Data           6  can_receive.o(.data)
    supercap                                 0x20000046   Data           8  can_receive.o(.data)
    cap                                      0x20000050   Data           4  chassis_task.o(.data)
    Swerve_start_flag                        0x20000054   Data           1  sewrve_task.o(.data)
    speed_step                               0x20000055   Data           1  sewrve_task.o(.data)
    Chassis_Move_X                           0x20000056   Data           2  sewrve_task.o(.data)
    Chassis_Move_Y                           0x20000058   Data           2  sewrve_task.o(.data)
    Chassis_Move_Z                           0x2000005a   Data           2  sewrve_task.o(.data)
    Chassis_X                                0x2000005c   Data           2  sewrve_task.o(.data)
    Chassis_Y                                0x2000005e   Data           2  sewrve_task.o(.data)
    motor_speed_cnt                          0x20000060   Data           2  sewrve_task.o(.data)
    runningtime_cnt                          0x20000064   Data           4  sewrve_task.o(.data)
    uwTickFreq                               0x20000068   Data           1  stm32f4xx_hal.o(.data)
    uwTickPrio                               0x2000006c   Data           4  stm32f4xx_hal.o(.data)
    uwTick                                   0x20000070   Data           4  stm32f4xx_hal.o(.data)
    SystemCoreClock                          0x20000074   Data           4  system_stm32f4xx.o(.data)
    pxCurrentTCB                             0x20000078   Data           4  tasks.o(.data)
    hcan1                                    0x200007a0   Data          40  can.o(.bss)
    hcan2                                    0x200007c8   Data          40  can.o(.bss)
    huart1                                   0x200007f0   Data          68  usart.o(.bss)
    huart3                                   0x20000834   Data          68  usart.o(.bss)
    huart6                                   0x20000878   Data          68  usart.o(.bss)
    hdma_usart1_rx                           0x200008bc   Data          96  usart.o(.bss)
    hdma_usart1_tx                           0x2000091c   Data          96  usart.o(.bss)
    hdma_usart3_rx                           0x2000097c   Data          96  usart.o(.bss)
    hdma_usart6_rx                           0x200009dc   Data          96  usart.o(.bss)
    hdma_usart6_tx                           0x20000a3c   Data          96  usart.o(.bss)
    htim14                                   0x20000a9c   Data          72  stm32f4xx_hal_timebase_tim.o(.bss)
    motor_yaw                                0x20000ae8   Data          10  can_receive.o(.bss)
    motor_chassis                            0x20000af2   Data          40  can_receive.o(.bss)
    motoe_swerve                             0x20000b1a   Data          40  can_receive.o(.bss)
    motor_shoot                              0x20000b42   Data          20  can_receive.o(.bss)
    Tx1Message                               0x20000b70   Data          24  can_receive.o(.bss)
    Rx1Message                               0x20000b88   Data          28  can_receive.o(.bss)
    rc_ctrl                                  0x20000ba4   Data          22  remote.o(.bss)
    teledata_rx                              0x20000bba   Data          18  remote.o(.bss)
    chassis_control                          0x20000bcc   Data         748  chassis_task.o(.bss)
    swervetheta                              0x20000eb8   Data          16  sewrve_task.o(.bss)
    swerve_control                           0x20000ec8   Data         968  sewrve_task.o(.bss)
    xQueueRegistry                           0x20001290   Data          64  queue.o(.bss)
    __initial_sp                             0x200070d0   Data           0  startup_stm32f407xx.o(STACK)



==============================================================================

Memory Map of the image

  Image Entry point : 0x08000189

  Load Region LR_IROM1 (Base: 0x08000000, Size: 0x00007ff4, Max: 0x00100000, ABSOLUTE)

    Execution Region ER_IROM1 (Exec base: 0x08000000, Load base: 0x08000000, Size: 0x00007efc, Max: 0x00100000, ABSOLUTE)

    Exec Addr    Load Addr    Size         Type   Attr      Idx    E Section Name        Object

    0x08000000   0x08000000   0x00000188   Data   RO            3    RESET               startup_stm32f407xx.o
    0x08000188   0x08000188   0x00000000   Code   RO         6546  * .ARM.Collect$$$$00000000  mc_w.l(entry.o)
    0x08000188   0x08000188   0x00000004   Code   RO         6662    .ARM.Collect$$$$00000001  mc_w.l(entry2.o)
    0x0800018c   0x0800018c   0x00000004   Code   RO         6665    .ARM.Collect$$$$00000004  mc_w.l(entry5.o)
    0x08000190   0x08000190   0x00000000   Code   RO         6667    .ARM.Collect$$$$00000008  mc_w.l(entry7b.o)
    0x08000190   0x08000190   0x00000000   Code   RO         6669    .ARM.Collect$$$$0000000A  mc_w.l(entry8b.o)
    0x08000190   0x08000190   0x00000008   Code   RO         6670    .ARM.Collect$$$$0000000B  mc_w.l(entry9a.o)
    0x08000198   0x08000198   0x00000000   Code   RO         6672    .ARM.Collect$$$$0000000D  mc_w.l(entry10a.o)
    0x08000198   0x08000198   0x00000000   Code   RO         6674    .ARM.Collect$$$$0000000F  mc_w.l(entry11a.o)
    0x08000198   0x08000198   0x00000004   Code   RO         6663    .ARM.Collect$$$$00002712  mc_w.l(entry2.o)
    0x0800019c   0x0800019c   0x000000be   Code   RO         6116    .emb_text           port.o
    0x0800025a   0x0800025a   0x00000002   PAD
    0x0800025c   0x0800025c   0x00000024   Code   RO            4    .text               startup_stm32f407xx.o
    0x08000280   0x08000280   0x00000078   Code   RO         6196    .text               arm_cortexM4lf_math.lib(arm_cos_f32.o)
    0x080002f8   0x080002f8   0x00000074   Code   RO         6249    .text               arm_cortexM4lf_math.lib(arm_sin_f32.o)
    0x0800036c   0x0800036c   0x00000062   Code   RO         6549    .text               mc_w.l(uldiv.o)
    0x080003ce   0x080003ce   0x00000024   Code   RO         6551    .text               mc_w.l(memcpya.o)
    0x080003f2   0x080003f2   0x00000024   Code   RO         6555    .text               mc_w.l(memseta.o)
    0x08000416   0x08000416   0x0000014e   Code   RO         6589    .text               mf_w.l(dadd.o)
    0x08000564   0x08000564   0x000000e4   Code   RO         6591    .text               mf_w.l(dmul.o)
    0x08000648   0x08000648   0x00000022   Code   RO         6593    .text               mf_w.l(dflti.o)
    0x0800066a   0x0800066a   0x0000001a   Code   RO         6595    .text               mf_w.l(dfltui.o)
    0x08000684   0x08000684   0x0000003e   Code   RO         6597    .text               mf_w.l(dfixi.o)
    0x080006c2   0x080006c2   0x00000026   Code   RO         6599    .text               mf_w.l(f2d.o)
    0x080006e8   0x080006e8   0x00000030   Code   RO         6601    .text               mf_w.l(cdcmple.o)
    0x08000718   0x08000718   0x00000030   Code   RO         6603    .text               mf_w.l(cdrcmple.o)
    0x08000748   0x08000748   0x00000038   Code   RO         6605    .text               mf_w.l(d2f.o)
    0x08000780   0x08000780   0x0000001e   Code   RO         6676    .text               mc_w.l(llshl.o)
    0x0800079e   0x0800079e   0x00000020   Code   RO         6678    .text               mc_w.l(llushr.o)
    0x080007be   0x080007be   0x00000024   Code   RO         6680    .text               mc_w.l(llsshr.o)
    0x080007e2   0x080007e2   0x00000000   Code   RO         6691    .text               mc_w.l(iusefp.o)
    0x080007e2   0x080007e2   0x0000006e   Code   RO         6692    .text               mf_w.l(fepilogue.o)
    0x08000850   0x08000850   0x000000ba   Code   RO         6694    .text               mf_w.l(depilogue.o)
    0x0800090a   0x0800090a   0x000000de   Code   RO         6696    .text               mf_w.l(ddiv.o)
    0x080009e8   0x080009e8   0x0000002e   Code   RO         6700    .text               mf_w.l(dscalb.o)
    0x08000a16   0x08000a16   0x000000a2   Code   RO         6702    .text               mf_w.l(dsqrt.o)
    0x08000ab8   0x08000ab8   0x00000024   Code   RO         6704    .text               mc_w.l(init.o)
    0x08000adc   0x08000adc   0x000000a4   Code   RO         1549    i.BT_debug          usart_debug.o
    0x08000b80   0x08000b80   0x00000002   Code   RO          570    i.BusFault_Handler  stm32f4xx_it.o
    0x08000b82   0x08000b82   0x00000002   PAD
    0x08000b84   0x08000b84   0x00000060   Code   RO          930    i.CAN1_Getdata      can_receive.o
    0x08000be4   0x08000be4   0x0000003c   Code   RO          931    i.CAN1_Init         can_receive.o
    0x08000c20   0x08000c20   0x0000002c   Code   RO          571    i.CAN1_RX0_IRQHandler  stm32f4xx_it.o
    0x08000c4c   0x08000c4c   0x0000000c   Code   RO          572    i.CAN1_TX_IRQHandler  stm32f4xx_it.o
    0x08000c58   0x08000c58   0x00000038   Code   RO          932    i.CAN2_Getdata      can_receive.o
    0x08000c90   0x08000c90   0x0000003c   Code   RO          933    i.CAN2_Init         can_receive.o
    0x08000ccc   0x08000ccc   0x0000002c   Code   RO          573    i.CAN2_RX1_IRQHandler  stm32f4xx_it.o
    0x08000cf8   0x08000cf8   0x0000000c   Code   RO          574    i.CAN2_TX_IRQHandler  stm32f4xx_it.o
    0x08000d04   0x08000d04   0x0000004c   Code   RO          934    i.CAN_CMD_Chassis   can_receive.o
    0x08000d50   0x08000d50   0x0000004c   Code   RO          935    i.CAN_CMD_Swerve    can_receive.o
    0x08000d9c   0x08000d9c   0x0000009c   Code   RO         1337    i.Chassis_Init      chassis_task.o
    0x08000e38   0x08000e38   0x00000108   Code   RO         1338    i.Chassis_PID       chassis_task.o
    0x08000f40   0x08000f40   0x00000168   Code   RO         1460    i.Chassis_dirction_trainsfer  sewrve_task.o
    0x080010a8   0x080010a8   0x00000024   Code   RO          575    i.DMA1_Stream1_IRQHandler  stm32f4xx_it.o
    0x080010cc   0x080010cc   0x0000000c   Code   RO          576    i.DMA2_Stream1_IRQHandler  stm32f4xx_it.o
    0x080010d8   0x080010d8   0x0000000c   Code   RO          577    i.DMA2_Stream2_IRQHandler  stm32f4xx_it.o
    0x080010e4   0x080010e4   0x0000000c   Code   RO          578    i.DMA2_Stream6_IRQHandler  stm32f4xx_it.o
    0x080010f0   0x080010f0   0x0000000c   Code   RO          579    i.DMA2_Stream7_IRQHandler  stm32f4xx_it.o
    0x080010fc   0x080010fc   0x00000028   Code   RO         2651    i.DMA_CalcBaseAndBitshift  stm32f4xx_hal_dma.o
    0x08001124   0x08001124   0x00000054   Code   RO         2652    i.DMA_CheckFifoParam  stm32f4xx_hal_dma.o
    0x08001178   0x08001178   0x00000028   Code   RO         2653    i.DMA_SetConfig     stm32f4xx_hal_dma.o
    0x080011a0   0x080011a0   0x00000002   Code   RO          580    i.DebugMon_Handler  stm32f4xx_it.o
    0x080011a2   0x080011a2   0x00000004   Code   RO           13    i.Error_Handler     main.o
    0x080011a6   0x080011a6   0x00000024   Code   RO         1959    i.HAL_CAN_ActivateNotification  stm32f4xx_hal_can.o
    0x080011ca   0x080011ca   0x000000c8   Code   RO         1960    i.HAL_CAN_AddTxMessage  stm32f4xx_hal_can.o
    0x08001292   0x08001292   0x00000002   PAD
    0x08001294   0x08001294   0x0000010c   Code   RO         1961    i.HAL_CAN_ConfigFilter  stm32f4xx_hal_can.o
    0x080013a0   0x080013a0   0x00000002   Code   RO         1964    i.HAL_CAN_ErrorCallback  stm32f4xx_hal_can.o
    0x080013a2   0x080013a2   0x000000e8   Code   RO         1967    i.HAL_CAN_GetRxMessage  stm32f4xx_hal_can.o
    0x0800148a   0x0800148a   0x000001fc   Code   RO         1971    i.HAL_CAN_IRQHandler  stm32f4xx_hal_can.o
    0x08001686   0x08001686   0x0000011a   Code   RO         1972    i.HAL_CAN_Init      stm32f4xx_hal_can.o
    0x080017a0   0x080017a0   0x0000011c   Code   RO          441    i.HAL_CAN_MspInit   can.o
    0x080018bc   0x080018bc   0x00000002   Code   RO         1979    i.HAL_CAN_RxFifo0FullCallback  stm32f4xx_hal_can.o
    0x080018be   0x080018be   0x00000002   Code   RO         1980    i.HAL_CAN_RxFifo0MsgPendingCallback  stm32f4xx_hal_can.o
    0x080018c0   0x080018c0   0x00000002   Code   RO         1981    i.HAL_CAN_RxFifo1FullCallback  stm32f4xx_hal_can.o
    0x080018c2   0x080018c2   0x00000002   Code   RO         1982    i.HAL_CAN_RxFifo1MsgPendingCallback  stm32f4xx_hal_can.o
    0x080018c4   0x080018c4   0x00000002   Code   RO         1983    i.HAL_CAN_SleepCallback  stm32f4xx_hal_can.o
    0x080018c6   0x080018c6   0x00000002   PAD
    0x080018c8   0x080018c8   0x00000058   Code   RO         1984    i.HAL_CAN_Start     stm32f4xx_hal_can.o
    0x08001920   0x08001920   0x00000002   Code   RO         1986    i.HAL_CAN_TxMailbox0AbortCallback  stm32f4xx_hal_can.o
    0x08001922   0x08001922   0x00000002   Code   RO         1987    i.HAL_CAN_TxMailbox0CompleteCallback  stm32f4xx_hal_can.o
    0x08001924   0x08001924   0x00000002   Code   RO         1988    i.HAL_CAN_TxMailbox1AbortCallback  stm32f4xx_hal_can.o
    0x08001926   0x08001926   0x00000002   Code   RO         1989    i.HAL_CAN_TxMailbox1CompleteCallback  stm32f4xx_hal_can.o
    0x08001928   0x08001928   0x00000002   Code   RO         1990    i.HAL_CAN_TxMailbox2AbortCallback  stm32f4xx_hal_can.o
    0x0800192a   0x0800192a   0x00000002   Code   RO         1991    i.HAL_CAN_TxMailbox2CompleteCallback  stm32f4xx_hal_can.o
    0x0800192c   0x0800192c   0x00000002   Code   RO         1993    i.HAL_CAN_WakeUpFromRxMsgCallback  stm32f4xx_hal_can.o
    0x0800192e   0x0800192e   0x00000092   Code   RO         2654    i.HAL_DMA_Abort     stm32f4xx_hal_dma.o
    0x080019c0   0x080019c0   0x00000024   Code   RO         2655    i.HAL_DMA_Abort_IT  stm32f4xx_hal_dma.o
    0x080019e4   0x080019e4   0x000001a0   Code   RO         2659    i.HAL_DMA_IRQHandler  stm32f4xx_hal_dma.o
    0x08001b84   0x08001b84   0x000000d4   Code   RO         2660    i.HAL_DMA_Init      stm32f4xx_hal_dma.o
    0x08001c58   0x08001c58   0x0000006e   Code   RO         2664    i.HAL_DMA_Start_IT  stm32f4xx_hal_dma.o
    0x08001cc6   0x08001cc6   0x00000002   PAD
    0x08001cc8   0x08001cc8   0x000001f0   Code   RO         2547    i.HAL_GPIO_Init     stm32f4xx_hal_gpio.o
    0x08001eb8   0x08001eb8   0x00000010   Code   RO         2550    i.HAL_GPIO_TogglePin  stm32f4xx_hal_gpio.o
    0x08001ec8   0x08001ec8   0x0000000a   Code   RO         2551    i.HAL_GPIO_WritePin  stm32f4xx_hal_gpio.o
    0x08001ed2   0x08001ed2   0x00000002   PAD
    0x08001ed4   0x08001ed4   0x0000000c   Code   RO         3079    i.HAL_GetTick       stm32f4xx_hal.o
    0x08001ee0   0x08001ee0   0x00000010   Code   RO         3085    i.HAL_IncTick       stm32f4xx_hal.o
    0x08001ef0   0x08001ef0   0x00000034   Code   RO         3086    i.HAL_Init          stm32f4xx_hal.o
    0x08001f24   0x08001f24   0x00000074   Code   RO          724    i.HAL_InitTick      stm32f4xx_hal_timebase_tim.o
    0x08001f98   0x08001f98   0x00000038   Code   RO          700    i.HAL_MspInit       stm32f4xx_hal_msp.o
    0x08001fd0   0x08001fd0   0x0000001a   Code   RO         2936    i.HAL_NVIC_EnableIRQ  stm32f4xx_hal_cortex.o
    0x08001fea   0x08001fea   0x00000002   PAD
    0x08001fec   0x08001fec   0x00000040   Code   RO         2942    i.HAL_NVIC_SetPriority  stm32f4xx_hal_cortex.o
    0x0800202c   0x0800202c   0x00000024   Code   RO         2943    i.HAL_NVIC_SetPriorityGrouping  stm32f4xx_hal_cortex.o
    0x08002050   0x08002050   0x00000134   Code   RO         2193    i.HAL_RCC_ClockConfig  stm32f4xx_hal_rcc.o
    0x08002184   0x08002184   0x00000040   Code   RO         2197    i.HAL_RCC_GetClockConfig  stm32f4xx_hal_rcc.o
    0x080021c4   0x080021c4   0x00000020   Code   RO         2200    i.HAL_RCC_GetPCLK1Freq  stm32f4xx_hal_rcc.o
    0x080021e4   0x080021e4   0x00000020   Code   RO         2201    i.HAL_RCC_GetPCLK2Freq  stm32f4xx_hal_rcc.o
    0x08002204   0x08002204   0x00000064   Code   RO         2202    i.HAL_RCC_GetSysClockFreq  stm32f4xx_hal_rcc.o
    0x08002268   0x08002268   0x0000036c   Code   RO         2205    i.HAL_RCC_OscConfig  stm32f4xx_hal_rcc.o
    0x080025d4   0x080025d4   0x00000002   Code   RO         4030    i.HAL_TIMEx_BreakCallback  stm32f4xx_hal_tim_ex.o
    0x080025d6   0x080025d6   0x00000002   Code   RO         4031    i.HAL_TIMEx_CommutCallback  stm32f4xx_hal_tim_ex.o
    0x080025d8   0x080025d8   0x0000005a   Code   RO         3326    i.HAL_TIM_Base_Init  stm32f4xx_hal_tim.o
    0x08002632   0x08002632   0x00000002   Code   RO         3328    i.HAL_TIM_Base_MspInit  stm32f4xx_hal_tim.o
    0x08002634   0x08002634   0x00000080   Code   RO         3331    i.HAL_TIM_Base_Start_IT  stm32f4xx_hal_tim.o
    0x080026b4   0x080026b4   0x00000002   Code   RO         3360    i.HAL_TIM_IC_CaptureCallback  stm32f4xx_hal_tim.o
    0x080026b6   0x080026b6   0x00000166   Code   RO         3374    i.HAL_TIM_IRQHandler  stm32f4xx_hal_tim.o
    0x0800281c   0x0800281c   0x00000002   Code   RO         3377    i.HAL_TIM_OC_DelayElapsedCallback  stm32f4xx_hal_tim.o
    0x0800281e   0x0800281e   0x00000002   Code   RO         3404    i.HAL_TIM_PWM_PulseFinishedCallback  stm32f4xx_hal_tim.o
    0x08002820   0x08002820   0x00000014   Code   RO           14    i.HAL_TIM_PeriodElapsedCallback  main.o
    0x08002834   0x08002834   0x00000002   Code   RO         3417    i.HAL_TIM_TriggerCallback  stm32f4xx_hal_tim.o
    0x08002836   0x08002836   0x00000002   Code   RO         4308    i.HAL_UARTEx_RxEventCallback  stm32f4xx_hal_uart.o
    0x08002838   0x08002838   0x00000002   Code   RO         4322    i.HAL_UART_ErrorCallback  stm32f4xx_hal_uart.o
    0x0800283a   0x0800283a   0x00000002   PAD
    0x0800283c   0x0800283c   0x00000268   Code   RO         4325    i.HAL_UART_IRQHandler  stm32f4xx_hal_uart.o
    0x08002aa4   0x08002aa4   0x00000062   Code   RO         4326    i.HAL_UART_Init     stm32f4xx_hal_uart.o
    0x08002b06   0x08002b06   0x00000002   PAD
    0x08002b08   0x08002b08   0x00000240   Code   RO          517    i.HAL_UART_MspInit  usart.o
    0x08002d48   0x08002d48   0x0000002a   Code   RO         4330    i.HAL_UART_Receive_DMA  stm32f4xx_hal_uart.o
    0x08002d72   0x08002d72   0x00000002   Code   RO         4332    i.HAL_UART_RxCpltCallback  stm32f4xx_hal_uart.o
    0x08002d74   0x08002d74   0x00000002   Code   RO         4333    i.HAL_UART_RxHalfCpltCallback  stm32f4xx_hal_uart.o
    0x08002d76   0x08002d76   0x00000002   PAD
    0x08002d78   0x08002d78   0x000000b2   Code   RO         4334    i.HAL_UART_Transmit  stm32f4xx_hal_uart.o
    0x08002e2a   0x08002e2a   0x00000002   Code   RO         4337    i.HAL_UART_TxCpltCallback  stm32f4xx_hal_uart.o
    0x08002e2c   0x08002e2c   0x00000002   Code   RO          581    i.HardFault_Handler  stm32f4xx_it.o
    0x08002e2e   0x08002e2e   0x00000002   PAD
    0x08002e30   0x08002e30   0x00000048   Code   RO          442    i.MX_CAN1_Init      can.o
    0x08002e78   0x08002e78   0x00000048   Code   RO          443    i.MX_CAN2_Init      can.o
    0x08002ec0   0x08002ec0   0x0000007c   Code   RO          489    i.MX_DMA_Init       dma.o
    0x08002f3c   0x08002f3c   0x00000068   Code   RO          345    i.MX_FREERTOS_Init  freertos.o
    0x08002fa4   0x08002fa4   0x000000ac   Code   RO          225    i.MX_GPIO_Init      gpio.o
    0x08003050   0x08003050   0x00000038   Code   RO          518    i.MX_USART1_UART_Init  usart.o
    0x08003088   0x08003088   0x00000040   Code   RO          519    i.MX_USART3_UART_Init  usart.o
    0x080030c8   0x080030c8   0x00000038   Code   RO          520    i.MX_USART6_UART_Init  usart.o
    0x08003100   0x08003100   0x00000002   Code   RO          582    i.MemManage_Handler  stm32f4xx_it.o
    0x08003102   0x08003102   0x00000002   PAD
    0x08003104   0x08003104   0x00000030   Code   RO         1461    i.Motor_ecd_to_angle_Change  sewrve_task.o
    0x08003134   0x08003134   0x00000002   Code   RO          583    i.NMI_Handler       stm32f4xx_it.o
    0x08003136   0x08003136   0x00000002   PAD
    0x08003138   0x08003138   0x00000100   Code   RO         1201    i.PID_Calculate     pid.o
    0x08003238   0x08003238   0x0000002c   Code   RO         1202    i.PID_Init          pid.o
    0x08003264   0x08003264   0x0000000a   Code   RO         1289    i.RC_abs            remote.o
    0x0800326e   0x0800326e   0x00000002   PAD
    0x08003270   0x08003270   0x0000006c   Code   RO         1290    i.RC_data_is_error  remote.o
    0x080032dc   0x080032dc   0x00000082   Code   RO         1291    i.SBUS_TO_RC        remote.o
    0x0800335e   0x0800335e   0x00000002   PAD
    0x08003360   0x08003360   0x00000020   Code   RO          346    i.StartDefaultTask  freertos.o
    0x08003380   0x08003380   0x00000128   Code   RO         1462    i.Swerve_EcdPID_Calculate  sewrve_task.o
    0x080034a8   0x080034a8   0x0000007c   Code   RO         1463    i.Swerve_Feedback_Update  sewrve_task.o
    0x08003524   0x08003524   0x000001f0   Code   RO         1464    i.Swerve_Init       sewrve_task.o
    0x08003714   0x08003714   0x000000c0   Code   RO         1465    i.Swerve_PID        sewrve_task.o
    0x080037d4   0x080037d4   0x00000542   Code   RO         1466    i.Swerve_Set_Control  sewrve_task.o
    0x08003d16   0x08003d16   0x00000002   PAD
    0x08003d18   0x08003d18   0x0000002c   Code   RO         6117    i.SysTick_Handler   port.o
    0x08003d44   0x08003d44   0x00000094   Code   RO           15    i.SystemClock_Config  main.o
    0x08003dd8   0x08003dd8   0x0000001c   Code   RO         4655    i.SystemInit        system_stm32f4xx.o
    0x08003df4   0x08003df4   0x0000000c   Code   RO          584    i.TIM8_TRG_COM_TIM14_IRQHandler  stm32f4xx_it.o
    0x08003e00   0x08003e00   0x000000c8   Code   RO         3419    i.TIM_Base_SetConfig  stm32f4xx_hal_tim.o
    0x08003ec8   0x08003ec8   0x00000010   Code   RO         4339    i.UART_DMAAbortOnError  stm32f4xx_hal_uart.o
    0x08003ed8   0x08003ed8   0x0000004a   Code   RO         4340    i.UART_DMAError     stm32f4xx_hal_uart.o
    0x08003f22   0x08003f22   0x00000082   Code   RO         4341    i.UART_DMAReceiveCplt  stm32f4xx_hal_uart.o
    0x08003fa4   0x08003fa4   0x0000001a   Code   RO         4343    i.UART_DMARxHalfCplt  stm32f4xx_hal_uart.o
    0x08003fbe   0x08003fbe   0x0000004e   Code   RO         4349    i.UART_EndRxTransfer  stm32f4xx_hal_uart.o
    0x0800400c   0x0800400c   0x0000001c   Code   RO         4350    i.UART_EndTxTransfer  stm32f4xx_hal_uart.o
    0x08004028   0x08004028   0x000000c0   Code   RO         4351    i.UART_Receive_IT   stm32f4xx_hal_uart.o
    0x080040e8   0x080040e8   0x0000010c   Code   RO         4352    i.UART_SetConfig    stm32f4xx_hal_uart.o
    0x080041f4   0x080041f4   0x00000094   Code   RO         4353    i.UART_Start_Receive_DMA  stm32f4xx_hal_uart.o
    0x08004288   0x08004288   0x00000078   Code   RO         4355    i.UART_WaitOnFlagUntilTimeout  stm32f4xx_hal_uart.o
    0x08004300   0x08004300   0x0000000c   Code   RO          585    i.USART6_IRQHandler  stm32f4xx_it.o
    0x0800430c   0x0800430c   0x00000002   Code   RO          586    i.UsageFault_Handler  stm32f4xx_it.o
    0x0800430e   0x0800430e   0x00000030   Code   RO         6641    i.__ARM_fpclassify  m_wm.l(fpclassify.o)
    0x0800433e   0x0800433e   0x00000026   Code   RO         6643    i.__ARM_fpclassifyf  m_wm.l(fpclassifyf.o)
    0x08004364   0x08004364   0x00000020   Code   RO         2949    i.__NVIC_SetPriority  stm32f4xx_hal_cortex.o
    0x08004384   0x08004384   0x0000000a   Code   RO         1467    i.__abs             sewrve_task.o
    0x0800438e   0x0800438e   0x00000002   PAD
    0x08004390   0x08004390   0x000002d8   Code   RO         6607    i.__hardfp_atan     m_wm.l(atan.o)
    0x08004668   0x08004668   0x000001f0   Code   RO         6496    i.__hardfp_atan2    m_wm.l(atan2.o)
    0x08004858   0x08004858   0x00000250   Code   RO         6508    i.__hardfp_atan2f   m_wm.l(atan2f.o)
    0x08004aa8   0x08004aa8   0x00000c50   Code   RO         6520    i.__hardfp_pow      m_wm.l(pow.o)
    0x080056f8   0x080056f8   0x0000007a   Code   RO         6534    i.__hardfp_sqrt     m_wm.l(sqrt_full.o)
    0x08005772   0x08005772   0x000000f8   Code   RO         6659    i.__kernel_poly     m_wm.l(poly.o)
    0x0800586a   0x0800586a   0x00000006   PAD
    0x08005870   0x08005870   0x00000030   Code   RO         6621    i.__mathlib_dbl_divzero  m_wm.l(dunder.o)
    0x080058a0   0x080058a0   0x00000014   Code   RO         6622    i.__mathlib_dbl_infnan  m_wm.l(dunder.o)
    0x080058b4   0x080058b4   0x00000014   Code   RO         6623    i.__mathlib_dbl_infnan2  m_wm.l(dunder.o)
    0x080058c8   0x080058c8   0x00000020   Code   RO         6624    i.__mathlib_dbl_invalid  m_wm.l(dunder.o)
    0x080058e8   0x080058e8   0x00000020   Code   RO         6625    i.__mathlib_dbl_overflow  m_wm.l(dunder.o)
    0x08005908   0x08005908   0x00000020   Code   RO         6627    i.__mathlib_dbl_underflow  m_wm.l(dunder.o)
    0x08005928   0x08005928   0x00000006   Code   RO         6647    i.__mathlib_flt_infnan2  m_wm.l(funder.o)
    0x0800592e   0x0800592e   0x00000002   PAD
    0x08005930   0x08005930   0x00000010   Code   RO         6651    i.__mathlib_flt_underflow  m_wm.l(funder.o)
    0x08005940   0x08005940   0x0000000e   Code   RO         6708    i.__scatterload_copy  mc_w.l(handlers.o)
    0x0800594e   0x0800594e   0x00000002   Code   RO         6709    i.__scatterload_null  mc_w.l(handlers.o)
    0x08005950   0x08005950   0x0000000e   Code   RO         6710    i.__scatterload_zeroinit  mc_w.l(handlers.o)
    0x0800595e   0x0800595e   0x00000002   PAD
    0x08005960   0x08005960   0x0000000c   Code   RO         6686    i.__set_errno       mc_w.l(errno.o)
    0x0800596c   0x0800596c   0x00000010   Code   RO         6609    i.atan              m_wm.l(atan.o)
    0x0800597c   0x0800597c   0x0000010c   Code   RO         1339    i.chassis_task      chassis_task.o
    0x08005a88   0x08005a88   0x00000028   Code   RO          763    i.delay_init        bsp_delay.o
    0x08005ab0   0x08005ab0   0x00000018   Code   RO         6637    i.fabs              m_wm.l(fabs.o)
    0x08005ac8   0x08005ac8   0x00000008   Code   RO          937    i.get_Chassis_Buffer_Point  can_receive.o
    0x08005ad0   0x08005ad0   0x00000014   Code   RO          938    i.get_Chassis_Motor_Measure_Point  can_receive.o
    0x08005ae4   0x08005ae4   0x00000008   Code   RO          939    i.get_Chassis_PowerMax_Point  can_receive.o
    0x08005aec   0x08005aec   0x00000008   Code   RO          942    i.get_SuperCap_Measure_Point  can_receive.o
    0x08005af4   0x08005af4   0x00000008   Code   RO          943    i.get_Swerve_Direction_Point  can_receive.o
    0x08005afc   0x08005afc   0x00000014   Code   RO          944    i.get_Swerve_Gimbal_Motor_Measure_Point  can_receive.o
    0x08005b10   0x08005b10   0x00000008   Code   RO          945    i.get_Yaw_Gimbal_Motor_Measure_Point  can_receive.o
    0x08005b18   0x08005b18   0x00000008   Code   RO         1340    i.get_motor_control_point  chassis_task.o
    0x08005b20   0x08005b20   0x0000001c   Code   RO          946    i.get_motor_measure  can_receive.o
    0x08005b3c   0x08005b3c   0x00000008   Code   RO         1292    i.get_remote_control_point  remote.o
    0x08005b44   0x08005b44   0x00000024   Code   RO          948    i.get_swerve_measure  can_receive.o
    0x08005b68   0x08005b68   0x00000008   Code   RO         1468    i.get_swerve_motor_point  sewrve_task.o
    0x08005b70   0x08005b70   0x0000004c   Code   RO           16    i.main              main.o
    0x08005bbc   0x08005bbc   0x0000000c   Code   RO         5682    i.makeFreeRtosPriority  cmsis_os.o
    0x08005bc8   0x08005bc8   0x0000000e   Code   RO         5684    i.osDelay           cmsis_os.o
    0x08005bd6   0x08005bd6   0x0000000e   Code   RO         5685    i.osDelayUntil      cmsis_os.o
    0x08005be4   0x08005be4   0x0000000a   Code   RO         5687    i.osKernelStart     cmsis_os.o
    0x08005bee   0x08005bee   0x00000054   Code   RO         5721    i.osThreadCreate    cmsis_os.o
    0x08005c42   0x08005c42   0x00000002   PAD
    0x08005c44   0x08005c44   0x00000078   Code   RO         5176    i.prvAddCurrentTaskToDelayedList  tasks.o
    0x08005cbc   0x08005cbc   0x000000d0   Code   RO         5177    i.prvAddNewTaskToReadyList  tasks.o
    0x08005d8c   0x08005d8c   0x00000058   Code   RO         5524    i.prvCheckForValidListAndQueue  timers.o
    0x08005de4   0x08005de4   0x00000026   Code   RO         4833    i.prvCopyDataFromQueue  queue.o
    0x08005e0a   0x08005e0a   0x0000006c   Code   RO         4834    i.prvCopyDataToQueue  queue.o
    0x08005e76   0x08005e76   0x00000034   Code   RO         5178    i.prvDeleteTCB      tasks.o
    0x08005eaa   0x08005eaa   0x00000002   PAD
    0x08005eac   0x08005eac   0x0000004c   Code   RO         6061    i.prvHeapInit       heap_4.o
    0x08005ef8   0x08005ef8   0x00000060   Code   RO         5179    i.prvIdleTask       tasks.o
    0x08005f58   0x08005f58   0x00000016   Code   RO         4836    i.prvInitialiseNewQueue  queue.o
    0x08005f6e   0x08005f6e   0x00000002   PAD
    0x08005f70   0x08005f70   0x000000b4   Code   RO         5180    i.prvInitialiseNewTask  tasks.o
    0x08006024   0x08006024   0x0000004c   Code   RO         6062    i.prvInsertBlockIntoFreeList  heap_4.o
    0x08006070   0x08006070   0x00000038   Code   RO         5526    i.prvInsertTimerInActiveList  timers.o
    0x080060a8   0x080060a8   0x0000001c   Code   RO         4837    i.prvIsQueueEmpty   queue.o
    0x080060c4   0x080060c4   0x000000fc   Code   RO         5527    i.prvProcessReceivedCommands  timers.o
    0x080061c0   0x080061c0   0x000000c0   Code   RO         5528    i.prvProcessTimerOrBlockTask  timers.o
    0x08006280   0x08006280   0x00000020   Code   RO         5181    i.prvResetNextTaskUnblockTime  tasks.o
    0x080062a0   0x080062a0   0x00000028   Code   RO         5529    i.prvSampleTimeNow  timers.o
    0x080062c8   0x080062c8   0x0000006c   Code   RO         5530    i.prvSwitchTimerLists  timers.o
    0x08006334   0x08006334   0x00000028   Code   RO         6118    i.prvTaskExitError  port.o
    0x0800635c   0x0800635c   0x00000024   Code   RO         5531    i.prvTimerTask      timers.o
    0x08006380   0x08006380   0x0000006a   Code   RO         4838    i.prvUnlockQueue    queue.o
    0x080063ea   0x080063ea   0x00000002   PAD
    0x080063ec   0x080063ec   0x000000dc   Code   RO         6063    i.pvPortMalloc      heap_4.o
    0x080064c8   0x080064c8   0x0000002c   Code   RO         6119    i.pxPortInitialiseStack  port.o
    0x080064f4   0x080064f4   0x00000048   Code   RO         1550    i.sendware          usart_debug.o
    0x0800653c   0x0800653c   0x0000006e   Code   RO         6536    i.sqrt              m_wm.l(sqrt_full.o)
    0x080065aa   0x080065aa   0x00000002   PAD
    0x080065ac   0x080065ac   0x00000088   Code   RO         1469    i.swerve_task       sewrve_task.o
    0x08006634   0x08006634   0x00000026   Code   RO         4793    i.uxListRemove      list.o
    0x0800665a   0x0800665a   0x00000002   PAD
    0x0800665c   0x0800665c   0x00000014   Code   RO          347    i.vApplicationGetIdleTaskMemory  freertos.o
    0x08006670   0x08006670   0x00000018   Code   RO          348    i.vApplicationGetTimerTaskMemory  freertos.o
    0x08006688   0x08006688   0x00000016   Code   RO         4794    i.vListInitialise   list.o
    0x0800669e   0x0800669e   0x00000006   Code   RO         4795    i.vListInitialiseItem  list.o
    0x080066a4   0x080066a4   0x00000030   Code   RO         4796    i.vListInsert       list.o
    0x080066d4   0x080066d4   0x00000018   Code   RO         4797    i.vListInsertEnd    list.o
    0x080066ec   0x080066ec   0x00000040   Code   RO         6121    i.vPortEnterCritical  port.o
    0x0800672c   0x0800672c   0x00000028   Code   RO         6122    i.vPortExitCritical  port.o
    0x08006754   0x08006754   0x00000064   Code   RO         6064    i.vPortFree         heap_4.o
    0x080067b8   0x080067b8   0x00000024   Code   RO         6123    i.vPortSetupTimerInterrupt  port.o
    0x080067dc   0x080067dc   0x00000054   Code   RO         6124    i.vPortValidateInterruptPriority  port.o
    0x08006830   0x08006830   0x00000028   Code   RO         4842    i.vQueueAddToRegistry  queue.o
    0x08006858   0x08006858   0x00000044   Code   RO         4845    i.vQueueWaitForMessageRestricted  queue.o
    0x0800689c   0x0800689c   0x0000004c   Code   RO         5192    i.vTaskDelay        tasks.o
    0x080068e8   0x080068e8   0x0000008c   Code   RO         5193    i.vTaskDelayUntil   tasks.o
    0x08006974   0x08006974   0x00000010   Code   RO         5196    i.vTaskInternalSetTimeOutState  tasks.o
    0x08006984   0x08006984   0x0000000c   Code   RO         5197    i.vTaskMissedYield  tasks.o
    0x08006990   0x08006990   0x00000030   Code   RO         5199    i.vTaskPlaceOnEventList  tasks.o
    0x080069c0   0x080069c0   0x00000038   Code   RO         5200    i.vTaskPlaceOnEventListRestricted  tasks.o
    0x080069f8   0x080069f8   0x00000088   Code   RO         5207    i.vTaskStartScheduler  tasks.o
    0x08006a80   0x08006a80   0x00000010   Code   RO         5209    i.vTaskSuspendAll   tasks.o
    0x08006a90   0x08006a90   0x0000005c   Code   RO         5210    i.vTaskSwitchContext  tasks.o
    0x08006aec   0x08006aec   0x000000f4   Code   RO         6125    i.xPortStartScheduler  port.o
    0x08006be0   0x08006be0   0x00000066   Code   RO         4849    i.xQueueGenericCreateStatic  queue.o
    0x08006c46   0x08006c46   0x00000002   PAD
    0x08006c48   0x08006c48   0x00000088   Code   RO         4850    i.xQueueGenericReset  queue.o
    0x08006cd0   0x08006cd0   0x00000160   Code   RO         4851    i.xQueueGenericSend  queue.o
    0x08006e30   0x08006e30   0x000000be   Code   RO         4852    i.xQueueGenericSendFromISR  queue.o
    0x08006eee   0x08006eee   0x00000002   PAD
    0x08006ef0   0x08006ef0   0x00000138   Code   RO         4860    i.xQueueReceive     queue.o
    0x08007028   0x08007028   0x00000088   Code   RO         5213    i.xTaskCheckForTimeOut  tasks.o
    0x080070b0   0x080070b0   0x0000005a   Code   RO         5214    i.xTaskCreate       tasks.o
    0x0800710a   0x0800710a   0x00000056   Code   RO         5215    i.xTaskCreateStatic  tasks.o
    0x08007160   0x08007160   0x0000001c   Code   RO         5220    i.xTaskGetSchedulerState  tasks.o
    0x0800717c   0x0800717c   0x0000000c   Code   RO         5221    i.xTaskGetTickCount  tasks.o
    0x08007188   0x08007188   0x000000cc   Code   RO         5223    i.xTaskIncrementTick  tasks.o
    0x08007254   0x08007254   0x00000098   Code   RO         5226    i.xTaskPriorityDisinherit  tasks.o
    0x080072ec   0x080072ec   0x00000074   Code   RO         5228    i.xTaskRemoveFromEventList  tasks.o
    0x08007360   0x08007360   0x000000c4   Code   RO         5229    i.xTaskResumeAll    tasks.o
    0x08007424   0x08007424   0x00000060   Code   RO         5538    i.xTimerCreateTimerTask  timers.o
    0x08007484   0x08007484   0x00000068   Code   RO         5539    i.xTimerGenericCommand  timers.o
    0x080074ec   0x080074ec   0x00000070   Data   RO          350    .constdata          freertos.o
    0x0800755c   0x0800755c   0x00000008   Data   RO         2666    .constdata          stm32f4xx_hal_dma.o
    0x08007564   0x08007564   0x00000010   Data   RO         4656    .constdata          system_stm32f4xx.o
    0x08007574   0x08007574   0x00000008   Data   RO         4657    .constdata          system_stm32f4xx.o
    0x0800757c   0x0800757c   0x00000804   Data   RO         6473    .constdata          arm_cortexM4lf_math.lib(arm_common_tables.o)
    0x08007d80   0x08007d80   0x00000088   Data   RO         6523    .constdata          m_wm.l(pow.o)
    0x08007e08   0x08007e08   0x00000098   Data   RO         6610    .constdata          m_wm.l(atan.o)
    0x08007ea0   0x08007ea0   0x00000008   Data   RO         6661    .constdata          m_wm.l(qnan.o)
    0x08007ea8   0x08007ea8   0x00000032   Data   RO          351    .conststring        freertos.o
    0x08007eda   0x08007eda   0x00000002   PAD
    0x08007edc   0x08007edc   0x00000020   Data   RO         6706    Region$$Table       anon$$obj.o


    Execution Region RW_IRAM2 (Exec base: 0x10000000, Load base: 0x08007ff4, Size: 0x00000000, Max: 0x00010000, ABSOLUTE)

    **** No section assigned to this execution region ****


    Execution Region RW_IRAM1 (Exec base: 0x20000000, Load base: 0x08007efc, Size: 0x000070d0, Max: 0x00020000, ABSOLUTE)

    Exec Addr    Load Addr    Size         Type   Attr      Idx    E Section Name        Object

    0x20000000   0x08007efc   0x00000010   Data   RW          352    .data               freertos.o
    0x20000010   0x08007f0c   0x00000004   Data   RW          445    .data               can.o
    0x20000014   0x08007f10   0x00000008   Data   RW          587    .data               stm32f4xx_it.o
    0x2000001c   0x08007f18   0x00000008   Data   RW          766    .data               bsp_delay.o
    0x20000024   0x08007f20   0x0000002a   Data   RW          951    .data               can_receive.o
    0x2000004e   0x08007f4a   0x00000002   PAD
    0x20000050   0x08007f4c   0x00000004   Data   RW         1342    .data               chassis_task.o
    0x20000054   0x08007f50   0x00000014   Data   RW         1473    .data               sewrve_task.o
    0x20000068   0x08007f64   0x0000000c   Data   RW         3093    .data               stm32f4xx_hal.o
    0x20000074   0x08007f70   0x00000004   Data   RW         4658    .data               system_stm32f4xx.o
    0x20000078   0x08007f74   0x0000003c   Data   RW         5232    .data               tasks.o
    0x200000b4   0x08007fb0   0x00000014   Data   RW         5547    .data               timers.o
    0x200000c8   0x08007fc4   0x00000020   Data   RW         6070    .data               heap_4.o
    0x200000e8   0x08007fe4   0x0000000c   Data   RW         6126    .data               port.o
    0x200000f4   0x08007ff0   0x00000004   Data   RW         6687    .data               mc_w.l(errno.o)
    0x200000f8        -       0x000006a8   Zero   RW          349    .bss                freertos.o
    0x200007a0        -       0x00000050   Zero   RW          444    .bss                can.o
    0x200007f0        -       0x000002ac   Zero   RW          521    .bss                usart.o
    0x20000a9c        -       0x00000048   Zero   RW          727    .bss                stm32f4xx_hal_timebase_tim.o
    0x20000ae4   0x08007ff4   0x00000004   PAD
    0x20000ae8        -       0x000000a0   Zero   RW          949    .bss                can_receive.o
    0x20000b88        -       0x0000001c   Zero   RW          950    .bss                can_receive.o
    0x20000ba4        -       0x00000016   Zero   RW         1293    .bss                remote.o
    0x20000bba        -       0x00000012   Zero   RW         1294    .bss                remote.o
    0x20000bcc        -       0x000002ec   Zero   RW         1341    .bss                chassis_task.o
    0x20000eb8        -       0x000003d8   Zero   RW         1470    .bss                sewrve_task.o
    0x20001290        -       0x00000040   Zero   RW         4863    .bss                queue.o
    0x200012d0        -       0x000000f0   Zero   RW         5231    .bss                tasks.o
    0x200013c0        -       0x00000110   Zero   RW         5546    .bss                timers.o
    0x200014d0        -       0x00003c00   Zero   RW         6069    .bss                heap_4.o
    0x200050d0        -       0x00002000   Zero   RW            1    STACK               startup_stm32f407xx.o


==============================================================================

Image component sizes


      Code (inc. data)   RO Data    RW Data    ZI Data      Debug   Object Name

        40         14          0          8          0       1337   bsp_delay.o
       428         46          0          4         80       2710   can.o
       568         86          0         42        188     584532   can_receive.o
       696         72          0          4        748      13168   chassis_task.o
       134          0          0          0          0      24268   cmsis_os.o
       124          4          0          0          0        926   dma.o
         0          0          0          0          0      19888   event_groups.o
       180         24        162         16       1704      35604   freertos.o
       172         10          0          0          0     697663   gpio.o
       472         24          0         32      15360       5115   heap_4.o
       138          0          0          0          0       3798   list.o
       248         22          0          0          0     690256   main.o
       300         10          0          0          0       3675   pid.o
       786         82          0         12          0      12349   port.o
      1502         20          0          0         64      17928   queue.o
       256         10          0          0         40       6101   remote.o
      3016        180          0         20        984      12368   sewrve_task.o
        36          8        392          0       8192        872   startup_stm32f407xx.o
        80         14          0         12          0       8330   stm32f4xx_hal.o
      1640          6          0          0          0      15711   stm32f4xx_hal_can.o
       158         14          0          0          0      33366   stm32f4xx_hal_cortex.o
      1084         16          8          0          0       7726   stm32f4xx_hal_dma.o
       522         46          0          0          0       3005   stm32f4xx_hal_gpio.o
        56          4          0          0          0        950   stm32f4xx_hal_msp.o
      1412         86          0          0          0       6193   stm32f4xx_hal_rcc.o
       786         72          0          0          0       7776   stm32f4xx_hal_tim.o
         4          0          0          0          0       1729   stm32f4xx_hal_tim_ex.o
       116         16          0          0         72       1548   stm32f4xx_hal_timebase_tim.o
      2024         30          0          0          0      16070   stm32f4xx_hal_uart.o
       232         84          0          8          0      10338   stm32f4xx_it.o
         0          0          0          0          0        392   stream_buffer.o
        28          6         24          4          0       1283   system_stm32f4xx.o
      2300        168          0         60        240      29134   tasks.o
       972         80          0         20        272      30515   timers.o
       752         80          0          0        684       3887   usart.o
       236         20          0          0          0       3418   usart_debug.o

    ----------------------------------------------------------------------
     21546       1354        620        244      28632    2313929   Object Totals
         0          0         32          0          0          0   (incl. Generated)
        48          0          2          2          4          0   (incl. Padding)

    ----------------------------------------------------------------------

      Code (inc. data)   RO Data    RW Data    ZI Data      Debug   Library Member Name

         0          0       2052          0          0       4636   arm_common_tables.o
       120         12          0          0          0      16970   arm_cos_f32.o
       116         12          0          0          0        658   arm_sin_f32.o
       744        106        152          0          0        352   atan.o
       496         64          0          0          0        192   atan2.o
       592         90          0          0          0        184   atan2f.o
       184         44          0          0          0        744   dunder.o
        24          0          0          0          0        124   fabs.o
        48          0          0          0          0        124   fpclassify.o
        38          0          0          0          0        116   fpclassifyf.o
        22          6          0          0          0        232   funder.o
       248          0          0          0          0        152   poly.o
      3152        296        136          0          0        352   pow.o
         0          0          8          0          0          0   qnan.o
       232          0          0          0          0        296   sqrt_full.o
         0          0          0          0          0          0   entry.o
         0          0          0          0          0          0   entry10a.o
         0          0          0          0          0          0   entry11a.o
         8          4          0          0          0          0   entry2.o
         4          0          0          0          0          0   entry5.o
         0          0          0          0          0          0   entry7b.o
         0          0          0          0          0          0   entry8b.o
         8          4          0          0          0          0   entry9a.o
        12          6          0          4          0         68   errno.o
        30          0          0          0          0          0   handlers.o
        36          8          0          0          0         68   init.o
         0          0          0          0          0          0   iusefp.o
        30          0          0          0          0         68   llshl.o
        36          0          0          0          0         68   llsshr.o
        32          0          0          0          0         68   llushr.o
        36          0          0          0          0         68   memcpya.o
        36          0          0          0          0        108   memseta.o
        98          0          0          0          0         92   uldiv.o
        48          0          0          0          0         68   cdcmple.o
        48          0          0          0          0         68   cdrcmple.o
        56          0          0          0          0         88   d2f.o
       334          0          0          0          0        148   dadd.o
       222          0          0          0          0        100   ddiv.o
       186          0          0          0          0        176   depilogue.o
        62          0          0          0          0         80   dfixi.o
        34          0          0          0          0         76   dflti.o
        26          0          0          0          0         76   dfltui.o
       228          0          0          0          0         96   dmul.o
        46          0          0          0          0         80   dscalb.o
       162          0          0          0          0        100   dsqrt.o
        38          0          0          0          0         68   f2d.o
       110          0          0          0          0        168   fepilogue.o

    ----------------------------------------------------------------------
      7994        652       2348          4          0      27132   Library Totals
        12          0          0          0          0          0   (incl. Padding)

    ----------------------------------------------------------------------

      Code (inc. data)   RO Data    RW Data    ZI Data      Debug   Library Name

       236         24       2052          0          0      22264   arm_cortexM4lf_math.lib
      5780        606        296          0          0       2868   m_wm.l
       366         22          0          4          0        608   mc_w.l
      1600          0          0          0          0       1392   mf_w.l

    ----------------------------------------------------------------------
      7994        652       2348          4          0      27132   Library Totals

    ----------------------------------------------------------------------

==============================================================================


      Code (inc. data)   RO Data    RW Data    ZI Data      Debug   

     29540       2006       2968        248      28632    2317577   Grand Totals
     29540       2006       2968        248      28632    2317577   ELF Image Totals
     29540       2006       2968        248          0          0   ROM Totals

==============================================================================

    Total RO  Size (Code + RO Data)                32508 (  31.75kB)
    Total RW  Size (RW Data + ZI Data)             28880 (  28.20kB)
    Total ROM Size (Code + RO Data + RW Data)      32756 (  31.99kB)

==============================================================================

